Archive member included to satisfy reference by file (symbol)

/usr/lib/gcc/arm-none-eabi/4.9.3/../../../arm-none-eabi/lib/armv7e-m/fpu/libc_nano.a(lib_a-atexit.o)
                              /usr/lib/gcc/arm-none-eabi/4.9.3/../../../arm-none-eabi/lib/armv7e-m/fpu/crt0.o (atexit)
/usr/lib/gcc/arm-none-eabi/4.9.3/../../../arm-none-eabi/lib/armv7e-m/fpu/libc_nano.a(lib_a-exit.o)
                              /usr/lib/gcc/arm-none-eabi/4.9.3/../../../arm-none-eabi/lib/armv7e-m/fpu/crt0.o (exit)
/usr/lib/gcc/arm-none-eabi/4.9.3/../../../arm-none-eabi/lib/armv7e-m/fpu/libc_nano.a(lib_a-fini.o)
                              /usr/lib/gcc/arm-none-eabi/4.9.3/../../../arm-none-eabi/lib/armv7e-m/fpu/crt0.o (__libc_fini_array)
/usr/lib/gcc/arm-none-eabi/4.9.3/../../../arm-none-eabi/lib/armv7e-m/fpu/libc_nano.a(lib_a-impure.o)
                              /usr/lib/gcc/arm-none-eabi/4.9.3/../../../arm-none-eabi/lib/armv7e-m/fpu/libc_nano.a(lib_a-exit.o) (_global_impure_ptr)
/usr/lib/gcc/arm-none-eabi/4.9.3/../../../arm-none-eabi/lib/armv7e-m/fpu/libc_nano.a(lib_a-init.o)
                              /usr/lib/gcc/arm-none-eabi/4.9.3/../../../arm-none-eabi/lib/armv7e-m/fpu/crt0.o (__libc_init_array)
/usr/lib/gcc/arm-none-eabi/4.9.3/../../../arm-none-eabi/lib/armv7e-m/fpu/libc_nano.a(lib_a-memcpy.o)
                              build/queue.o (memcpy)
/usr/lib/gcc/arm-none-eabi/4.9.3/../../../arm-none-eabi/lib/armv7e-m/fpu/libc_nano.a(lib_a-memset.o)
                              /usr/lib/gcc/arm-none-eabi/4.9.3/../../../arm-none-eabi/lib/armv7e-m/fpu/crt0.o (memset)
/usr/lib/gcc/arm-none-eabi/4.9.3/../../../arm-none-eabi/lib/armv7e-m/fpu/libc_nano.a(lib_a-__atexit.o)
                              /usr/lib/gcc/arm-none-eabi/4.9.3/../../../arm-none-eabi/lib/armv7e-m/fpu/libc_nano.a(lib_a-atexit.o) (__register_exitproc)
/usr/lib/gcc/arm-none-eabi/4.9.3/../../../arm-none-eabi/lib/armv7e-m/fpu/libc_nano.a(lib_a-__call_atexit.o)
                              /usr/lib/gcc/arm-none-eabi/4.9.3/../../../arm-none-eabi/lib/armv7e-m/fpu/libc_nano.a(lib_a-__atexit.o) (__call_exitprocs)
/usr/lib/gcc/arm-none-eabi/4.9.3/../../../arm-none-eabi/lib/armv7e-m/fpu/libnosys.a(_exit.o)
                              /usr/lib/gcc/arm-none-eabi/4.9.3/../../../arm-none-eabi/lib/armv7e-m/fpu/libc_nano.a(lib_a-exit.o) (_exit)
/usr/lib/gcc/arm-none-eabi/4.9.3/armv7e-m/fpu/libgcc.a(_aeabi_uldivmod.o)
                              build/stm32f4xx_hal_rcc.o (__aeabi_uldivmod)
/usr/lib/gcc/arm-none-eabi/4.9.3/armv7e-m/fpu/libgcc.a(bpabi.o)
                              /usr/lib/gcc/arm-none-eabi/4.9.3/armv7e-m/fpu/libgcc.a(_aeabi_uldivmod.o) (__gnu_uldivmod_helper)
/usr/lib/gcc/arm-none-eabi/4.9.3/armv7e-m/fpu/libgcc.a(_dvmd_tls.o)
                              /usr/lib/gcc/arm-none-eabi/4.9.3/armv7e-m/fpu/libgcc.a(_aeabi_uldivmod.o) (__aeabi_ldiv0)
/usr/lib/gcc/arm-none-eabi/4.9.3/armv7e-m/fpu/libgcc.a(_divdi3.o)
                              /usr/lib/gcc/arm-none-eabi/4.9.3/armv7e-m/fpu/libgcc.a(bpabi.o) (__divdi3)
/usr/lib/gcc/arm-none-eabi/4.9.3/armv7e-m/fpu/libgcc.a(_udivdi3.o)
                              /usr/lib/gcc/arm-none-eabi/4.9.3/armv7e-m/fpu/libgcc.a(bpabi.o) (__udivdi3)

Allocating common symbols
Common symbol       size              file

defaultTaskHandle   0x4               build/main.o
hi2c1               0x54              build/main.o
uwTick              0x4               build/stm32f4xx_hal.o
xQueueRegistry      0x40              build/queue.o
pFlash              0x20              build/stm32f4xx_hal_flash.o
htim1               0x3c              build/stm32f4xx_hal_timebase_TIM.o
huart4              0x40              build/main.o
hspi1               0x58              build/main.o
hcan1               0x28              build/main.o

Discarded input sections

 .text          0x0000000000000000        0x0 /usr/lib/gcc/arm-none-eabi/4.9.3/armv7e-m/fpu/crti.o
 .data          0x0000000000000000        0x0 /usr/lib/gcc/arm-none-eabi/4.9.3/armv7e-m/fpu/crti.o
 .bss           0x0000000000000000        0x0 /usr/lib/gcc/arm-none-eabi/4.9.3/armv7e-m/fpu/crti.o
 .data          0x0000000000000000        0x4 /usr/lib/gcc/arm-none-eabi/4.9.3/armv7e-m/fpu/crtbegin.o
 .text          0x0000000000000000       0x68 /usr/lib/gcc/arm-none-eabi/4.9.3/../../../arm-none-eabi/lib/armv7e-m/fpu/crt0.o
 .data          0x0000000000000000        0x0 /usr/lib/gcc/arm-none-eabi/4.9.3/../../../arm-none-eabi/lib/armv7e-m/fpu/crt0.o
 .bss           0x0000000000000000        0x0 /usr/lib/gcc/arm-none-eabi/4.9.3/../../../arm-none-eabi/lib/armv7e-m/fpu/crt0.o
 .ARM.extab     0x0000000000000000        0x0 /usr/lib/gcc/arm-none-eabi/4.9.3/../../../arm-none-eabi/lib/armv7e-m/fpu/crt0.o
 .ARM.exidx     0x0000000000000000        0x8 /usr/lib/gcc/arm-none-eabi/4.9.3/../../../arm-none-eabi/lib/armv7e-m/fpu/crt0.o
 .debug_line    0x0000000000000000       0x7e /usr/lib/gcc/arm-none-eabi/4.9.3/../../../arm-none-eabi/lib/armv7e-m/fpu/crt0.o
[...]
Memory Configuration

Name             Origin             Length             Attributes
RAM              0x0000000020000000 0x0000000000020000 xrw
CCMRAM           0x0000000010000000 0x0000000000010000 rw
FLASH            0x0000000008000000 0x0000000000100000 xr
*default*        0x0000000000000000 0xffffffffffffffff

Linker script and memory map

LOAD /usr/lib/gcc/arm-none-eabi/4.9.3/armv7e-m/fpu/crti.o
LOAD /usr/lib/gcc/arm-none-eabi/4.9.3/armv7e-m/fpu/crtbegin.o
LOAD /usr/lib/gcc/arm-none-eabi/4.9.3/../../../arm-none-eabi/lib/armv7e-m/fpu/crt0.o
LOAD build/main.o
LOAD build/freertos.o
LOAD build/stm32f4xx_it.o
LOAD build/stm32f4xx_hal_msp.o
LOAD build/stm32f4xx_hal_timebase_TIM.o
LOAD build/stm32f4xx_hal_can.o
LOAD build/stm32f4xx_hal_tim.o
LOAD build/stm32f4xx_hal_tim_ex.o
LOAD build/stm32f4xx_hal_rcc.o
LOAD build/stm32f4xx_hal_rcc_ex.o
LOAD build/stm32f4xx_hal_flash.o
LOAD build/stm32f4xx_hal_flash_ex.o
LOAD build/stm32f4xx_hal_flash_ramfunc.o
LOAD build/stm32f4xx_hal_gpio.o
LOAD build/stm32f4xx_hal_dma_ex.o
LOAD build/stm32f4xx_hal_dma.o
LOAD build/stm32f4xx_hal_pwr.o
LOAD build/stm32f4xx_hal_pwr_ex.o
LOAD build/stm32f4xx_hal_cortex.o
LOAD build/stm32f4xx_hal.o
LOAD build/system_stm32f4xx.o
LOAD build/heap_4.o
LOAD build/port.o
LOAD build/timers.o
LOAD build/event_groups.o
LOAD build/tasks.o
LOAD build/queue.o
LOAD build/list.o
LOAD build/croutine.o
LOAD build/cmsis_os.o
LOAD build/stm32f4xx_hal_uart.o
LOAD build/stm32f4xx_hal_spi.o
LOAD build/stm32f4xx_hal_i2c.o
LOAD build/stm32f4xx_hal_i2c_ex.o
LOAD build/startup_stm32f407xx.o
LOAD /usr/lib/gcc/arm-none-eabi/4.9.3/../../../arm-none-eabi/lib/armv7e-m/fpu/libc_nano.a
LOAD /usr/lib/gcc/arm-none-eabi/4.9.3/../../../arm-none-eabi/lib/armv7e-m/fpu/libm.a
LOAD /usr/lib/gcc/arm-none-eabi/4.9.3/../../../arm-none-eabi/lib/armv7e-m/fpu/libnosys.a
START GROUP
LOAD /usr/lib/gcc/arm-none-eabi/4.9.3/armv7e-m/fpu/libgcc.a
LOAD /usr/lib/gcc/arm-none-eabi/4.9.3/../../../arm-none-eabi/lib/armv7e-m/fpu/libc_nano.a
END GROUP
START GROUP
LOAD /usr/lib/gcc/arm-none-eabi/4.9.3/armv7e-m/fpu/libgcc.a
LOAD /usr/lib/gcc/arm-none-eabi/4.9.3/../../../arm-none-eabi/lib/armv7e-m/fpu/libc_nano.a
END GROUP
LOAD /usr/lib/gcc/arm-none-eabi/4.9.3/armv7e-m/fpu/crtend.o
LOAD /usr/lib/gcc/arm-none-eabi/4.9.3/armv7e-m/fpu/crtn.o
                0x0000000020020000                _estack = 0x20020000
                0x0000000000000200                _Min_Heap_Size = 0x200
                0x0000000000000400                _Min_Stack_Size = 0x400

.isr_vector     0x0000000008000000      0x188
                0x0000000008000000                . = ALIGN (0x4)
 *(.isr_vector)
 .isr_vector    0x0000000008000000      0x188 build/startup_stm32f407xx.o
                0x0000000008000000                g_pfnVectors
                0x0000000008000188                . = ALIGN (0x4)

.text           0x0000000008000190     0x2c3c
                0x0000000008000190                . = ALIGN (0x4)
 *(.text)
 .text          0x0000000008000190       0xa4 /usr/lib/gcc/arm-none-eabi/4.9.3/armv7e-m/fpu/crtbegin.o
 .text          0x0000000008000234       0x30 /usr/lib/gcc/arm-none-eabi/4.9.3/armv7e-m/fpu/libgcc.a(_aeabi_uldivmod.o)
                0x0000000008000234                __aeabi_uldivmod
 .text          0x0000000008000264       0x60 /usr/lib/gcc/arm-none-eabi/4.9.3/armv7e-m/fpu/libgcc.a(bpabi.o)
                0x0000000008000264                __gnu_ldivmod_helper
                0x0000000008000294                __gnu_uldivmod_helper
 .text          0x00000000080002c4        0x4 /usr/lib/gcc/arm-none-eabi/4.9.3/armv7e-m/fpu/libgcc.a(_dvmd_tls.o)
                0x00000000080002c4                __aeabi_ldiv0
                0x00000000080002c4                __aeabi_idiv0
 .text          0x00000000080002c8      0x29c /usr/lib/gcc/arm-none-eabi/4.9.3/armv7e-m/fpu/libgcc.a(_divdi3.o)
                0x00000000080002c8                __divdi3
 .text          0x0000000008000564      0x26c /usr/lib/gcc/arm-none-eabi/4.9.3/armv7e-m/fpu/libgcc.a(_udivdi3.o)
                0x0000000008000564                __udivdi3
 *(.text*)
 .text.MX_GPIO_Init
                0x00000000080007d0       0x74 build/main.o
 .text.StartDefaultTask
                0x0000000008000844        0xc build/main.o
                0x0000000008000844                StartDefaultTask
 .text.HAL_TIM_PeriodElapsedCallback
                0x0000000008000850       0x14 build/main.o
                0x0000000008000850                HAL_TIM_PeriodElapsedCallback
 .text._Error_Handler
                0x0000000008000864        0x4 build/main.o
                0x0000000008000864                _Error_Handler
 .text.MX_CAN1_Init
                0x0000000008000868       0x4c build/main.o
 .text.MX_UART4_Init
                0x00000000080008b4       0x3c build/main.o
 .text.MX_SPI1_Init
                0x00000000080008f0       0x48 build/main.o
 .text.MX_I2C1_Init
                0x0000000008000938       0x44 build/main.o
 .text.SystemClock_Config
                0x000000000800097c       0xa8 build/main.o
                0x000000000800097c                SystemClock_Config
 .text.main     0x0000000008000a24       0x48 build/main.o
                0x0000000008000a24                main
 .text.NMI_Handler
                0x0000000008000a6c        0x4 build/stm32f4xx_it.o
                0x0000000008000a6c                NMI_Handler
 .text.HardFault_Handler
                0x0000000008000a70        0x4 build/stm32f4xx_it.o
                0x0000000008000a70                HardFault_Handler
 .text.MemManage_Handler
                0x0000000008000a74        0x4 build/stm32f4xx_it.o
                0x0000000008000a74                MemManage_Handler
 .text.BusFault_Handler
                0x0000000008000a78        0x4 build/stm32f4xx_it.o
                0x0000000008000a78                BusFault_Handler
 .text.UsageFault_Handler
                0x0000000008000a7c        0x4 build/stm32f4xx_it.o
                0x0000000008000a7c                UsageFault_Handler
 .text.DebugMon_Handler
                0x0000000008000a80        0x4 build/stm32f4xx_it.o
                0x0000000008000a80                DebugMon_Handler
 .text.SysTick_Handler
                0x0000000008000a84        0x8 build/stm32f4xx_it.o
                0x0000000008000a84                SysTick_Handler
 .text.TIM1_UP_TIM10_IRQHandler
                0x0000000008000a8c       0x10 build/stm32f4xx_it.o
                0x0000000008000a8c                TIM1_UP_TIM10_IRQHandler
 .text.HAL_MspInit
                0x0000000008000a9c       0x94 build/stm32f4xx_hal_msp.o
                0x0000000008000a9c                HAL_MspInit
 .text.HAL_CAN_MspInit
                0x0000000008000b30       0x54 build/stm32f4xx_hal_msp.o
                0x0000000008000b30                HAL_CAN_MspInit
 .text.HAL_I2C_MspInit
                0x0000000008000b84       0x58 build/stm32f4xx_hal_msp.o
                0x0000000008000b84                HAL_I2C_MspInit
 .text.HAL_SPI_MspInit
                0x0000000008000bdc       0x50 build/stm32f4xx_hal_msp.o
                0x0000000008000bdc                HAL_SPI_MspInit
 .text.HAL_UART_MspInit
                0x0000000008000c2c       0x54 build/stm32f4xx_hal_msp.o
                0x0000000008000c2c                HAL_UART_MspInit
 .text.HAL_InitTick
                0x0000000008000c80       0x78 build/stm32f4xx_hal_timebase_TIM.o
                0x0000000008000c80                HAL_InitTick
 .text.HAL_CAN_Init
                0x0000000008000cf8      0x154 build/stm32f4xx_hal_can.o
                0x0000000008000cf8                HAL_CAN_Init
 .text.HAL_TIM_Base_MspInit
                0x0000000008000e4c        0x4 build/stm32f4xx_hal_tim.o
                0x0000000008000e4c                HAL_TIM_Base_MspInit
 .text.HAL_TIM_Base_Start_IT
                0x0000000008000e50       0x18 build/stm32f4xx_hal_tim.o
                0x0000000008000e50                HAL_TIM_Base_Start_IT
 .text.HAL_TIM_OC_DelayElapsedCallback
                0x0000000008000e68        0x4 build/stm32f4xx_hal_tim.o
                0x0000000008000e68                HAL_TIM_OC_DelayElapsedCallback
 .text.HAL_TIM_IC_CaptureCallback
                0x0000000008000e6c        0x4 build/stm32f4xx_hal_tim.o
                0x0000000008000e6c                HAL_TIM_IC_CaptureCallback
 .text.HAL_TIM_PWM_PulseFinishedCallback
                0x0000000008000e70        0x4 build/stm32f4xx_hal_tim.o
                0x0000000008000e70                HAL_TIM_PWM_PulseFinishedCallback
 .text.HAL_TIM_TriggerCallback
                0x0000000008000e74        0x4 build/stm32f4xx_hal_tim.o
                0x0000000008000e74                HAL_TIM_TriggerCallback
 .text.HAL_TIM_IRQHandler
                0x0000000008000e78      0x174 build/stm32f4xx_hal_tim.o
                0x0000000008000e78                HAL_TIM_IRQHandler
 .text.TIM_Base_SetConfig
                0x0000000008000fec      0x11c build/stm32f4xx_hal_tim.o
                0x0000000008000fec                TIM_Base_SetConfig
 .text.HAL_TIM_Base_Init
                0x0000000008001108       0x38 build/stm32f4xx_hal_tim.o
                0x0000000008001108                HAL_TIM_Base_Init
 .text.HAL_TIMEx_CommutationCallback
                0x0000000008001140        0x4 build/stm32f4xx_hal_tim_ex.o
                0x0000000008001140                HAL_TIMEx_CommutationCallback
 .text.HAL_TIMEx_BreakCallback
                0x0000000008001144        0x4 build/stm32f4xx_hal_tim_ex.o
                0x0000000008001144                HAL_TIMEx_BreakCallback
 .text.HAL_RCC_OscConfig
                0x0000000008001148      0x3c0 build/stm32f4xx_hal_rcc.o
                0x0000000008001148                HAL_RCC_OscConfig
 .text.HAL_RCC_GetSysClockFreq
                0x0000000008001508       0xa0 build/stm32f4xx_hal_rcc.o
                0x0000000008001508                HAL_RCC_GetSysClockFreq
 .text.HAL_RCC_ClockConfig
                0x00000000080015a8      0x160 build/stm32f4xx_hal_rcc.o
                0x00000000080015a8                HAL_RCC_ClockConfig
 .text.HAL_RCC_GetHCLKFreq
                0x0000000008001708        0xc build/stm32f4xx_hal_rcc.o
                0x0000000008001708                HAL_RCC_GetHCLKFreq
 .text.HAL_RCC_GetPCLK1Freq
                0x0000000008001714       0x20 build/stm32f4xx_hal_rcc.o
                0x0000000008001714                HAL_RCC_GetPCLK1Freq
 .text.HAL_RCC_GetPCLK2Freq
                0x0000000008001734       0x20 build/stm32f4xx_hal_rcc.o
                0x0000000008001734                HAL_RCC_GetPCLK2Freq
 .text.HAL_RCC_GetClockConfig
                0x0000000008001754       0x3c build/stm32f4xx_hal_rcc.o
                0x0000000008001754                HAL_RCC_GetClockConfig
 .text.HAL_GPIO_Init
                0x0000000008001790      0x1d0 build/stm32f4xx_hal_gpio.o
                0x0000000008001790                HAL_GPIO_Init
 .text.HAL_GPIO_WritePin
                0x0000000008001960        0xc build/stm32f4xx_hal_gpio.o
                0x0000000008001960                HAL_GPIO_WritePin
 .text.HAL_NVIC_SetPriorityGrouping
                0x000000000800196c       0x24 build/stm32f4xx_hal_cortex.o
                0x000000000800196c                HAL_NVIC_SetPriorityGrouping
 .text.HAL_NVIC_SetPriority
                0x0000000008001990       0x64 build/stm32f4xx_hal_cortex.o
                0x0000000008001990                HAL_NVIC_SetPriority
 .text.HAL_NVIC_EnableIRQ
                0x00000000080019f4       0x18 build/stm32f4xx_hal_cortex.o
                0x00000000080019f4                HAL_NVIC_EnableIRQ
 .text.HAL_SYSTICK_Config
                0x0000000008001a0c       0x2c build/stm32f4xx_hal_cortex.o
                0x0000000008001a0c                HAL_SYSTICK_Config
 .text.HAL_SYSTICK_CLKSourceConfig
                0x0000000008001a38       0x20 build/stm32f4xx_hal_cortex.o
                0x0000000008001a38                HAL_SYSTICK_CLKSourceConfig
 .text.HAL_Init
                0x0000000008001a58       0x34 build/stm32f4xx_hal.o
                0x0000000008001a58                HAL_Init
 .text.HAL_IncTick
                0x0000000008001a8c       0x18 build/stm32f4xx_hal.o
                0x0000000008001a8c                HAL_IncTick
 .text.HAL_GetTick
                0x0000000008001aa4        0xc build/stm32f4xx_hal.o
                0x0000000008001aa4                HAL_GetTick
 .text.SystemInit
                0x0000000008001ab0       0x4c build/system_stm32f4xx.o
                0x0000000008001ab0                SystemInit
 .text.prvHeapInit
                0x0000000008001afc       0x64 build/heap_4.o
 .text.prvInsertBlockIntoFreeList
                0x0000000008001b60       0x58 build/heap_4.o
 .text.pvPortMalloc
                0x0000000008001bb8       0xec build/heap_4.o
                0x0000000008001bb8                pvPortMalloc
 .text.vPortFree
                0x0000000008001ca4       0x78 build/heap_4.o
                0x0000000008001ca4                vPortFree
 .text.prvTaskExitError
                0x0000000008001d1c       0x34 build/port.o
 .text.prvPortStartFirstTask
                0x0000000008001d50       0x20 build/port.o
 .text.vPortEnableVFP
                0x0000000008001d70       0x14 build/port.o
 .text.pxPortInitialiseStack
                0x0000000008001d84       0x2c build/port.o
                0x0000000008001d84                pxPortInitialiseStack
 .text.SVC_Handler
                0x0000000008001db0       0x24 build/port.o
                0x0000000008001db0                SVC_Handler
 .text.vPortEnterCritical
                0x0000000008001dd4       0x44 build/port.o
                0x0000000008001dd4                vPortEnterCritical
 .text.vPortExitCritical
                0x0000000008001e18       0x2c build/port.o
                0x0000000008001e18                vPortExitCritical
 *fill*         0x0000000008001e44        0xc 
 .text.PendSV_Handler
                0x0000000008001e50       0x64 build/port.o
                0x0000000008001e50                PendSV_Handler
 .text.xPortSysTickHandler
                0x0000000008001eb4       0x2c build/port.o
                0x0000000008001eb4                xPortSysTickHandler
 .text.vPortSetupTimerInterrupt
                0x0000000008001ee0       0x2c build/port.o
                0x0000000008001ee0                vPortSetupTimerInterrupt
 .text.xPortStartScheduler
                0x0000000008001f0c       0xec build/port.o
                0x0000000008001f0c                xPortStartScheduler
 .text.prvResetNextTaskUnblockTime
                0x0000000008001ff8       0x34 build/tasks.o
 .text.prvDeleteTCB
                0x000000000800202c       0x14 build/tasks.o
 .text.prvInitialiseNewTask
                0x0000000008002040       0x80 build/tasks.o
 .text.prvInitialiseTaskLists
                0x00000000080020c0       0x68 build/tasks.o
 .text.prvAddNewTaskToReadyList
                0x0000000008002128       0xa8 build/tasks.o
 .text.prvAddCurrentTaskToDelayedList
                0x00000000080021d0       0x94 build/tasks.o
 .text.xTaskCreate
                0x0000000008002264       0x64 build/tasks.o
                0x0000000008002264                xTaskCreate
 .text.vTaskStartScheduler
                0x00000000080022c8       0x7c build/tasks.o
                0x00000000080022c8                vTaskStartScheduler
 .text.vTaskSuspendAll
                0x0000000008002344       0x10 build/tasks.o
                0x0000000008002344                vTaskSuspendAll
 .text.xTaskIncrementTick
                0x0000000008002354      0x124 build/tasks.o
                0x0000000008002354                xTaskIncrementTick
 .text.xTaskResumeAll
                0x0000000008002478       0xf8 build/tasks.o
                0x0000000008002478                xTaskResumeAll
 .text.vTaskDelay
                0x0000000008002570       0x50 build/tasks.o
                0x0000000008002570                vTaskDelay
 .text.prvCheckTasksWaitingTermination
                0x00000000080025c0       0x54 build/tasks.o
 .text.prvIdleTask
                0x0000000008002614       0x28 build/tasks.o
 .text.vTaskSwitchContext
                0x000000000800263c       0x98 build/tasks.o
                0x000000000800263c                vTaskSwitchContext
 .text.xTaskGetSchedulerState
                0x00000000080026d4       0x20 build/tasks.o
                0x00000000080026d4                xTaskGetSchedulerState
 .text.vListInitialise
                0x00000000080026f4       0x18 build/list.o
                0x00000000080026f4                vListInitialise
 .text.vListInitialiseItem
                0x000000000800270c        0x8 build/list.o
                0x000000000800270c                vListInitialiseItem
 .text.vListInsertEnd
                0x0000000008002714       0x18 build/list.o
                0x0000000008002714                vListInsertEnd
 .text.vListInsert
                0x000000000800272c       0x34 build/list.o
                0x000000000800272c                vListInsert
 .text.uxListRemove
                0x0000000008002760       0x24 build/list.o
                0x0000000008002760                uxListRemove
 .text.makeFreeRtosPriority
                0x0000000008002784        0xc build/cmsis_os.o
 .text.osKernelStart
                0x0000000008002790        0xc build/cmsis_os.o
                0x0000000008002790                osKernelStart
 .text.osThreadCreate
                0x000000000800279c       0x34 build/cmsis_os.o
                0x000000000800279c                osThreadCreate
 .text.osDelay  0x00000000080027d0       0x10 build/cmsis_os.o
                0x00000000080027d0                osDelay
 .text.osSystickHandler
                0x00000000080027e0       0x10 build/cmsis_os.o
                0x00000000080027e0                osSystickHandler
 .text.UART_SetConfig
                0x00000000080027f0      0x320 build/stm32f4xx_hal_uart.o
 .text.HAL_UART_Init
                0x0000000008002b10       0x64 build/stm32f4xx_hal_uart.o
                0x0000000008002b10                HAL_UART_Init
 .text.HAL_SPI_Init
                0x0000000008002b74       0x84 build/stm32f4xx_hal_spi.o
                0x0000000008002b74                HAL_SPI_Init
 .text.HAL_I2C_Init
                0x0000000008002bf8      0x11c build/stm32f4xx_hal_i2c.o
                0x0000000008002bf8                HAL_I2C_Init
 .text.Reset_Handler
                0x0000000008002d14       0x50 build/startup_stm32f407xx.o
                0x0000000008002d14                Reset_Handler
 .text.Default_Handler
                0x0000000008002d64        0x2 build/startup_stm32f407xx.o
                0x0000000008002d64                RTC_Alarm_IRQHandler
                0x0000000008002d64                HASH_RNG_IRQHandler
                0x0000000008002d64                EXTI2_IRQHandler
                0x0000000008002d64                TIM8_CC_IRQHandler
                0x0000000008002d64                TIM1_CC_IRQHandler
                0x0000000008002d64                DMA2_Stream5_IRQHandler
                0x0000000008002d64                DMA1_Stream5_IRQHandler
                0x0000000008002d64                PVD_IRQHandler
                0x0000000008002d64                SDIO_IRQHandler
                0x0000000008002d64                TAMP_STAMP_IRQHandler
                0x0000000008002d64                CAN2_RX1_IRQHandler
                0x0000000008002d64                EXTI3_IRQHandler
                0x0000000008002d64                TIM8_TRG_COM_TIM14_IRQHandler
                0x0000000008002d64                TIM8_UP_TIM13_IRQHandler
                0x0000000008002d64                I2C3_ER_IRQHandler
                0x0000000008002d64                EXTI0_IRQHandler
                0x0000000008002d64                I2C2_EV_IRQHandler
                0x0000000008002d64                DMA1_Stream2_IRQHandler
                0x0000000008002d64                CAN1_RX0_IRQHandler
                0x0000000008002d64                FPU_IRQHandler
                0x0000000008002d64                OTG_HS_WKUP_IRQHandler
                0x0000000008002d64                CAN2_SCE_IRQHandler
                0x0000000008002d64                DMA2_Stream2_IRQHandler
                0x0000000008002d64                SPI1_IRQHandler
                0x0000000008002d64                TIM6_DAC_IRQHandler
                0x0000000008002d64                TIM1_BRK_TIM9_IRQHandler
                0x0000000008002d64                DCMI_IRQHandler
                0x0000000008002d64                CAN2_RX0_IRQHandler
                0x0000000008002d64                DMA2_Stream3_IRQHandler
                0x0000000008002d64                USART6_IRQHandler
                0x0000000008002d64                USART3_IRQHandler
                0x0000000008002d64                CAN1_RX1_IRQHandler
                0x0000000008002d64                UART5_IRQHandler
                0x0000000008002d64                DMA2_Stream0_IRQHandler
                0x0000000008002d64                TIM4_IRQHandler
                0x0000000008002d64                I2C1_EV_IRQHandler
                0x0000000008002d64                DMA1_Stream6_IRQHandler
                0x0000000008002d64                DMA1_Stream1_IRQHandler
                0x0000000008002d64                UART4_IRQHandler
                0x0000000008002d64                TIM3_IRQHandler
                0x0000000008002d64                RCC_IRQHandler
                0x0000000008002d64                TIM8_BRK_TIM12_IRQHandler
                0x0000000008002d64                Default_Handler
                0x0000000008002d64                EXTI15_10_IRQHandler
                0x0000000008002d64                ADC_IRQHandler
                0x0000000008002d64                DMA1_Stream7_IRQHandler
                0x0000000008002d64                TIM7_IRQHandler
                0x0000000008002d64                CAN2_TX_IRQHandler
                0x0000000008002d64                TIM5_IRQHandler
                0x0000000008002d64                DMA2_Stream7_IRQHandler
                0x0000000008002d64                I2C3_EV_IRQHandler
                0x0000000008002d64                EXTI9_5_IRQHandler
                0x0000000008002d64                RTC_WKUP_IRQHandler
                0x0000000008002d64                ETH_WKUP_IRQHandler
                0x0000000008002d64                SPI2_IRQHandler
                0x0000000008002d64                OTG_HS_EP1_IN_IRQHandler
                0x0000000008002d64                DMA1_Stream0_IRQHandler
                0x0000000008002d64                CAN1_TX_IRQHandler
                0x0000000008002d64                EXTI4_IRQHandler
                0x0000000008002d64                FSMC_IRQHandler
                0x0000000008002d64                ETH_IRQHandler
                0x0000000008002d64                OTG_HS_EP1_OUT_IRQHandler
                0x0000000008002d64                WWDG_IRQHandler
                0x0000000008002d64                TIM2_IRQHandler
                0x0000000008002d64                OTG_FS_WKUP_IRQHandler
                0x0000000008002d64                TIM1_TRG_COM_TIM11_IRQHandler
                0x0000000008002d64                OTG_HS_IRQHandler
                0x0000000008002d64                EXTI1_IRQHandler
                0x0000000008002d64                USART2_IRQHandler
                0x0000000008002d64                I2C2_ER_IRQHandler
                0x0000000008002d64                DMA2_Stream1_IRQHandler
                0x0000000008002d64                CAN1_SCE_IRQHandler
                0x0000000008002d64                FLASH_IRQHandler
                0x0000000008002d64                DMA2_Stream4_IRQHandler
                0x0000000008002d64                USART1_IRQHandler
                0x0000000008002d64                OTG_FS_IRQHandler
                0x0000000008002d64                SPI3_IRQHandler
                0x0000000008002d64                DMA1_Stream4_IRQHandler
                0x0000000008002d64                I2C1_ER_IRQHandler
                0x0000000008002d64                DMA2_Stream6_IRQHandler
                0x0000000008002d64                DMA1_Stream3_IRQHandler
 *fill*         0x0000000008002d66        0x2 
 .text.__libc_init_array
                0x0000000008002d68       0x4c /usr/lib/gcc/arm-none-eabi/4.9.3/../../../arm-none-eabi/lib/armv7e-m/fpu/libc_nano.a(lib_a-init.o)
                0x0000000008002d68                __libc_init_array
 *(.glue_7)
 .glue_7        0x0000000008002db4        0x0 linker stubs
 *(.glue_7t)
 .glue_7t       0x0000000008002db4        0x0 linker stubs
 *(.eh_frame)
 .eh_frame      0x0000000008002db4        0x0 /usr/lib/gcc/arm-none-eabi/4.9.3/armv7e-m/fpu/crtbegin.o
 *(.init)
 .init          0x0000000008002db4        0x4 /usr/lib/gcc/arm-none-eabi/4.9.3/armv7e-m/fpu/crti.o
                0x0000000008002db4                _init
 .init          0x0000000008002db8        0x8 /usr/lib/gcc/arm-none-eabi/4.9.3/armv7e-m/fpu/crtn.o
 *(.fini)
 .fini          0x0000000008002dc0        0x4 /usr/lib/gcc/arm-none-eabi/4.9.3/armv7e-m/fpu/crti.o
                0x0000000008002dc0                _fini
 .fini          0x0000000008002dc4        0x8 /usr/lib/gcc/arm-none-eabi/4.9.3/armv7e-m/fpu/crtn.o
                0x0000000008002dcc                . = ALIGN (0x4)
                0x0000000008002dcc                _etext = .

.vfp11_veneer   0x0000000008002dcc        0x0
 .vfp11_veneer  0x0000000008002dcc        0x0 linker stubs

.v4_bx          0x0000000008002dcc        0x0
 .v4_bx         0x0000000008002dcc        0x0 linker stubs

.iplt           0x0000000008002dcc        0x0
 .iplt          0x0000000008002dcc        0x0 /usr/lib/gcc/arm-none-eabi/4.9.3/armv7e-m/fpu/crtbegin.o

.rodata         0x0000000008002dcc       0x4c
                0x0000000008002dcc                . = ALIGN (0x4)
 *(.rodata)
 .rodata        0x0000000008002dcc       0x14 build/main.o
 *(.rodata*)
 .rodata.str1.4
                0x0000000008002de0       0x18 build/main.o
 .rodata.AHBPrescTable
                0x0000000008002df8       0x10 build/system_stm32f4xx.o
                0x0000000008002df8                AHBPrescTable
 .rodata.APBPrescTable
                0x0000000008002e08        0x8 build/system_stm32f4xx.o
                0x0000000008002e08                APBPrescTable
 .rodata.str1.4
                0x0000000008002e10        0x8 build/tasks.o
                                          0x5 (size before relaxing)
                0x0000000008002e18                . = ALIGN (0x4)

.ARM.extab
 *(.ARM.extab* .gnu.linkonce.armextab.*)

.ARM            0x0000000008002e18        0x8
                0x0000000008002e18                __exidx_start = .
 *(.ARM.exidx*)
 .ARM.exidx     0x0000000008002e18        0x8 /usr/lib/gcc/arm-none-eabi/4.9.3/armv7e-m/fpu/libgcc.a(_divdi3.o)
 .ARM.exidx     0x0000000008002e20        0x0 /usr/lib/gcc/arm-none-eabi/4.9.3/armv7e-m/fpu/libgcc.a(_udivdi3.o)
                                          0x8 (size before relaxing)
                0x0000000008002e20                __exidx_end = .

.rel.dyn        0x0000000008002e20        0x0
 .rel.iplt      0x0000000008002e20        0x0 /usr/lib/gcc/arm-none-eabi/4.9.3/armv7e-m/fpu/crtbegin.o

.preinit_array  0x0000000008002e20        0x0
                0x0000000008002e20                PROVIDE (__preinit_array_start, .)
 *(.preinit_array*)
                0x0000000008002e20                PROVIDE (__preinit_array_end, .)

.init_array     0x0000000008002e20        0x4
                0x0000000008002e20                PROVIDE (__init_array_start, .)
 *(SORT(.init_array.*))
 *(.init_array*)
 .init_array    0x0000000008002e20        0x4 /usr/lib/gcc/arm-none-eabi/4.9.3/armv7e-m/fpu/crtbegin.o
                0x0000000008002e24                PROVIDE (__init_array_end, .)

.fini_array     0x0000000008002e24        0x4
                0x0000000008002e24                PROVIDE (__fini_array_start, .)
 *(SORT(.fini_array.*))
 *(.fini_array*)
 .fini_array    0x0000000008002e24        0x4 /usr/lib/gcc/arm-none-eabi/4.9.3/armv7e-m/fpu/crtbegin.o
                0x0000000008002e28                PROVIDE (__fini_array_end, .)
                0x0000000008002e28                _sidata = LOADADDR (.data)

.data           0x0000000020000000        0xc load address 0x0000000008002e28
                0x0000000020000000                . = ALIGN (0x4)
                0x0000000020000000                _sdata = .
 *(.data)
 *(.data*)
 .data.uwTickFreq
                0x0000000020000000        0x1 build/stm32f4xx_hal.o
                0x0000000020000000                uwTickFreq
 *fill*         0x0000000020000001        0x3 
 .data.SystemCoreClock
                0x0000000020000004        0x4 build/system_stm32f4xx.o
                0x0000000020000004                SystemCoreClock
 .data.uxCriticalNesting
                0x0000000020000008        0x4 build/port.o
                0x000000002000000c                . = ALIGN (0x4)
                0x000000002000000c                _edata = .
                0x0000000008002e34                _siccmram = LOADADDR (.ccmram)

.jcr            0x000000002000000c        0x0 load address 0x0000000008002e34
 .jcr           0x000000002000000c        0x0 /usr/lib/gcc/arm-none-eabi/4.9.3/armv7e-m/fpu/crtbegin.o

.tm_clone_table
                0x000000002000000c        0x0 load address 0x0000000008002e34
 .tm_clone_table
                0x000000002000000c        0x0 /usr/lib/gcc/arm-none-eabi/4.9.3/armv7e-m/fpu/crtbegin.o
 .tm_clone_table
                0x000000002000000c        0x0 /usr/lib/gcc/arm-none-eabi/4.9.3/armv7e-m/fpu/crtend.o

.igot.plt       0x000000002000000c        0x0 load address 0x0000000008002e34
 .igot.plt      0x000000002000000c        0x0 /usr/lib/gcc/arm-none-eabi/4.9.3/armv7e-m/fpu/crtbegin.o

.ccmram         0x0000000010000000        0x0 load address 0x0000000008002e34
                0x0000000010000000                . = ALIGN (0x4)
                0x0000000010000000                _sccmram = .
 *(.ccmram)
 *(.ccmram*)
                0x0000000010000000                . = ALIGN (0x4)
                0x0000000010000000                _eccmram = .
                0x0000000010000000                . = ALIGN (0x4)

.bss            0x000000002000000c     0x3ec0
                0x000000002000000c                _sbss = .
                0x000000002000000c                __bss_start__ = _sbss
 *(.bss)
 .bss           0x000000002000000c       0x1c /usr/lib/gcc/arm-none-eabi/4.9.3/armv7e-m/fpu/crtbegin.o
 *(.bss*)
 .bss.xFreeBytesRemaining
                0x0000000020000028        0x4 build/heap_4.o
 .bss.pxEnd     0x000000002000002c        0x4 build/heap_4.o
 .bss.xStart    0x0000000020000030        0x8 build/heap_4.o
 .bss.ucHeap    0x0000000020000038     0x3c00 build/heap_4.o
 .bss.xBlockAllocatedBit
                0x0000000020003c38        0x4 build/heap_4.o
 .bss.xMinimumEverFreeBytesRemaining
                0x0000000020003c3c        0x4 build/heap_4.o
 .bss.ucMaxSysCallPriority
                0x0000000020003c40        0x1 build/port.o
 *fill*         0x0000000020003c41        0x3 
 .bss.ulMaxPRIGROUPValue
                0x0000000020003c44        0x4 build/port.o
 .bss.xNumOfOverflows
                0x0000000020003c48        0x4 build/tasks.o
 .bss.pxDelayedTaskList
                0x0000000020003c4c        0x4 build/tasks.o
 .bss.xSchedulerRunning
                0x0000000020003c50        0x4 build/tasks.o
 .bss.xTasksWaitingTermination
                0x0000000020003c54       0x14 build/tasks.o
 .bss.pxOverflowDelayedTaskList
                0x0000000020003c68        0x4 build/tasks.o
 .bss.uxPendedTicks
                0x0000000020003c6c        0x4 build/tasks.o
 .bss.pxReadyTasksLists
                0x0000000020003c70       0x8c build/tasks.o
 .bss.uxSchedulerSuspended
                0x0000000020003cfc        0x4 build/tasks.o
 .bss.uxDeletedTasksWaitingCleanUp
                0x0000000020003d00        0x4 build/tasks.o
 .bss.uxCurrentNumberOfTasks
                0x0000000020003d04        0x4 build/tasks.o
 .bss.pxCurrentTCB
                0x0000000020003d08        0x4 build/tasks.o
                0x0000000020003d08                pxCurrentTCB
 .bss.xPendingReadyList
                0x0000000020003d0c       0x14 build/tasks.o
 .bss.xIdleTaskHandle
                0x0000000020003d20        0x4 build/tasks.o
 .bss.xTickCount
                0x0000000020003d24        0x4 build/tasks.o
 .bss.xNextTaskUnblockTime
                0x0000000020003d28        0x4 build/tasks.o
 .bss.uxTaskNumber
                0x0000000020003d2c        0x4 build/tasks.o
 .bss.xDelayedTaskList1
                0x0000000020003d30       0x14 build/tasks.o
 .bss.xDelayedTaskList2
                0x0000000020003d44       0x14 build/tasks.o
 .bss.xSuspendedTaskList
                0x0000000020003d58       0x14 build/tasks.o
 .bss.uxTopReadyPriority
                0x0000000020003d6c        0x4 build/tasks.o
 .bss.xYieldPending
                0x0000000020003d70        0x4 build/tasks.o
 *(COMMON)
 COMMON         0x0000000020003d74      0x118 build/main.o
                0x0000000020003d74                defaultTaskHandle
                0x0000000020003d78                hi2c1
                0x0000000020003dcc                huart4
                0x0000000020003e0c                hspi1
                0x0000000020003e64                hcan1
 COMMON         0x0000000020003e8c       0x3c build/stm32f4xx_hal_timebase_TIM.o
                0x0000000020003e8c                htim1
 COMMON         0x0000000020003ec8        0x4 build/stm32f4xx_hal.o
                0x0000000020003ec8                uwTick
                0x0000000020003ecc                . = ALIGN (0x4)
                0x0000000020003ecc                _ebss = .
                0x0000000020003ecc                __bss_end__ = _ebss

._user_heap_stack
                0x0000000020003ecc      0x604
                0x0000000020003ed0                . = ALIGN (0x8)
 *fill*         0x0000000020003ecc        0x4 
                [!provide]                        PROVIDE (end, .)
                [!provide]                        PROVIDE (_end, .)
                0x00000000200040d0                . = (. + _Min_Heap_Size)
 *fill*         0x0000000020003ed0      0x200 
                0x00000000200044d0                . = (. + _Min_Stack_Size)
 *fill*         0x00000000200040d0      0x400 
                0x00000000200044d0                . = ALIGN (0x8)

/DISCARD/
 libc.a(*)
 libm.a(*)
 libgcc.a(*)

.ARM.attributes
                0x0000000000000000       0x30
 *(.ARM.attributes)
 .ARM.attributes
                0x0000000000000000       0x22 /usr/lib/gcc/arm-none-eabi/4.9.3/armv7e-m/fpu/crti.o
 .ARM.attributes
                0x0000000000000022       0x34 /usr/lib/gcc/arm-none-eabi/4.9.3/armv7e-m/fpu/crtbegin.o
 .ARM.attributes
                0x0000000000000056       0x39 build/main.o
 .ARM.attributes
                0x000000000000008f       0x39 build/stm32f4xx_it.o
 .ARM.attributes
                0x00000000000000c8       0x39 build/stm32f4xx_hal_msp.o
 .ARM.attributes
                0x0000000000000101       0x39 build/stm32f4xx_hal_timebase_TIM.o
 .ARM.attributes
                0x000000000000013a       0x39 build/stm32f4xx_hal_can.o
 .ARM.attributes
                0x0000000000000173       0x39 build/stm32f4xx_hal_tim.o
 .ARM.attributes
                0x00000000000001ac       0x39 build/stm32f4xx_hal_tim_ex.o
 .ARM.attributes
                0x00000000000001e5       0x39 build/stm32f4xx_hal_rcc.o
 .ARM.attributes
                0x000000000000021e       0x39 build/stm32f4xx_hal_gpio.o
 .ARM.attributes
                0x0000000000000257       0x39 build/stm32f4xx_hal_cortex.o
 .ARM.attributes
                0x0000000000000290       0x39 build/stm32f4xx_hal.o
 .ARM.attributes
                0x00000000000002c9       0x39 build/system_stm32f4xx.o
 .ARM.attributes
                0x0000000000000302       0x39 build/heap_4.o
 .ARM.attributes
                0x000000000000033b       0x39 build/port.o
 .ARM.attributes
                0x0000000000000374       0x39 build/tasks.o
 .ARM.attributes
                0x00000000000003ad       0x39 build/list.o
 .ARM.attributes
                0x00000000000003e6       0x39 build/cmsis_os.o
 .ARM.attributes
                0x000000000000041f       0x39 build/stm32f4xx_hal_uart.o
 .ARM.attributes
                0x0000000000000458       0x39 build/stm32f4xx_hal_spi.o
 .ARM.attributes
                0x0000000000000491       0x39 build/stm32f4xx_hal_i2c.o
 .ARM.attributes
                0x00000000000004ca       0x21 build/startup_stm32f407xx.o
 .ARM.attributes
                0x00000000000004eb       0x34 /usr/lib/gcc/arm-none-eabi/4.9.3/../../../arm-none-eabi/lib/armv7e-m/fpu/libc_nano.a(lib_a-init.o)
 .ARM.attributes
                0x000000000000051f       0x22 /usr/lib/gcc/arm-none-eabi/4.9.3/armv7e-m/fpu/libgcc.a(_aeabi_uldivmod.o)
 .ARM.attributes
                0x0000000000000541       0x34 /usr/lib/gcc/arm-none-eabi/4.9.3/armv7e-m/fpu/libgcc.a(bpabi.o)
 .ARM.attributes
                0x0000000000000575       0x22 /usr/lib/gcc/arm-none-eabi/4.9.3/armv7e-m/fpu/libgcc.a(_dvmd_tls.o)
 .ARM.attributes
                0x0000000000000597       0x34 /usr/lib/gcc/arm-none-eabi/4.9.3/armv7e-m/fpu/libgcc.a(_divdi3.o)
 .ARM.attributes
                0x00000000000005cb       0x34 /usr/lib/gcc/arm-none-eabi/4.9.3/armv7e-m/fpu/libgcc.a(_udivdi3.o)
 .ARM.attributes
                0x00000000000005ff       0x34 /usr/lib/gcc/arm-none-eabi/4.9.3/armv7e-m/fpu/crtend.o
 .ARM.attributes
                0x0000000000000633       0x22 /usr/lib/gcc/arm-none-eabi/4.9.3/armv7e-m/fpu/crtn.o
OUTPUT(build/rtos_can.elf elf32-littlearm)

.comment        0x0000000000000000       0x70
 .comment       0x0000000000000000       0x38 /usr/lib/gcc/arm-none-eabi/4.9.3/armv7e-m/fpu/crtbegin.o
                                         0x39 (size before relaxing)
 .comment       0x0000000000000038       0x39 build/main.o
 .comment       0x0000000000000038       0x39 build/stm32f4xx_it.o
 .comment       0x0000000000000038       0x39 build/stm32f4xx_hal_msp.o
 .comment       0x0000000000000038       0x39 build/stm32f4xx_hal_timebase_TIM.o
 .comment       0x0000000000000038       0x39 build/stm32f4xx_hal_can.o
 .comment       0x0000000000000038       0x39 build/stm32f4xx_hal_tim.o
 .comment       0x0000000000000038       0x39 build/stm32f4xx_hal_tim_ex.o
 .comment       0x0000000000000038       0x39 build/stm32f4xx_hal_rcc.o
 .comment       0x0000000000000038       0x39 build/stm32f4xx_hal_gpio.o
 .comment       0x0000000000000038       0x39 build/stm32f4xx_hal_cortex.o
 .comment       0x0000000000000038       0x39 build/stm32f4xx_hal.o
 .comment       0x0000000000000038       0x39 build/system_stm32f4xx.o
 .comment       0x0000000000000038       0x39 build/heap_4.o
 .comment       0x0000000000000038       0x39 build/port.o
 .comment       0x0000000000000038       0x39 build/tasks.o
 .comment       0x0000000000000038       0x39 build/list.o
 .comment       0x0000000000000038       0x39 build/cmsis_os.o
 .comment       0x0000000000000038       0x39 build/stm32f4xx_hal_uart.o
 .comment       0x0000000000000038       0x39 build/stm32f4xx_hal_spi.o
 .comment       0x0000000000000038       0x39 build/stm32f4xx_hal_i2c.o
 .comment       0x0000000000000038       0x38 /usr/lib/gcc/arm-none-eabi/4.9.3/../../../arm-none-eabi/lib/armv7e-m/fpu/libc_nano.a(lib_a-init.o)
                                         0x39 (size before relaxing)
 .comment       0x0000000000000070       0x39 /usr/lib/gcc/arm-none-eabi/4.9.3/armv7e-m/fpu/libgcc.a(bpabi.o)
 .comment       0x0000000000000070       0x39 /usr/lib/gcc/arm-none-eabi/4.9.3/armv7e-m/fpu/libgcc.a(_divdi3.o)
 .comment       0x0000000000000070       0x39 /usr/lib/gcc/arm-none-eabi/4.9.3/armv7e-m/fpu/libgcc.a(_udivdi3.o)
 .comment       0x0000000000000070       0x39 /usr/lib/gcc/arm-none-eabi/4.9.3/armv7e-m/fpu/crtend.o

.debug_info     0x0000000000000000    0x19614
 .debug_info    0x0000000000000000     0x201b build/main.o
 .debug_info    0x000000000000201b      0x6e1 build/stm32f4xx_it.o
 .debug_info    0x00000000000026fc     0x1890 build/stm32f4xx_hal_msp.o
 .debug_info    0x0000000000003f8c      0xc80 build/stm32f4xx_hal_timebase_TIM.o
 .debug_info    0x0000000000004c0c     0x1104 build/stm32f4xx_hal_can.o
 .debug_info    0x0000000000005d10     0x3137 build/stm32f4xx_hal_tim.o
 .debug_info    0x0000000000008e47     0x1487 build/stm32f4xx_hal_tim_ex.o
 .debug_info    0x000000000000a2ce      0xb19 build/stm32f4xx_hal_rcc.o
 .debug_info    0x000000000000ade7      0x79d build/stm32f4xx_hal_gpio.o
 .debug_info    0x000000000000b584      0xfda build/stm32f4xx_hal_cortex.o
 .debug_info    0x000000000000c55e      0xa5d build/stm32f4xx_hal.o
 .debug_info    0x000000000000cfbb      0x545 build/system_stm32f4xx.o
 .debug_info    0x000000000000d500      0x44e build/heap_4.o
 .debug_info    0x000000000000d94e      0x565 build/port.o
 .debug_info    0x000000000000deb3     0x22a3 build/tasks.o
 .debug_info    0x0000000000010156      0x2c9 build/list.o
 .debug_info    0x000000000001041f     0x1e5a build/cmsis_os.o
 .debug_info    0x0000000000012279     0x183b build/stm32f4xx_hal_uart.o
 .debug_info    0x0000000000013ab4     0x1b71 build/stm32f4xx_hal_spi.o
 .debug_info    0x0000000000015625     0x306d build/stm32f4xx_hal_i2c.o
 .debug_info    0x0000000000018692       0x63 build/startup_stm32f407xx.o
 .debug_info    0x00000000000186f5      0x105 /usr/lib/gcc/arm-none-eabi/4.9.3/../../../arm-none-eabi/lib/armv7e-m/fpu/libc_nano.a(lib_a-init.o)
 .debug_info    0x00000000000187fa       0xbd /usr/lib/gcc/arm-none-eabi/4.9.3/armv7e-m/fpu/libgcc.a(_aeabi_uldivmod.o)
 .debug_info    0x00000000000188b7      0x164 /usr/lib/gcc/arm-none-eabi/4.9.3/armv7e-m/fpu/libgcc.a(bpabi.o)
 .debug_info    0x0000000000018a1b       0xc1 /usr/lib/gcc/arm-none-eabi/4.9.3/armv7e-m/fpu/libgcc.a(_dvmd_tls.o)
 .debug_info    0x0000000000018adc      0x5bc /usr/lib/gcc/arm-none-eabi/4.9.3/armv7e-m/fpu/libgcc.a(_divdi3.o)
 .debug_info    0x0000000000019098      0x57c /usr/lib/gcc/arm-none-eabi/4.9.3/armv7e-m/fpu/libgcc.a(_udivdi3.o)

.debug_abbrev   0x0000000000000000     0x33a4
 .debug_abbrev  0x0000000000000000      0x2d3 build/main.o
 .debug_abbrev  0x00000000000002d3      0x17b build/stm32f4xx_it.o
 .debug_abbrev  0x000000000000044e      0x1ee build/stm32f4xx_hal_msp.o
 .debug_abbrev  0x000000000000063c      0x203 build/stm32f4xx_hal_timebase_TIM.o
 .debug_abbrev  0x000000000000083f      0x294 build/stm32f4xx_hal_can.o
 .debug_abbrev  0x0000000000000ad3      0x28c build/stm32f4xx_hal_tim.o
 .debug_abbrev  0x0000000000000d5f      0x261 build/stm32f4xx_hal_tim_ex.o
 .debug_abbrev  0x0000000000000fc0      0x2b7 build/stm32f4xx_hal_rcc.o
 .debug_abbrev  0x0000000000001277      0x200 build/stm32f4xx_hal_gpio.o
 .debug_abbrev  0x0000000000001477      0x2e4 build/stm32f4xx_hal_cortex.o
 .debug_abbrev  0x000000000000175b      0x235 build/stm32f4xx_hal.o
 .debug_abbrev  0x0000000000001990      0x103 build/system_stm32f4xx.o
 .debug_abbrev  0x0000000000001a93      0x228 build/heap_4.o
 .debug_abbrev  0x0000000000001cbb      0x23a build/port.o
 .debug_abbrev  0x0000000000001ef5      0x39d build/tasks.o
 .debug_abbrev  0x0000000000002292       0xf8 build/list.o
 .debug_abbrev  0x000000000000238a      0x37b build/cmsis_os.o
 .debug_abbrev  0x0000000000002705      0x2e6 build/stm32f4xx_hal_uart.o
 .debug_abbrev  0x00000000000029eb      0x2a1 build/stm32f4xx_hal_spi.o
 .debug_abbrev  0x0000000000002c8c      0x2b0 build/stm32f4xx_hal_i2c.o
 .debug_abbrev  0x0000000000002f3c       0x12 build/startup_stm32f407xx.o
 .debug_abbrev  0x0000000000002f4e       0xba /usr/lib/gcc/arm-none-eabi/4.9.3/../../../arm-none-eabi/lib/armv7e-m/fpu/libc_nano.a(lib_a-init.o)
 .debug_abbrev  0x0000000000003008       0x14 /usr/lib/gcc/arm-none-eabi/4.9.3/armv7e-m/fpu/libgcc.a(_aeabi_uldivmod.o)
 .debug_abbrev  0x000000000000301c       0xb7 /usr/lib/gcc/arm-none-eabi/4.9.3/armv7e-m/fpu/libgcc.a(bpabi.o)
 .debug_abbrev  0x00000000000030d3       0x14 /usr/lib/gcc/arm-none-eabi/4.9.3/armv7e-m/fpu/libgcc.a(_dvmd_tls.o)
 .debug_abbrev  0x00000000000030e7      0x169 /usr/lib/gcc/arm-none-eabi/4.9.3/armv7e-m/fpu/libgcc.a(_divdi3.o)
 .debug_abbrev  0x0000000000003250      0x154 /usr/lib/gcc/arm-none-eabi/4.9.3/armv7e-m/fpu/libgcc.a(_udivdi3.o)

.debug_loc      0x0000000000000000    0x12d24
 .debug_loc     0x0000000000000000      0x19f build/main.o
 .debug_loc     0x000000000000019f       0x40 build/stm32f4xx_it.o
 .debug_loc     0x00000000000001df      0x2fc build/stm32f4xx_hal_msp.o
 .debug_loc     0x00000000000004db       0xa2 build/stm32f4xx_hal_timebase_TIM.o
 .debug_loc     0x000000000000057d      0xccc build/stm32f4xx_hal_can.o
 .debug_loc     0x0000000000001249     0x3d7e build/stm32f4xx_hal_tim.o
 .debug_loc     0x0000000000004fc7     0x1232 build/stm32f4xx_hal_tim_ex.o
 .debug_loc     0x00000000000061f9      0x603 build/stm32f4xx_hal_rcc.o
 .debug_loc     0x00000000000067fc      0x400 build/stm32f4xx_hal_gpio.o
 .debug_loc     0x0000000000006bfc      0x566 build/stm32f4xx_hal_cortex.o
 .debug_loc     0x0000000000007162      0x1a8 build/stm32f4xx_hal.o
 .debug_loc     0x000000000000730a      0x137 build/system_stm32f4xx.o
 .debug_loc     0x0000000000007441      0x33d build/heap_4.o
 .debug_loc     0x000000000000777e      0x114 build/port.o
 .debug_loc     0x0000000000007892     0x1647 build/tasks.o
 .debug_loc     0x0000000000008ed9       0x91 build/list.o
 .debug_loc     0x0000000000008f6a     0x160b build/cmsis_os.o
 .debug_loc     0x000000000000a575     0x179e build/stm32f4xx_hal_uart.o
 .debug_loc     0x000000000000bd13     0x1d32 build/stm32f4xx_hal_spi.o
 .debug_loc     0x000000000000da45     0x36ac build/stm32f4xx_hal_i2c.o
 .debug_loc     0x00000000000110f1       0x54 /usr/lib/gcc/arm-none-eabi/4.9.3/../../../arm-none-eabi/lib/armv7e-m/fpu/libc_nano.a(lib_a-init.o)
 .debug_loc     0x0000000000011145       0xa0 /usr/lib/gcc/arm-none-eabi/4.9.3/armv7e-m/fpu/libgcc.a(bpabi.o)
 .debug_loc     0x00000000000111e5      0xdef /usr/lib/gcc/arm-none-eabi/4.9.3/armv7e-m/fpu/libgcc.a(_divdi3.o)
 .debug_loc     0x0000000000011fd4      0xd50 /usr/lib/gcc/arm-none-eabi/4.9.3/armv7e-m/fpu/libgcc.a(_udivdi3.o)

.debug_aranges  0x0000000000000000     0x1520
 .debug_aranges
                0x0000000000000000       0x68 build/main.o
 .debug_aranges
                0x0000000000000068       0x58 build/stm32f4xx_it.o
 .debug_aranges
                0x00000000000000c0       0x60 build/stm32f4xx_hal_msp.o
 .debug_aranges
                0x0000000000000120       0x30 build/stm32f4xx_hal_timebase_TIM.o
 .debug_aranges
                0x0000000000000150      0x138 build/stm32f4xx_hal_can.o
 .debug_aranges
                0x0000000000000288      0x368 build/stm32f4xx_hal_tim.o
 .debug_aranges
                0x00000000000005f0      0x140 build/stm32f4xx_hal_tim_ex.o
 .debug_aranges
                0x0000000000000730       0x88 build/stm32f4xx_hal_rcc.o
 .debug_aranges
                0x00000000000007b8       0x58 build/stm32f4xx_hal_gpio.o
 .debug_aranges
                0x0000000000000810       0xa8 build/stm32f4xx_hal_cortex.o
 .debug_aranges
                0x00000000000008b8       0xe0 build/stm32f4xx_hal.o
 .debug_aranges
                0x0000000000000998       0x28 build/system_stm32f4xx.o
 .debug_aranges
                0x00000000000009c0       0x50 build/heap_4.o
 .debug_aranges
                0x0000000000000a10       0x80 build/port.o
 .debug_aranges
                0x0000000000000a90      0x190 build/tasks.o
 .debug_aranges
                0x0000000000000c20       0x40 build/list.o
 .debug_aranges
                0x0000000000000c60      0x1d8 build/cmsis_os.o
 .debug_aranges
                0x0000000000000e38      0x1d0 build/stm32f4xx_hal_uart.o
 .debug_aranges
                0x0000000000001008      0x1c8 build/stm32f4xx_hal_spi.o
 .debug_aranges
                0x00000000000011d0      0x268 build/stm32f4xx_hal_i2c.o
 .debug_aranges
                0x0000000000001438       0x28 build/startup_stm32f407xx.o
 .debug_aranges
                0x0000000000001460       0x20 /usr/lib/gcc/arm-none-eabi/4.9.3/../../../arm-none-eabi/lib/armv7e-m/fpu/libc_nano.a(lib_a-init.o)
 .debug_aranges
                0x0000000000001480       0x20 /usr/lib/gcc/arm-none-eabi/4.9.3/armv7e-m/fpu/libgcc.a(_aeabi_uldivmod.o)
 .debug_aranges
                0x00000000000014a0       0x20 /usr/lib/gcc/arm-none-eabi/4.9.3/armv7e-m/fpu/libgcc.a(bpabi.o)
 .debug_aranges
                0x00000000000014c0       0x20 /usr/lib/gcc/arm-none-eabi/4.9.3/armv7e-m/fpu/libgcc.a(_dvmd_tls.o)
 .debug_aranges
                0x00000000000014e0       0x20 /usr/lib/gcc/arm-none-eabi/4.9.3/armv7e-m/fpu/libgcc.a(_divdi3.o)
 .debug_aranges
                0x0000000000001500       0x20 /usr/lib/gcc/arm-none-eabi/4.9.3/armv7e-m/fpu/libgcc.a(_udivdi3.o)

.debug_ranges   0x0000000000000000     0x1520
 .debug_ranges  0x0000000000000000       0x58 build/main.o
 .debug_ranges  0x0000000000000058       0x48 build/stm32f4xx_it.o
 .debug_ranges  0x00000000000000a0       0x50 build/stm32f4xx_hal_msp.o
 .debug_ranges  0x00000000000000f0       0x20 build/stm32f4xx_hal_timebase_TIM.o
 .debug_ranges  0x0000000000000110      0x128 build/stm32f4xx_hal_can.o
 .debug_ranges  0x0000000000000238      0x358 build/stm32f4xx_hal_tim.o
 .debug_ranges  0x0000000000000590      0x130 build/stm32f4xx_hal_tim_ex.o
 .debug_ranges  0x00000000000006c0       0x90 build/stm32f4xx_hal_rcc.o
 .debug_ranges  0x0000000000000750       0x48 build/stm32f4xx_hal_gpio.o
 .debug_ranges  0x0000000000000798       0x98 build/stm32f4xx_hal_cortex.o
 .debug_ranges  0x0000000000000830       0xd0 build/stm32f4xx_hal.o
 .debug_ranges  0x0000000000000900       0x18 build/system_stm32f4xx.o
 .debug_ranges  0x0000000000000918       0x40 build/heap_4.o
 .debug_ranges  0x0000000000000958       0x70 build/port.o
 .debug_ranges  0x00000000000009c8      0x1b8 build/tasks.o
 .debug_ranges  0x0000000000000b80       0x30 build/list.o
 .debug_ranges  0x0000000000000bb0      0x1c8 build/cmsis_os.o
 .debug_ranges  0x0000000000000d78      0x1c0 build/stm32f4xx_hal_uart.o
 .debug_ranges  0x0000000000000f38      0x1b8 build/stm32f4xx_hal_spi.o
 .debug_ranges  0x00000000000010f0      0x258 build/stm32f4xx_hal_i2c.o
 .debug_ranges  0x0000000000001348       0x20 build/startup_stm32f407xx.o
 .debug_ranges  0x0000000000001368       0x10 /usr/lib/gcc/arm-none-eabi/4.9.3/../../../arm-none-eabi/lib/armv7e-m/fpu/libc_nano.a(lib_a-init.o)
 .debug_ranges  0x0000000000001378       0xd0 /usr/lib/gcc/arm-none-eabi/4.9.3/armv7e-m/fpu/libgcc.a(_divdi3.o)
 .debug_ranges  0x0000000000001448       0xd8 /usr/lib/gcc/arm-none-eabi/4.9.3/armv7e-m/fpu/libgcc.a(_udivdi3.o)

.debug_line     0x0000000000000000     0x7d6a
 .debug_line    0x0000000000000000      0x3b6 build/main.o
 .debug_line    0x00000000000003b6      0x224 build/stm32f4xx_it.o
 .debug_line    0x00000000000005da      0x2af build/stm32f4xx_hal_msp.o
 .debug_line    0x0000000000000889      0x1cd build/stm32f4xx_hal_timebase_TIM.o
 .debug_line    0x0000000000000a56      0x655 build/stm32f4xx_hal_can.o
 .debug_line    0x00000000000010ab     0x1185 build/stm32f4xx_hal_tim.o
 .debug_line    0x0000000000002230      0x733 build/stm32f4xx_hal_tim_ex.o
 .debug_line    0x0000000000002963      0x443 build/stm32f4xx_hal_rcc.o
 .debug_line    0x0000000000002da6      0x2e3 build/stm32f4xx_hal_gpio.o
 .debug_line    0x0000000000003089      0x364 build/stm32f4xx_hal_cortex.o
 .debug_line    0x00000000000033ed      0x368 build/stm32f4xx_hal.o
 .debug_line    0x0000000000003755      0x126 build/system_stm32f4xx.o
 .debug_line    0x000000000000387b      0x297 build/heap_4.o
 .debug_line    0x0000000000003b12      0x2f0 build/port.o
 .debug_line    0x0000000000003e02      0xaa2 build/tasks.o
 .debug_line    0x00000000000048a4      0x1a8 build/list.o
 .debug_line    0x0000000000004a4c      0x7d2 build/cmsis_os.o
 .debug_line    0x000000000000521e      0xa47 build/stm32f4xx_hal_uart.o
 .debug_line    0x0000000000005c65      0xb15 build/stm32f4xx_hal_spi.o
 .debug_line    0x000000000000677a     0x11e2 build/stm32f4xx_hal_i2c.o
 .debug_line    0x000000000000795c       0x74 build/startup_stm32f407xx.o
 .debug_line    0x00000000000079d0       0xb9 /usr/lib/gcc/arm-none-eabi/4.9.3/../../../arm-none-eabi/lib/armv7e-m/fpu/libc_nano.a(lib_a-init.o)
 .debug_line    0x0000000000007a89       0x65 /usr/lib/gcc/arm-none-eabi/4.9.3/armv7e-m/fpu/libgcc.a(_aeabi_uldivmod.o)
 .debug_line    0x0000000000007aee       0x65 /usr/lib/gcc/arm-none-eabi/4.9.3/armv7e-m/fpu/libgcc.a(bpabi.o)
 .debug_line    0x0000000000007b53       0x61 /usr/lib/gcc/arm-none-eabi/4.9.3/armv7e-m/fpu/libgcc.a(_dvmd_tls.o)
 .debug_line    0x0000000000007bb4       0xe2 /usr/lib/gcc/arm-none-eabi/4.9.3/armv7e-m/fpu/libgcc.a(_divdi3.o)
 .debug_line    0x0000000000007c96       0xd4 /usr/lib/gcc/arm-none-eabi/4.9.3/armv7e-m/fpu/libgcc.a(_udivdi3.o)

.debug_str      0x0000000000000000     0x6889
 .debug_str     0x0000000000000000     0x182c build/main.o
                                       0x193c (size before relaxing)
 .debug_str     0x000000000000182c       0xcb build/stm32f4xx_it.o
                                        0x65a (size before relaxing)
 .debug_str     0x00000000000018f7       0xf0 build/stm32f4xx_hal_msp.o
                                       0x1327 (size before relaxing)
 .debug_str     0x00000000000019e7      0x102 build/stm32f4xx_hal_timebase_TIM.o
                                        0xd35 (size before relaxing)
 .debug_str     0x0000000000001ae9      0x578 build/stm32f4xx_hal_can.o
                                        0xa44 (size before relaxing)
 .debug_str     0x0000000000002061      0xd03 build/stm32f4xx_hal_tim.o
                                       0x1386 (size before relaxing)
 .debug_str     0x0000000000002d64      0x50a build/stm32f4xx_hal_tim_ex.o
                                        0xc46 (size before relaxing)
 .debug_str     0x000000000000326e      0x19b build/stm32f4xx_hal_rcc.o
                                        0x6d2 (size before relaxing)
 .debug_str     0x0000000000003409      0x117 build/stm32f4xx_hal_gpio.o
                                        0x4d3 (size before relaxing)
 .debug_str     0x0000000000003520      0x39b build/stm32f4xx_hal_cortex.o
                                        0xbfd (size before relaxing)
 .debug_str     0x00000000000038bb      0x255 build/stm32f4xx_hal.o
                                        0xb2e (size before relaxing)
 .debug_str     0x0000000000003b10       0x42 build/system_stm32f4xx.o
                                        0x363 (size before relaxing)
 .debug_str     0x0000000000003b52      0x245 build/heap_4.o
                                        0x3c5 (size before relaxing)
 .debug_str     0x0000000000003d97      0x287 build/port.o
                                        0x436 (size before relaxing)
 .debug_str     0x000000000000401e      0xaa2 build/tasks.o
                                        0xdcc (size before relaxing)
 .debug_str     0x0000000000004ac0       0x6c build/list.o
                                        0x2d1 (size before relaxing)
 .debug_str     0x0000000000004b2c      0x6c8 build/cmsis_os.o
                                        0xdb7 (size before relaxing)
 .debug_str     0x00000000000051f4      0x511 build/stm32f4xx_hal_uart.o
                                        0xbd5 (size before relaxing)
 .debug_str     0x0000000000005705      0x4ab build/stm32f4xx_hal_spi.o
                                        0xb6d (size before relaxing)
 .debug_str     0x0000000000005bb0      0x795 build/stm32f4xx_hal_i2c.o
                                        0xf29 (size before relaxing)
 .debug_str     0x0000000000006345      0x1e2 /usr/lib/gcc/arm-none-eabi/4.9.3/../../../arm-none-eabi/lib/armv7e-m/fpu/libc_nano.a(lib_a-init.o)
                                        0x281 (size before relaxing)
 .debug_str     0x0000000000006527      0x1d3 /usr/lib/gcc/arm-none-eabi/4.9.3/armv7e-m/fpu/libgcc.a(bpabi.o)
                                        0x1f8 (size before relaxing)
 .debug_str     0x00000000000066fa      0x18f /usr/lib/gcc/arm-none-eabi/4.9.3/armv7e-m/fpu/libgcc.a(_divdi3.o)
                                        0x2a6 (size before relaxing)
 .debug_str     0x0000000000006889      0x2a7 /usr/lib/gcc/arm-none-eabi/4.9.3/armv7e-m/fpu/libgcc.a(_udivdi3.o)

.debug_frame    0x0000000000000000     0x3e38
 .debug_frame   0x0000000000000000      0x12c build/main.o
 .debug_frame   0x000000000000012c       0xa8 build/stm32f4xx_it.o
 .debug_frame   0x00000000000001d4      0x130 build/stm32f4xx_hal_msp.o
 .debug_frame   0x0000000000000304       0x50 build/stm32f4xx_hal_timebase_TIM.o
 .debug_frame   0x0000000000000354      0x30c build/stm32f4xx_hal_can.o
 .debug_frame   0x0000000000000660      0xafc build/stm32f4xx_hal_tim.o
 .debug_frame   0x000000000000115c      0x430 build/stm32f4xx_hal_tim_ex.o
 .debug_frame   0x000000000000158c      0x19c build/stm32f4xx_hal_rcc.o
 .debug_frame   0x0000000000001728       0xd4 build/stm32f4xx_hal_gpio.o
 .debug_frame   0x00000000000017fc      0x168 build/stm32f4xx_hal_cortex.o
 .debug_frame   0x0000000000001964      0x1e0 build/stm32f4xx_hal.o
 .debug_frame   0x0000000000001b44       0x30 build/system_stm32f4xx.o
 .debug_frame   0x0000000000001b74       0xb8 build/heap_4.o
 .debug_frame   0x0000000000001c2c       0xf8 build/port.o
 .debug_frame   0x0000000000001d24      0x578 build/tasks.o
 .debug_frame   0x000000000000229c       0x70 build/list.o
 .debug_frame   0x000000000000230c      0x5fc build/cmsis_os.o
 .debug_frame   0x0000000000002908      0x578 build/stm32f4xx_hal_uart.o
 .debug_frame   0x0000000000002e80      0x5b4 build/stm32f4xx_hal_spi.o
 .debug_frame   0x0000000000003434      0x8fc build/stm32f4xx_hal_i2c.o
 .debug_frame   0x0000000000003d30       0x2c /usr/lib/gcc/arm-none-eabi/4.9.3/../../../arm-none-eabi/lib/armv7e-m/fpu/libc_nano.a(lib_a-init.o)
 .debug_frame   0x0000000000003d5c       0x28 /usr/lib/gcc/arm-none-eabi/4.9.3/armv7e-m/fpu/libgcc.a(_aeabi_uldivmod.o)
 .debug_frame   0x0000000000003d84       0x50 /usr/lib/gcc/arm-none-eabi/4.9.3/armv7e-m/fpu/libgcc.a(bpabi.o)
 .debug_frame   0x0000000000003dd4       0x34 /usr/lib/gcc/arm-none-eabi/4.9.3/armv7e-m/fpu/libgcc.a(_divdi3.o)
 .debug_frame   0x0000000000003e08       0x30 /usr/lib/gcc/arm-none-eabi/4.9.3/armv7e-m/fpu/libgcc.a(_udivdi3.o)

Cross Reference Table

Symbol                                            File
ADC_IRQHandler                                    build/startup_stm32f407xx.o
AHBPrescTable                                     build/system_stm32f4xx.o
                                                  build/stm32f4xx_hal_rcc.o
APBPrescTable                                     build/system_stm32f4xx.o
                                                  build/stm32f4xx_hal_rcc.o
BusFault_Handler                                  build/stm32f4xx_it.o
CAN1_RX0_IRQHandler                               build/startup_stm32f407xx.o
CAN1_RX1_IRQHandler                               build/startup_stm32f407xx.o
CAN1_SCE_IRQHandler                               build/startup_stm32f407xx.o
CAN1_TX_IRQHandler                                build/startup_stm32f407xx.o
CAN2_RX0_IRQHandler                               build/startup_stm32f407xx.o
CAN2_RX1_IRQHandler                               build/startup_stm32f407xx.o
CAN2_SCE_IRQHandler                               build/startup_stm32f407xx.o
CAN2_TX_IRQHandler                                build/startup_stm32f407xx.o
DCMI_IRQHandler                                   build/startup_stm32f407xx.o
DMA1_Stream0_IRQHandler                           build/startup_stm32f407xx.o
DMA1_Stream1_IRQHandler                           build/startup_stm32f407xx.o
DMA1_Stream2_IRQHandler                           build/startup_stm32f407xx.o
DMA1_Stream3_IRQHandler                           build/startup_stm32f407xx.o
DMA1_Stream4_IRQHandler                           build/startup_stm32f407xx.o
DMA1_Stream5_IRQHandler                           build/startup_stm32f407xx.o
DMA1_Stream6_IRQHandler                           build/startup_stm32f407xx.o
DMA1_Stream7_IRQHandler                           build/startup_stm32f407xx.o
DMA2_Stream0_IRQHandler                           build/startup_stm32f407xx.o
DMA2_Stream1_IRQHandler                           build/startup_stm32f407xx.o
DMA2_Stream2_IRQHandler                           build/startup_stm32f407xx.o
DMA2_Stream3_IRQHandler                           build/startup_stm32f407xx.o
DMA2_Stream4_IRQHandler                           build/startup_stm32f407xx.o
DMA2_Stream5_IRQHandler                           build/startup_stm32f407xx.o
DMA2_Stream6_IRQHandler                           build/startup_stm32f407xx.o
DMA2_Stream7_IRQHandler                           build/startup_stm32f407xx.o
DebugMon_Handler                                  build/stm32f4xx_it.o
Default_Handler                                   build/startup_stm32f407xx.o
ETH_IRQHandler                                    build/startup_stm32f407xx.o
ETH_WKUP_IRQHandler                               build/startup_stm32f407xx.o
EXTI0_IRQHandler                                  build/startup_stm32f407xx.o
EXTI15_10_IRQHandler                              build/startup_stm32f407xx.o
EXTI1_IRQHandler                                  build/startup_stm32f407xx.o
EXTI2_IRQHandler                                  build/startup_stm32f407xx.o
EXTI3_IRQHandler                                  build/startup_stm32f407xx.o
EXTI4_IRQHandler                                  build/startup_stm32f407xx.o
EXTI9_5_IRQHandler                                build/startup_stm32f407xx.o
FLASH_Erase_Sector                                build/stm32f4xx_hal_flash_ex.o
                                                  build/stm32f4xx_hal_flash.o
FLASH_FlushCaches                                 build/stm32f4xx_hal_flash_ex.o
                                                  build/stm32f4xx_hal_flash.o
FLASH_IRQHandler                                  build/startup_stm32f407xx.o
FLASH_WaitForLastOperation                        build/stm32f4xx_hal_flash.o
                                                  build/stm32f4xx_hal_flash_ex.o
FPU_IRQHandler                                    build/startup_stm32f407xx.o
FSMC_IRQHandler                                   build/startup_stm32f407xx.o
HAL_CAN_AbortTxRequest                            build/stm32f4xx_hal_can.o
HAL_CAN_ActivateNotification                      build/stm32f4xx_hal_can.o
HAL_CAN_AddTxMessage                              build/stm32f4xx_hal_can.o
HAL_CAN_ConfigFilter                              build/stm32f4xx_hal_can.o
HAL_CAN_DeInit                                    build/stm32f4xx_hal_can.o
HAL_CAN_DeactivateNotification                    build/stm32f4xx_hal_can.o
HAL_CAN_ErrorCallback                             build/stm32f4xx_hal_can.o
HAL_CAN_GetError                                  build/stm32f4xx_hal_can.o
HAL_CAN_GetRxFifoFillLevel                        build/stm32f4xx_hal_can.o
HAL_CAN_GetRxMessage                              build/stm32f4xx_hal_can.o
HAL_CAN_GetState                                  build/stm32f4xx_hal_can.o
HAL_CAN_GetTxMailboxesFreeLevel                   build/stm32f4xx_hal_can.o
HAL_CAN_GetTxTimestamp                            build/stm32f4xx_hal_can.o
HAL_CAN_IRQHandler                                build/stm32f4xx_hal_can.o
HAL_CAN_Init                                      build/stm32f4xx_hal_can.o
                                                  build/main.o
HAL_CAN_IsSleepActive                             build/stm32f4xx_hal_can.o
HAL_CAN_IsTxMessagePending                        build/stm32f4xx_hal_can.o
HAL_CAN_MspDeInit                                 build/stm32f4xx_hal_msp.o
HAL_CAN_MspInit                                   build/stm32f4xx_hal_msp.o
HAL_CAN_RequestSleep                              build/stm32f4xx_hal_can.o
HAL_CAN_ResetError                                build/stm32f4xx_hal_can.o
HAL_CAN_RxFifo0FullCallback                       build/stm32f4xx_hal_can.o
HAL_CAN_RxFifo0MsgPendingCallback                 build/stm32f4xx_hal_can.o
HAL_CAN_RxFifo1FullCallback                       build/stm32f4xx_hal_can.o
HAL_CAN_RxFifo1MsgPendingCallback                 build/stm32f4xx_hal_can.o
HAL_CAN_SleepCallback                             build/stm32f4xx_hal_can.o
HAL_CAN_Start                                     build/stm32f4xx_hal_can.o
HAL_CAN_Stop                                      build/stm32f4xx_hal_can.o
HAL_CAN_TxMailbox0AbortCallback                   build/stm32f4xx_hal_can.o
HAL_CAN_TxMailbox0CompleteCallback                build/stm32f4xx_hal_can.o
HAL_CAN_TxMailbox1AbortCallback                   build/stm32f4xx_hal_can.o
HAL_CAN_TxMailbox1CompleteCallback                build/stm32f4xx_hal_can.o
HAL_CAN_TxMailbox2AbortCallback                   build/stm32f4xx_hal_can.o
HAL_CAN_TxMailbox2CompleteCallback                build/stm32f4xx_hal_can.o
HAL_CAN_WakeUp                                    build/stm32f4xx_hal_can.o
HAL_CAN_WakeUpFromRxMsgCallback                   build/stm32f4xx_hal_can.o
HAL_DBGMCU_DisableDBGSleepMode                    build/stm32f4xx_hal.o
HAL_DBGMCU_DisableDBGStandbyMode                  build/stm32f4xx_hal.o
HAL_DBGMCU_DisableDBGStopMode                     build/stm32f4xx_hal.o
HAL_DBGMCU_EnableDBGSleepMode                     build/stm32f4xx_hal.o
HAL_DBGMCU_EnableDBGStandbyMode                   build/stm32f4xx_hal.o
HAL_DBGMCU_EnableDBGStopMode                      build/stm32f4xx_hal.o
HAL_DMAEx_ChangeMemory                            build/stm32f4xx_hal_dma_ex.o
HAL_DMAEx_MultiBufferStart                        build/stm32f4xx_hal_dma_ex.o
HAL_DMAEx_MultiBufferStart_IT                     build/stm32f4xx_hal_dma_ex.o
HAL_DMA_Abort                                     build/stm32f4xx_hal_dma.o
                                                  build/stm32f4xx_hal_spi.o
                                                  build/stm32f4xx_hal_uart.o
                                                  build/stm32f4xx_hal_tim.o
HAL_DMA_Abort_IT                                  build/stm32f4xx_hal_dma.o
                                                  build/stm32f4xx_hal_i2c.o
                                                  build/stm32f4xx_hal_spi.o
                                                  build/stm32f4xx_hal_uart.o
HAL_DMA_DeInit                                    build/stm32f4xx_hal_dma.o
HAL_DMA_GetError                                  build/stm32f4xx_hal_dma.o
                                                  build/stm32f4xx_hal_i2c.o
HAL_DMA_GetState                                  build/stm32f4xx_hal_dma.o
HAL_DMA_IRQHandler                                build/stm32f4xx_hal_dma.o
HAL_DMA_Init                                      build/stm32f4xx_hal_dma.o
HAL_DMA_PollForTransfer                           build/stm32f4xx_hal_dma.o
HAL_DMA_RegisterCallback                          build/stm32f4xx_hal_dma.o
HAL_DMA_Start                                     build/stm32f4xx_hal_dma.o
HAL_DMA_Start_IT                                  build/stm32f4xx_hal_dma.o
                                                  build/stm32f4xx_hal_i2c.o
                                                  build/stm32f4xx_hal_spi.o
                                                  build/stm32f4xx_hal_uart.o
                                                  build/stm32f4xx_hal_tim_ex.o
                                                  build/stm32f4xx_hal_tim.o
HAL_DMA_UnRegisterCallback                        build/stm32f4xx_hal_dma.o
HAL_DeInit                                        build/stm32f4xx_hal.o
HAL_Delay                                         build/stm32f4xx_hal.o
HAL_DisableCompensationCell                       build/stm32f4xx_hal.o
HAL_EnableCompensationCell                        build/stm32f4xx_hal.o
HAL_FLASHEx_Erase                                 build/stm32f4xx_hal_flash_ex.o
HAL_FLASHEx_Erase_IT                              build/stm32f4xx_hal_flash_ex.o
HAL_FLASHEx_OBGetConfig                           build/stm32f4xx_hal_flash_ex.o
HAL_FLASHEx_OBProgram                             build/stm32f4xx_hal_flash_ex.o
HAL_FLASH_EndOfOperationCallback                  build/stm32f4xx_hal_flash.o
HAL_FLASH_GetError                                build/stm32f4xx_hal_flash.o
HAL_FLASH_IRQHandler                              build/stm32f4xx_hal_flash.o
HAL_FLASH_Lock                                    build/stm32f4xx_hal_flash.o
HAL_FLASH_OB_Launch                               build/stm32f4xx_hal_flash.o
HAL_FLASH_OB_Lock                                 build/stm32f4xx_hal_flash.o
HAL_FLASH_OB_Unlock                               build/stm32f4xx_hal_flash.o
HAL_FLASH_OperationErrorCallback                  build/stm32f4xx_hal_flash.o
HAL_FLASH_Program                                 build/stm32f4xx_hal_flash.o
HAL_FLASH_Program_IT                              build/stm32f4xx_hal_flash.o
HAL_FLASH_Unlock                                  build/stm32f4xx_hal_flash.o
HAL_GPIO_DeInit                                   build/stm32f4xx_hal_gpio.o
                                                  build/stm32f4xx_hal_msp.o
HAL_GPIO_EXTI_Callback                            build/stm32f4xx_hal_gpio.o
HAL_GPIO_EXTI_IRQHandler                          build/stm32f4xx_hal_gpio.o
HAL_GPIO_Init                                     build/stm32f4xx_hal_gpio.o
                                                  build/stm32f4xx_hal_rcc.o
                                                  build/stm32f4xx_hal_msp.o
                                                  build/main.o
HAL_GPIO_LockPin                                  build/stm32f4xx_hal_gpio.o
HAL_GPIO_ReadPin                                  build/stm32f4xx_hal_gpio.o
HAL_GPIO_TogglePin                                build/stm32f4xx_hal_gpio.o
HAL_GPIO_WritePin                                 build/stm32f4xx_hal_gpio.o
                                                  build/main.o
HAL_GetDEVID                                      build/stm32f4xx_hal.o
HAL_GetHalVersion                                 build/stm32f4xx_hal.o
HAL_GetREVID                                      build/stm32f4xx_hal.o
HAL_GetTick                                       build/stm32f4xx_hal.o
                                                  build/stm32f4xx_hal_i2c.o
                                                  build/stm32f4xx_hal_spi.o
                                                  build/stm32f4xx_hal_uart.o
                                                  build/stm32f4xx_hal_pwr_ex.o
                                                  build/stm32f4xx_hal_dma.o
                                                  build/stm32f4xx_hal_flash.o
                                                  build/stm32f4xx_hal_rcc_ex.o
                                                  build/stm32f4xx_hal_rcc.o
                                                  build/stm32f4xx_hal_can.o
HAL_GetTickFreq                                   build/stm32f4xx_hal.o
HAL_GetTickPrio                                   build/stm32f4xx_hal.o
HAL_GetUID                                        build/stm32f4xx_hal.o
HAL_HalfDuplex_EnableReceiver                     build/stm32f4xx_hal_uart.o
HAL_HalfDuplex_EnableTransmitter                  build/stm32f4xx_hal_uart.o
HAL_HalfDuplex_Init                               build/stm32f4xx_hal_uart.o
HAL_I2C_AbortCpltCallback                         build/stm32f4xx_hal_i2c.o
HAL_I2C_AddrCallback                              build/stm32f4xx_hal_i2c.o
HAL_I2C_DeInit                                    build/stm32f4xx_hal_i2c.o
HAL_I2C_DisableListen_IT                          build/stm32f4xx_hal_i2c.o
HAL_I2C_ER_IRQHandler                             build/stm32f4xx_hal_i2c.o
HAL_I2C_EV_IRQHandler                             build/stm32f4xx_hal_i2c.o
HAL_I2C_EnableListen_IT                           build/stm32f4xx_hal_i2c.o
HAL_I2C_ErrorCallback                             build/stm32f4xx_hal_i2c.o
HAL_I2C_GetError                                  build/stm32f4xx_hal_i2c.o
HAL_I2C_GetMode                                   build/stm32f4xx_hal_i2c.o
HAL_I2C_GetState                                  build/stm32f4xx_hal_i2c.o
HAL_I2C_Init                                      build/stm32f4xx_hal_i2c.o
                                                  build/main.o
HAL_I2C_IsDeviceReady                             build/stm32f4xx_hal_i2c.o
HAL_I2C_ListenCpltCallback                        build/stm32f4xx_hal_i2c.o
HAL_I2C_MasterRxCpltCallback                      build/stm32f4xx_hal_i2c.o
HAL_I2C_MasterTxCpltCallback                      build/stm32f4xx_hal_i2c.o
HAL_I2C_Master_Abort_IT                           build/stm32f4xx_hal_i2c.o
HAL_I2C_Master_Receive                            build/stm32f4xx_hal_i2c.o
HAL_I2C_Master_Receive_DMA                        build/stm32f4xx_hal_i2c.o
HAL_I2C_Master_Receive_IT                         build/stm32f4xx_hal_i2c.o
HAL_I2C_Master_Sequential_Receive_IT              build/stm32f4xx_hal_i2c.o
HAL_I2C_Master_Sequential_Transmit_IT             build/stm32f4xx_hal_i2c.o
HAL_I2C_Master_Transmit                           build/stm32f4xx_hal_i2c.o
HAL_I2C_Master_Transmit_DMA                       build/stm32f4xx_hal_i2c.o
HAL_I2C_Master_Transmit_IT                        build/stm32f4xx_hal_i2c.o
HAL_I2C_MemRxCpltCallback                         build/stm32f4xx_hal_i2c.o
HAL_I2C_MemTxCpltCallback                         build/stm32f4xx_hal_i2c.o
HAL_I2C_Mem_Read                                  build/stm32f4xx_hal_i2c.o
HAL_I2C_Mem_Read_DMA                              build/stm32f4xx_hal_i2c.o
HAL_I2C_Mem_Read_IT                               build/stm32f4xx_hal_i2c.o
HAL_I2C_Mem_Write                                 build/stm32f4xx_hal_i2c.o
HAL_I2C_Mem_Write_DMA                             build/stm32f4xx_hal_i2c.o
HAL_I2C_Mem_Write_IT                              build/stm32f4xx_hal_i2c.o
HAL_I2C_MspDeInit                                 build/stm32f4xx_hal_msp.o
HAL_I2C_MspInit                                   build/stm32f4xx_hal_msp.o
HAL_I2C_SlaveRxCpltCallback                       build/stm32f4xx_hal_i2c.o
HAL_I2C_SlaveTxCpltCallback                       build/stm32f4xx_hal_i2c.o
HAL_I2C_Slave_Receive                             build/stm32f4xx_hal_i2c.o
HAL_I2C_Slave_Receive_DMA                         build/stm32f4xx_hal_i2c.o
HAL_I2C_Slave_Receive_IT                          build/stm32f4xx_hal_i2c.o
HAL_I2C_Slave_Sequential_Receive_IT               build/stm32f4xx_hal_i2c.o
HAL_I2C_Slave_Sequential_Transmit_IT              build/stm32f4xx_hal_i2c.o
HAL_I2C_Slave_Transmit                            build/stm32f4xx_hal_i2c.o
HAL_I2C_Slave_Transmit_DMA                        build/stm32f4xx_hal_i2c.o
HAL_I2C_Slave_Transmit_IT                         build/stm32f4xx_hal_i2c.o
HAL_IncTick                                       build/stm32f4xx_hal.o
                                                  build/main.o
HAL_Init                                          build/stm32f4xx_hal.o
                                                  build/main.o
HAL_InitTick                                      build/stm32f4xx_hal_timebase_TIM.o
                                                  build/stm32f4xx_hal_rcc_ex.o
                                                  build/stm32f4xx_hal_rcc.o
HAL_LIN_Init                                      build/stm32f4xx_hal_uart.o
HAL_LIN_SendBreak                                 build/stm32f4xx_hal_uart.o
HAL_MPU_ConfigRegion                              build/stm32f4xx_hal_cortex.o
HAL_MPU_Disable                                   build/stm32f4xx_hal_cortex.o
HAL_MPU_Enable                                    build/stm32f4xx_hal_cortex.o
HAL_MspDeInit                                     build/stm32f4xx_hal.o
HAL_MspInit                                       build/stm32f4xx_hal_msp.o
HAL_MultiProcessor_EnterMuteMode                  build/stm32f4xx_hal_uart.o
HAL_MultiProcessor_ExitMuteMode                   build/stm32f4xx_hal_uart.o
HAL_MultiProcessor_Init                           build/stm32f4xx_hal_uart.o
HAL_NVIC_ClearPendingIRQ                          build/stm32f4xx_hal_cortex.o
HAL_NVIC_DisableIRQ                               build/stm32f4xx_hal_cortex.o
HAL_NVIC_EnableIRQ                                build/stm32f4xx_hal_cortex.o
                                                  build/stm32f4xx_hal_timebase_TIM.o
HAL_NVIC_GetActive                                build/stm32f4xx_hal_cortex.o
HAL_NVIC_GetPendingIRQ                            build/stm32f4xx_hal_cortex.o
HAL_NVIC_GetPriority                              build/stm32f4xx_hal_cortex.o
HAL_NVIC_GetPriorityGrouping                      build/stm32f4xx_hal_cortex.o
HAL_NVIC_SetPendingIRQ                            build/stm32f4xx_hal_cortex.o
HAL_NVIC_SetPriority                              build/stm32f4xx_hal_cortex.o
                                                  build/stm32f4xx_hal.o
                                                  build/stm32f4xx_hal_timebase_TIM.o
                                                  build/stm32f4xx_hal_msp.o
                                                  build/main.o
HAL_NVIC_SetPriorityGrouping                      build/stm32f4xx_hal_cortex.o
                                                  build/stm32f4xx_hal.o
                                                  build/stm32f4xx_hal_msp.o
HAL_NVIC_SystemReset                              build/stm32f4xx_hal_cortex.o
HAL_PWREx_ControlVoltageScaling                   build/stm32f4xx_hal_pwr_ex.o
HAL_PWREx_DisableBkUpReg                          build/stm32f4xx_hal_pwr_ex.o
HAL_PWREx_DisableFlashPowerDown                   build/stm32f4xx_hal_pwr_ex.o
HAL_PWREx_EnableBkUpReg                           build/stm32f4xx_hal_pwr_ex.o
HAL_PWREx_EnableFlashPowerDown                    build/stm32f4xx_hal_pwr_ex.o
HAL_PWREx_GetVoltageRange                         build/stm32f4xx_hal_pwr_ex.o
HAL_PWR_ConfigPVD                                 build/stm32f4xx_hal_pwr.o
HAL_PWR_DeInit                                    build/stm32f4xx_hal_pwr.o
HAL_PWR_DisableBkUpAccess                         build/stm32f4xx_hal_pwr.o
HAL_PWR_DisablePVD                                build/stm32f4xx_hal_pwr.o
HAL_PWR_DisableSEVOnPend                          build/stm32f4xx_hal_pwr.o
HAL_PWR_DisableSleepOnExit                        build/stm32f4xx_hal_pwr.o
HAL_PWR_DisableWakeUpPin                          build/stm32f4xx_hal_pwr.o
HAL_PWR_EnableBkUpAccess                          build/stm32f4xx_hal_pwr.o
HAL_PWR_EnablePVD                                 build/stm32f4xx_hal_pwr.o
HAL_PWR_EnableSEVOnPend                           build/stm32f4xx_hal_pwr.o
HAL_PWR_EnableSleepOnExit                         build/stm32f4xx_hal_pwr.o
HAL_PWR_EnableWakeUpPin                           build/stm32f4xx_hal_pwr.o
HAL_PWR_EnterSLEEPMode                            build/stm32f4xx_hal_pwr.o
HAL_PWR_EnterSTANDBYMode                          build/stm32f4xx_hal_pwr.o
HAL_PWR_EnterSTOPMode                             build/stm32f4xx_hal_pwr.o
HAL_PWR_PVDCallback                               build/stm32f4xx_hal_pwr.o
HAL_PWR_PVD_IRQHandler                            build/stm32f4xx_hal_pwr.o
HAL_RCCEx_DisablePLLI2S                           build/stm32f4xx_hal_rcc_ex.o
HAL_RCCEx_EnablePLLI2S                            build/stm32f4xx_hal_rcc_ex.o
HAL_RCCEx_GetPeriphCLKConfig                      build/stm32f4xx_hal_rcc_ex.o
HAL_RCCEx_GetPeriphCLKFreq                        build/stm32f4xx_hal_rcc_ex.o
HAL_RCCEx_PeriphCLKConfig                         build/stm32f4xx_hal_rcc_ex.o
HAL_RCC_CSSCallback                               build/stm32f4xx_hal_rcc.o
HAL_RCC_ClockConfig                               build/stm32f4xx_hal_rcc.o
                                                  build/main.o
HAL_RCC_DeInit                                    build/stm32f4xx_hal_rcc_ex.o
                                                  build/stm32f4xx_hal_rcc.o
HAL_RCC_DisableCSS                                build/stm32f4xx_hal_rcc.o
HAL_RCC_EnableCSS                                 build/stm32f4xx_hal_rcc.o
HAL_RCC_GetClockConfig                            build/stm32f4xx_hal_rcc.o
                                                  build/stm32f4xx_hal_timebase_TIM.o
HAL_RCC_GetHCLKFreq                               build/stm32f4xx_hal_rcc.o
                                                  build/main.o
HAL_RCC_GetOscConfig                              build/stm32f4xx_hal_rcc.o
HAL_RCC_GetPCLK1Freq                              build/stm32f4xx_hal_rcc.o
                                                  build/stm32f4xx_hal_i2c.o
                                                  build/stm32f4xx_hal_uart.o
HAL_RCC_GetPCLK2Freq                              build/stm32f4xx_hal_rcc.o
                                                  build/stm32f4xx_hal_uart.o
                                                  build/stm32f4xx_hal_timebase_TIM.o
HAL_RCC_GetSysClockFreq                           build/stm32f4xx_hal_rcc.o
HAL_RCC_MCOConfig                                 build/stm32f4xx_hal_rcc.o
HAL_RCC_NMI_IRQHandler                            build/stm32f4xx_hal_rcc.o
HAL_RCC_OscConfig                                 build/stm32f4xx_hal_rcc.o
                                                  build/main.o
HAL_ResumeTick                                    build/stm32f4xx_hal_timebase_TIM.o
HAL_SPI_Abort                                     build/stm32f4xx_hal_spi.o
HAL_SPI_AbortCpltCallback                         build/stm32f4xx_hal_spi.o
HAL_SPI_Abort_IT                                  build/stm32f4xx_hal_spi.o
HAL_SPI_DMAPause                                  build/stm32f4xx_hal_spi.o
HAL_SPI_DMAResume                                 build/stm32f4xx_hal_spi.o
HAL_SPI_DMAStop                                   build/stm32f4xx_hal_spi.o
HAL_SPI_DeInit                                    build/stm32f4xx_hal_spi.o
HAL_SPI_ErrorCallback                             build/stm32f4xx_hal_spi.o
HAL_SPI_GetError                                  build/stm32f4xx_hal_spi.o
HAL_SPI_GetState                                  build/stm32f4xx_hal_spi.o
HAL_SPI_IRQHandler                                build/stm32f4xx_hal_spi.o
HAL_SPI_Init                                      build/stm32f4xx_hal_spi.o
                                                  build/main.o
HAL_SPI_MspDeInit                                 build/stm32f4xx_hal_msp.o
HAL_SPI_MspInit                                   build/stm32f4xx_hal_msp.o
HAL_SPI_Receive                                   build/stm32f4xx_hal_spi.o
HAL_SPI_Receive_DMA                               build/stm32f4xx_hal_spi.o
HAL_SPI_Receive_IT                                build/stm32f4xx_hal_spi.o
HAL_SPI_RxCpltCallback                            build/stm32f4xx_hal_spi.o
HAL_SPI_RxHalfCpltCallback                        build/stm32f4xx_hal_spi.o
HAL_SPI_Transmit                                  build/stm32f4xx_hal_spi.o
HAL_SPI_TransmitReceive                           build/stm32f4xx_hal_spi.o
HAL_SPI_TransmitReceive_DMA                       build/stm32f4xx_hal_spi.o
HAL_SPI_TransmitReceive_IT                        build/stm32f4xx_hal_spi.o
HAL_SPI_Transmit_DMA                              build/stm32f4xx_hal_spi.o
HAL_SPI_Transmit_IT                               build/stm32f4xx_hal_spi.o
HAL_SPI_TxCpltCallback                            build/stm32f4xx_hal_spi.o
HAL_SPI_TxHalfCpltCallback                        build/stm32f4xx_hal_spi.o
HAL_SPI_TxRxCpltCallback                          build/stm32f4xx_hal_spi.o
HAL_SPI_TxRxHalfCpltCallback                      build/stm32f4xx_hal_spi.o
HAL_SYSTICK_CLKSourceConfig                       build/stm32f4xx_hal_cortex.o
                                                  build/main.o
HAL_SYSTICK_Callback                              build/stm32f4xx_hal_cortex.o
HAL_SYSTICK_Config                                build/stm32f4xx_hal_cortex.o
                                                  build/stm32f4xx_hal.o
                                                  build/main.o
HAL_SYSTICK_IRQHandler                            build/stm32f4xx_hal_cortex.o
HAL_SetTickFreq                                   build/stm32f4xx_hal.o
HAL_SuspendTick                                   build/stm32f4xx_hal_timebase_TIM.o
HAL_TIMEx_BreakCallback                           build/stm32f4xx_hal_tim_ex.o
                                                  build/stm32f4xx_hal_tim.o
HAL_TIMEx_CommutationCallback                     build/stm32f4xx_hal_tim_ex.o
                                                  build/stm32f4xx_hal_tim.o
HAL_TIMEx_ConfigBreakDeadTime                     build/stm32f4xx_hal_tim_ex.o
HAL_TIMEx_ConfigCommutationEvent                  build/stm32f4xx_hal_tim_ex.o
HAL_TIMEx_ConfigCommutationEvent_DMA              build/stm32f4xx_hal_tim_ex.o
HAL_TIMEx_ConfigCommutationEvent_IT               build/stm32f4xx_hal_tim_ex.o
HAL_TIMEx_HallSensor_DeInit                       build/stm32f4xx_hal_tim_ex.o
HAL_TIMEx_HallSensor_GetState                     build/stm32f4xx_hal_tim_ex.o
HAL_TIMEx_HallSensor_Init                         build/stm32f4xx_hal_tim_ex.o
HAL_TIMEx_HallSensor_MspDeInit                    build/stm32f4xx_hal_tim_ex.o
HAL_TIMEx_HallSensor_MspInit                      build/stm32f4xx_hal_tim_ex.o
HAL_TIMEx_HallSensor_Start                        build/stm32f4xx_hal_tim_ex.o
HAL_TIMEx_HallSensor_Start_DMA                    build/stm32f4xx_hal_tim_ex.o
HAL_TIMEx_HallSensor_Start_IT                     build/stm32f4xx_hal_tim_ex.o
HAL_TIMEx_HallSensor_Stop                         build/stm32f4xx_hal_tim_ex.o
HAL_TIMEx_HallSensor_Stop_DMA                     build/stm32f4xx_hal_tim_ex.o
HAL_TIMEx_HallSensor_Stop_IT                      build/stm32f4xx_hal_tim_ex.o
HAL_TIMEx_MasterConfigSynchronization             build/stm32f4xx_hal_tim_ex.o
HAL_TIMEx_OCN_Start                               build/stm32f4xx_hal_tim_ex.o
HAL_TIMEx_OCN_Start_DMA                           build/stm32f4xx_hal_tim_ex.o
HAL_TIMEx_OCN_Start_IT                            build/stm32f4xx_hal_tim_ex.o
HAL_TIMEx_OCN_Stop                                build/stm32f4xx_hal_tim_ex.o
HAL_TIMEx_OCN_Stop_DMA                            build/stm32f4xx_hal_tim_ex.o
HAL_TIMEx_OCN_Stop_IT                             build/stm32f4xx_hal_tim_ex.o
HAL_TIMEx_OnePulseN_Start                         build/stm32f4xx_hal_tim_ex.o
HAL_TIMEx_OnePulseN_Start_IT                      build/stm32f4xx_hal_tim_ex.o
HAL_TIMEx_OnePulseN_Stop                          build/stm32f4xx_hal_tim_ex.o
HAL_TIMEx_OnePulseN_Stop_IT                       build/stm32f4xx_hal_tim_ex.o
HAL_TIMEx_PWMN_Start                              build/stm32f4xx_hal_tim_ex.o
HAL_TIMEx_PWMN_Start_DMA                          build/stm32f4xx_hal_tim_ex.o
HAL_TIMEx_PWMN_Start_IT                           build/stm32f4xx_hal_tim_ex.o
HAL_TIMEx_PWMN_Stop                               build/stm32f4xx_hal_tim_ex.o
HAL_TIMEx_PWMN_Stop_DMA                           build/stm32f4xx_hal_tim_ex.o
HAL_TIMEx_PWMN_Stop_IT                            build/stm32f4xx_hal_tim_ex.o
HAL_TIMEx_RemapConfig                             build/stm32f4xx_hal_tim_ex.o
HAL_TIM_Base_DeInit                               build/stm32f4xx_hal_tim.o
HAL_TIM_Base_GetState                             build/stm32f4xx_hal_tim.o
HAL_TIM_Base_Init                                 build/stm32f4xx_hal_tim.o
                                                  build/stm32f4xx_hal_timebase_TIM.o
HAL_TIM_Base_MspDeInit                            build/stm32f4xx_hal_tim.o
HAL_TIM_Base_MspInit                              build/stm32f4xx_hal_tim.o
HAL_TIM_Base_Start                                build/stm32f4xx_hal_tim.o
HAL_TIM_Base_Start_DMA                            build/stm32f4xx_hal_tim.o
HAL_TIM_Base_Start_IT                             build/stm32f4xx_hal_tim.o
                                                  build/stm32f4xx_hal_timebase_TIM.o
HAL_TIM_Base_Stop                                 build/stm32f4xx_hal_tim.o
HAL_TIM_Base_Stop_DMA                             build/stm32f4xx_hal_tim.o
HAL_TIM_Base_Stop_IT                              build/stm32f4xx_hal_tim.o
HAL_TIM_ConfigClockSource                         build/stm32f4xx_hal_tim.o
HAL_TIM_ConfigOCrefClear                          build/stm32f4xx_hal_tim.o
HAL_TIM_ConfigTI1Input                            build/stm32f4xx_hal_tim.o
HAL_TIM_DMABurst_ReadStart                        build/stm32f4xx_hal_tim.o
HAL_TIM_DMABurst_ReadStop                         build/stm32f4xx_hal_tim.o
HAL_TIM_DMABurst_WriteStart                       build/stm32f4xx_hal_tim.o
HAL_TIM_DMABurst_WriteStop                        build/stm32f4xx_hal_tim.o
HAL_TIM_Encoder_DeInit                            build/stm32f4xx_hal_tim.o
HAL_TIM_Encoder_GetState                          build/stm32f4xx_hal_tim.o
HAL_TIM_Encoder_Init                              build/stm32f4xx_hal_tim.o
HAL_TIM_Encoder_MspDeInit                         build/stm32f4xx_hal_tim.o
HAL_TIM_Encoder_MspInit                           build/stm32f4xx_hal_tim.o
HAL_TIM_Encoder_Start                             build/stm32f4xx_hal_tim.o
HAL_TIM_Encoder_Start_DMA                         build/stm32f4xx_hal_tim.o
HAL_TIM_Encoder_Start_IT                          build/stm32f4xx_hal_tim.o
HAL_TIM_Encoder_Stop                              build/stm32f4xx_hal_tim.o
HAL_TIM_Encoder_Stop_DMA                          build/stm32f4xx_hal_tim.o
HAL_TIM_Encoder_Stop_IT                           build/stm32f4xx_hal_tim.o
HAL_TIM_ErrorCallback                             build/stm32f4xx_hal_tim.o
HAL_TIM_GenerateEvent                             build/stm32f4xx_hal_tim.o
HAL_TIM_IC_CaptureCallback                        build/stm32f4xx_hal_tim.o
HAL_TIM_IC_ConfigChannel                          build/stm32f4xx_hal_tim.o
HAL_TIM_IC_DeInit                                 build/stm32f4xx_hal_tim.o
HAL_TIM_IC_GetState                               build/stm32f4xx_hal_tim.o
HAL_TIM_IC_Init                                   build/stm32f4xx_hal_tim.o
HAL_TIM_IC_MspDeInit                              build/stm32f4xx_hal_tim.o
HAL_TIM_IC_MspInit                                build/stm32f4xx_hal_tim.o
HAL_TIM_IC_Start                                  build/stm32f4xx_hal_tim.o
HAL_TIM_IC_Start_DMA                              build/stm32f4xx_hal_tim.o
HAL_TIM_IC_Start_IT                               build/stm32f4xx_hal_tim.o
HAL_TIM_IC_Stop                                   build/stm32f4xx_hal_tim.o
HAL_TIM_IC_Stop_DMA                               build/stm32f4xx_hal_tim.o
HAL_TIM_IC_Stop_IT                                build/stm32f4xx_hal_tim.o
HAL_TIM_IRQHandler                                build/stm32f4xx_hal_tim.o
                                                  build/stm32f4xx_it.o
HAL_TIM_OC_ConfigChannel                          build/stm32f4xx_hal_tim.o
HAL_TIM_OC_DeInit                                 build/stm32f4xx_hal_tim.o
HAL_TIM_OC_DelayElapsedCallback                   build/stm32f4xx_hal_tim.o
HAL_TIM_OC_GetState                               build/stm32f4xx_hal_tim.o
HAL_TIM_OC_Init                                   build/stm32f4xx_hal_tim.o
HAL_TIM_OC_MspDeInit                              build/stm32f4xx_hal_tim.o
HAL_TIM_OC_MspInit                                build/stm32f4xx_hal_tim.o
HAL_TIM_OC_Start                                  build/stm32f4xx_hal_tim.o
HAL_TIM_OC_Start_DMA                              build/stm32f4xx_hal_tim.o
HAL_TIM_OC_Start_IT                               build/stm32f4xx_hal_tim.o
HAL_TIM_OC_Stop                                   build/stm32f4xx_hal_tim.o
HAL_TIM_OC_Stop_DMA                               build/stm32f4xx_hal_tim.o
HAL_TIM_OC_Stop_IT                                build/stm32f4xx_hal_tim.o
HAL_TIM_OnePulse_ConfigChannel                    build/stm32f4xx_hal_tim.o
HAL_TIM_OnePulse_DeInit                           build/stm32f4xx_hal_tim.o
HAL_TIM_OnePulse_GetState                         build/stm32f4xx_hal_tim.o
HAL_TIM_OnePulse_Init                             build/stm32f4xx_hal_tim.o
HAL_TIM_OnePulse_MspDeInit                        build/stm32f4xx_hal_tim.o
HAL_TIM_OnePulse_MspInit                          build/stm32f4xx_hal_tim.o
HAL_TIM_OnePulse_Start                            build/stm32f4xx_hal_tim.o
HAL_TIM_OnePulse_Start_IT                         build/stm32f4xx_hal_tim.o
HAL_TIM_OnePulse_Stop                             build/stm32f4xx_hal_tim.o
HAL_TIM_OnePulse_Stop_IT                          build/stm32f4xx_hal_tim.o
HAL_TIM_PWM_ConfigChannel                         build/stm32f4xx_hal_tim.o
HAL_TIM_PWM_DeInit                                build/stm32f4xx_hal_tim.o
HAL_TIM_PWM_GetState                              build/stm32f4xx_hal_tim.o
HAL_TIM_PWM_Init                                  build/stm32f4xx_hal_tim.o
HAL_TIM_PWM_MspDeInit                             build/stm32f4xx_hal_tim.o
HAL_TIM_PWM_MspInit                               build/stm32f4xx_hal_tim.o
HAL_TIM_PWM_PulseFinishedCallback                 build/stm32f4xx_hal_tim.o
HAL_TIM_PWM_Start                                 build/stm32f4xx_hal_tim.o
HAL_TIM_PWM_Start_DMA                             build/stm32f4xx_hal_tim.o
HAL_TIM_PWM_Start_IT                              build/stm32f4xx_hal_tim.o
HAL_TIM_PWM_Stop                                  build/stm32f4xx_hal_tim.o
HAL_TIM_PWM_Stop_DMA                              build/stm32f4xx_hal_tim.o
HAL_TIM_PWM_Stop_IT                               build/stm32f4xx_hal_tim.o
HAL_TIM_PeriodElapsedCallback                     build/main.o
HAL_TIM_ReadCapturedValue                         build/stm32f4xx_hal_tim.o
HAL_TIM_SlaveConfigSynchronization                build/stm32f4xx_hal_tim.o
HAL_TIM_SlaveConfigSynchronization_IT             build/stm32f4xx_hal_tim.o
HAL_TIM_TriggerCallback                           build/stm32f4xx_hal_tim.o
HAL_UART_Abort                                    build/stm32f4xx_hal_uart.o
HAL_UART_AbortCpltCallback                        build/stm32f4xx_hal_uart.o
HAL_UART_AbortReceive                             build/stm32f4xx_hal_uart.o