Archive member included to satisfy reference by file (symbol)

/usr/lib/gcc/arm-none-eabi/4.9.3/../../../arm-none-eabi/lib/armv7e-m/fpu/libc_nano.a(lib_a-atexit.o)
                              /usr/lib/gcc/arm-none-eabi/4.9.3/../../../arm-none-eabi/lib/armv7e-m/fpu/crt0.o (atexit)
/usr/lib/gcc/arm-none-eabi/4.9.3/../../../arm-none-eabi/lib/armv7e-m/fpu/libc_nano.a(lib_a-exit.o)
                              /usr/lib/gcc/arm-none-eabi/4.9.3/../../../arm-none-eabi/lib/armv7e-m/fpu/crt0.o (exit)
/usr/lib/gcc/arm-none-eabi/4.9.3/../../../arm-none-eabi/lib/armv7e-m/fpu/libc_nano.a(lib_a-fini.o)
                              /usr/lib/gcc/arm-none-eabi/4.9.3/../../../arm-none-eabi/lib/armv7e-m/fpu/crt0.o (__libc_fini_array)
/usr/lib/gcc/arm-none-eabi/4.9.3/../../../arm-none-eabi/lib/armv7e-m/fpu/libc_nano.a(lib_a-impure.o)
                              /usr/lib/gcc/arm-none-eabi/4.9.3/../../../arm-none-eabi/lib/armv7e-m/fpu/libc_nano.a(lib_a-exit.o) (_global_impure_ptr)
/usr/lib/gcc/arm-none-eabi/4.9.3/../../../arm-none-eabi/lib/armv7e-m/fpu/libc_nano.a(lib_a-init.o)
                              /usr/lib/gcc/arm-none-eabi/4.9.3/../../../arm-none-eabi/lib/armv7e-m/fpu/crt0.o (__libc_init_array)
/usr/lib/gcc/arm-none-eabi/4.9.3/../../../arm-none-eabi/lib/armv7e-m/fpu/libc_nano.a(lib_a-memcpy.o)
                              build/queue.o (memcpy)
/usr/lib/gcc/arm-none-eabi/4.9.3/../../../arm-none-eabi/lib/armv7e-m/fpu/libc_nano.a(lib_a-memset.o)
                              /usr/lib/gcc/arm-none-eabi/4.9.3/../../../arm-none-eabi/lib/armv7e-m/fpu/crt0.o (memset)
/usr/lib/gcc/arm-none-eabi/4.9.3/../../../arm-none-eabi/lib/armv7e-m/fpu/libc_nano.a(lib_a-__atexit.o)
                              /usr/lib/gcc/arm-none-eabi/4.9.3/../../../arm-none-eabi/lib/armv7e-m/fpu/libc_nano.a(lib_a-atexit.o) (__register_exitproc)
/usr/lib/gcc/arm-none-eabi/4.9.3/../../../arm-none-eabi/lib/armv7e-m/fpu/libc_nano.a(lib_a-__call_atexit.o)
                              /usr/lib/gcc/arm-none-eabi/4.9.3/../../../arm-none-eabi/lib/armv7e-m/fpu/libc_nano.a(lib_a-__atexit.o) (__call_exitprocs)
/usr/lib/gcc/arm-none-eabi/4.9.3/../../../arm-none-eabi/lib/armv7e-m/fpu/libnosys.a(_exit.o)
                              /usr/lib/gcc/arm-none-eabi/4.9.3/../../../arm-none-eabi/lib/armv7e-m/fpu/libc_nano.a(lib_a-exit.o) (_exit)
/usr/lib/gcc/arm-none-eabi/4.9.3/armv7e-m/fpu/libgcc.a(_aeabi_uldivmod.o)
                              build/stm32f4xx_hal_rcc.o (__aeabi_uldivmod)
/usr/lib/gcc/arm-none-eabi/4.9.3/armv7e-m/fpu/libgcc.a(bpabi.o)
                              /usr/lib/gcc/arm-none-eabi/4.9.3/armv7e-m/fpu/libgcc.a(_aeabi_uldivmod.o) (__gnu_uldivmod_helper)
/usr/lib/gcc/arm-none-eabi/4.9.3/armv7e-m/fpu/libgcc.a(_dvmd_tls.o)
                              /usr/lib/gcc/arm-none-eabi/4.9.3/armv7e-m/fpu/libgcc.a(_aeabi_uldivmod.o) (__aeabi_ldiv0)
/usr/lib/gcc/arm-none-eabi/4.9.3/armv7e-m/fpu/libgcc.a(_divdi3.o)
                              /usr/lib/gcc/arm-none-eabi/4.9.3/armv7e-m/fpu/libgcc.a(bpabi.o) (__divdi3)
/usr/lib/gcc/arm-none-eabi/4.9.3/armv7e-m/fpu/libgcc.a(_udivdi3.o)
                              /usr/lib/gcc/arm-none-eabi/4.9.3/armv7e-m/fpu/libgcc.a(bpabi.o) (__udivdi3)

Allocating common symbols
Common symbol       size              file

defaultTaskHandle   0x4               build/main.o
hspi2               0x58              build/main.o
spiB                0x1c              build/main.o
putMessageQueueADCHandle
                    0x4               build/main.o
putMessageQueueHandle
                    0x4               build/main.o
putMessageQueueSPIHandle
                    0x4               build/main.o
huart               0x40              build/main.o
hcan                0x28              build/main.o
uwTick              0x4               build/stm32f4xx_hal.o
xQueueRegistry      0x40              build/queue.o
pFlash              0x20              build/stm32f4xx_hal_flash.o
hdma                0x60              build/main.o
hspi3               0x58              build/main.o
spiBTaskHandle      0x4               build/main.o
uartTaskHandle      0x4               build/main.o
hadc1               0x48              build/main.o
getMessageQueueHandle
                    0x4               build/main.o
spiA                0x1c              build/main.o
adc                 0x8               build/main.o
i2c                 0x16              build/main.o
can                 0x1c              build/main.o
htim1               0x3c              build/stm32f4xx_hal_timebase_TIM.o
adcbuffer           0x10              build/main.o
spiATaskHandle      0x4               build/main.o
hi2c                0x54              build/main.o
putMessageQueueI2CHandle
                    0x4               build/main.o

Discarded input sections

 .text          0x0000000000000000        0x0 /usr/lib/gcc/arm-none-eabi/4.9.3/armv7e-m/fpu/crti.o
 .data          0x0000000000000000        0x0 /usr/lib/gcc/arm-none-eabi/4.9.3/armv7e-m/fpu/crti.o
[...]
Memory Configuration

Name             Origin             Length             Attributes
RAM              0x0000000020000000 0x0000000000020000 xrw
CCMRAM           0x0000000010000000 0x0000000000010000 rw
FLASH            0x0000000008000000 0x0000000000100000 xr
*default*        0x0000000000000000 0xffffffffffffffff

Linker script and memory map

LOAD /usr/lib/gcc/arm-none-eabi/4.9.3/armv7e-m/fpu/crti.o
LOAD /usr/lib/gcc/arm-none-eabi/4.9.3/armv7e-m/fpu/crtbegin.o
LOAD /usr/lib/gcc/arm-none-eabi/4.9.3/../../../arm-none-eabi/lib/armv7e-m/fpu/crt0.o
LOAD build/main.o
LOAD build/freertos.o
LOAD build/stm32f4xx_it.o
LOAD build/stm32f4xx_hal_msp.o
LOAD build/stm32f4xx_hal_timebase_TIM.o
LOAD build/stm32f4xx_hal_can.o
LOAD build/stm32f4xx_hal_tim.o
LOAD build/stm32f4xx_hal_tim_ex.o
LOAD build/stm32f4xx_hal_rcc.o
LOAD build/stm32f4xx_hal_rcc_ex.o
LOAD build/stm32f4xx_hal_flash.o
LOAD build/stm32f4xx_hal_flash_ex.o
LOAD build/stm32f4xx_hal_flash_ramfunc.o
LOAD build/stm32f4xx_hal_gpio.o
LOAD build/stm32f4xx_hal_dma_ex.o
LOAD build/stm32f4xx_hal_dma.o
LOAD build/stm32f4xx_hal_pwr.o
LOAD build/stm32f4xx_hal_pwr_ex.o
LOAD build/stm32f4xx_hal_cortex.o
LOAD build/stm32f4xx_hal.o
LOAD build/system_stm32f4xx.o
LOAD build/heap_4.o
LOAD build/port.o
LOAD build/timers.o
LOAD build/event_groups.o
LOAD build/tasks.o
LOAD build/queue.o
LOAD build/list.o
LOAD build/croutine.o
LOAD build/cmsis_os.o
LOAD build/stm32f4xx_hal_uart.o
LOAD build/stm32f4xx_hal_spi.o
LOAD build/stm32f4xx_hal_i2c.o
LOAD build/stm32f4xx_hal_adc.o
LOAD build/stm32f4xx_hal_i2c_ex.o
LOAD build/startup_stm32f405xx.o
LOAD /usr/lib/gcc/arm-none-eabi/4.9.3/../../../arm-none-eabi/lib/armv7e-m/fpu/libc_nano.a
LOAD /usr/lib/gcc/arm-none-eabi/4.9.3/../../../arm-none-eabi/lib/armv7e-m/fpu/libm.a
LOAD /usr/lib/gcc/arm-none-eabi/4.9.3/../../../arm-none-eabi/lib/armv7e-m/fpu/libnosys.a
START GROUP
LOAD /usr/lib/gcc/arm-none-eabi/4.9.3/armv7e-m/fpu/libgcc.a
LOAD /usr/lib/gcc/arm-none-eabi/4.9.3/../../../arm-none-eabi/lib/armv7e-m/fpu/libc_nano.a
END GROUP
START GROUP
LOAD /usr/lib/gcc/arm-none-eabi/4.9.3/armv7e-m/fpu/libgcc.a
LOAD /usr/lib/gcc/arm-none-eabi/4.9.3/../../../arm-none-eabi/lib/armv7e-m/fpu/libc_nano.a
END GROUP
LOAD /usr/lib/gcc/arm-none-eabi/4.9.3/armv7e-m/fpu/crtend.o
LOAD /usr/lib/gcc/arm-none-eabi/4.9.3/armv7e-m/fpu/crtn.o
                0x0000000020020000                _estack = 0x20020000
                0x0000000000000200                _Min_Heap_Size = 0x200
                0x0000000000000400                _Min_Stack_Size = 0x400

.isr_vector     0x0000000008000000      0x188
                0x0000000008000000                . = ALIGN (0x4)
 *(.isr_vector)
 .isr_vector    0x0000000008000000      0x188 build/startup_stm32f405xx.o
                0x0000000008000000                g_pfnVectors
                0x0000000008000188                . = ALIGN (0x4)

.text           0x0000000008000190     0x5f28
                0x0000000008000190                . = ALIGN (0x4)
 *(.text)
 .text          0x0000000008000190       0xa4 /usr/lib/gcc/arm-none-eabi/4.9.3/armv7e-m/fpu/crtbegin.o
 .text          0x0000000008000234       0x30 /usr/lib/gcc/arm-none-eabi/4.9.3/armv7e-m/fpu/libgcc.a(_aeabi_uldivmod.o)
                0x0000000008000234                __aeabi_uldivmod
 .text          0x0000000008000264       0x60 /usr/lib/gcc/arm-none-eabi/4.9.3/armv7e-m/fpu/libgcc.a(bpabi.o)
                0x0000000008000264                __gnu_ldivmod_helper
                0x0000000008000294                __gnu_uldivmod_helper
 .text          0x00000000080002c4        0x4 /usr/lib/gcc/arm-none-eabi/4.9.3/armv7e-m/fpu/libgcc.a(_dvmd_tls.o)
                0x00000000080002c4                __aeabi_ldiv0
                0x00000000080002c4                __aeabi_idiv0
 .text          0x00000000080002c8      0x29c /usr/lib/gcc/arm-none-eabi/4.9.3/armv7e-m/fpu/libgcc.a(_divdi3.o)
                0x00000000080002c8                __divdi3
 .text          0x0000000008000564      0x26c /usr/lib/gcc/arm-none-eabi/4.9.3/armv7e-m/fpu/libgcc.a(_udivdi3.o)
                0x0000000008000564                __udivdi3
 *(.text*)
 .text.eecs_GPIO_Clock_Init
                0x00000000080007d0       0x98 build/main.o
                0x00000000080007d0                eecs_GPIO_Clock_Init
 .text.eecs_SPI_Init
                0x0000000008000868      0x1a8 build/main.o
                0x0000000008000868                eecs_SPI_Init
 .text.eecs_SPI_ReadSetupReg
                0x0000000008000a10       0x64 build/main.o
                0x0000000008000a10                eecs_SPI_ReadSetupReg
 .text.eecs_SPI_Begin
                0x0000000008000a74      0x12c build/main.o
                0x0000000008000a74                eecs_SPI_Begin
 .text.eecs_SPI_Wait
                0x0000000008000ba0       0x94 build/main.o
                0x0000000008000ba0                eecs_SPI_Wait
 .text.eecs_SPI_Read
                0x0000000008000c34      0x16c build/main.o
                0x0000000008000c34                eecs_SPI_Read
 .text.eecs_I2C_Init
                0x0000000008000da0       0x90 build/main.o
                0x0000000008000da0                eecs_I2C_Init
 .text.eecs_ADC_Init
                0x0000000008000e30      0x108 build/main.o
                0x0000000008000e30                eecs_ADC_Init
 .text.eecs_ADC_ConfigureDMA
                0x0000000008000f38       0xac build/main.o
                0x0000000008000f38                eecs_ADC_ConfigureDMA
 .text.HAL_ADC_ConvCpltCallback
                0x0000000008000fe4       0x40 build/main.o
                0x0000000008000fe4                HAL_ADC_ConvCpltCallback
 .text.HAL_ADCEx_InjectedConvCpltCallback
                0x0000000008001024       0x14 build/main.o
                0x0000000008001024                HAL_ADCEx_InjectedConvCpltCallback
 .text.DMA2_Stream4_IRQHandler
                0x0000000008001038       0x10 build/main.o
                0x0000000008001038                DMA2_Stream4_IRQHandler
 .text.ADC_IRQHandler
                0x0000000008001048       0x10 build/main.o
                0x0000000008001048                ADC_IRQHandler
 .text.eecs_ADC_Begin
                0x0000000008001058       0x1c build/main.o
                0x0000000008001058                eecs_ADC_Begin
 .text.eecs_CAN_Init
                0x0000000008001074       0x6c build/main.o
                0x0000000008001074                eecs_CAN_Init
 .text.eecs_CAN_Set_Params
                0x00000000080010e0       0x2c build/main.o
                0x00000000080010e0                eecs_CAN_Set_Params
 .text.eecs_CAN_Mail_Ready
                0x000000000800110c       0x20 build/main.o
                0x000000000800110c                eecs_CAN_Mail_Ready
 .text.eecs_CAN_Send
                0x000000000800112c       0x28 build/main.o
                0x000000000800112c                eecs_CAN_Send
 .text.eecs_Error_Handler
                0x0000000008001154       0x10 build/main.o
                0x0000000008001154                eecs_Error_Handler
 .text.readSPIA
                0x0000000008001164       0x74 build/main.o
                0x0000000008001164                readSPIA
 .text.readSPIB
                0x00000000080011d8       0x74 build/main.o
                0x00000000080011d8                readSPIB
 .text.getMessageQueue
                0x000000000800124c      0x164 build/main.o
                0x000000000800124c                getMessageQueue
 .text.main     0x00000000080013b0      0x1a8 build/main.o
                0x00000000080013b0                main
 .text.StartDefaultTask
                0x0000000008001558       0x10 build/main.o
                0x0000000008001558                StartDefaultTask
 .text.SystemClock_Config
                0x0000000008001568       0xd0 build/main.o
                0x0000000008001568                SystemClock_Config
 .text.HAL_TIM_PeriodElapsedCallback
                0x0000000008001638       0x20 build/main.o
                0x0000000008001638                HAL_TIM_PeriodElapsedCallback
 .text._Error_Handler
                0x0000000008001658       0x40 build/main.o
                0x0000000008001658                _Error_Handler
 .text.NMI_Handler
                0x0000000008001698        0xc build/stm32f4xx_it.o
                0x0000000008001698                NMI_Handler
 .text.HardFault_Handler
                0x00000000080016a4        0x8 build/stm32f4xx_it.o
                0x00000000080016a4                HardFault_Handler
 .text.MemManage_Handler
                0x00000000080016ac        0x8 build/stm32f4xx_it.o
                0x00000000080016ac                MemManage_Handler
 .text.BusFault_Handler
                0x00000000080016b4        0x8 build/stm32f4xx_it.o
                0x00000000080016b4                BusFault_Handler
 .text.UsageFault_Handler
                0x00000000080016bc        0x8 build/stm32f4xx_it.o
                0x00000000080016bc                UsageFault_Handler
 .text.DebugMon_Handler
                0x00000000080016c4        0xc build/stm32f4xx_it.o
                0x00000000080016c4                DebugMon_Handler
 .text.SysTick_Handler
                0x00000000080016d0        0xc build/stm32f4xx_it.o
                0x00000000080016d0                SysTick_Handler
 .text.TIM1_UP_TIM10_IRQHandler
                0x00000000080016dc       0x10 build/stm32f4xx_it.o
                0x00000000080016dc                TIM1_UP_TIM10_IRQHandler
 .text.HAL_MspInit
                0x00000000080016ec       0xa4 build/stm32f4xx_hal_msp.o
                0x00000000080016ec                HAL_MspInit
 .text.HAL_CAN_MspInit
                0x0000000008001790       0x64 build/stm32f4xx_hal_msp.o
                0x0000000008001790                HAL_CAN_MspInit
 .text.HAL_I2C_MspInit
                0x00000000080017f4       0x64 build/stm32f4xx_hal_msp.o
                0x00000000080017f4                HAL_I2C_MspInit
 .text.HAL_SPI_MspInit
                0x0000000008001858      0x180 build/stm32f4xx_hal_msp.o
                0x0000000008001858                HAL_SPI_MspInit
 .text.HAL_ADC_MspInit
                0x00000000080019d8       0x54 build/stm32f4xx_hal_msp.o
                0x00000000080019d8                HAL_ADC_MspInit
 .text.HAL_InitTick
                0x0000000008001a2c       0xb0 build/stm32f4xx_hal_timebase_TIM.o
                0x0000000008001a2c                HAL_InitTick
 .text.HAL_CAN_Init
                0x0000000008001adc      0x1f8 build/stm32f4xx_hal_can.o
                0x0000000008001adc                HAL_CAN_Init
 .text.HAL_CAN_Start
                0x0000000008001cd4       0x8c build/stm32f4xx_hal_can.o
                0x0000000008001cd4                HAL_CAN_Start
 .text.HAL_CAN_WakeUp
                0x0000000008001d60       0x84 build/stm32f4xx_hal_can.o
                0x0000000008001d60                HAL_CAN_WakeUp
 .text.HAL_CAN_AddTxMessage
                0x0000000008001de4      0x1a0 build/stm32f4xx_hal_can.o
                0x0000000008001de4                HAL_CAN_AddTxMessage
 .text.HAL_CAN_IsTxMessagePending
                0x0000000008001f84       0x4c build/stm32f4xx_hal_can.o
                0x0000000008001f84                HAL_CAN_IsTxMessagePending
 .text.HAL_TIM_Base_Init
                0x0000000008001fd0       0x58 build/stm32f4xx_hal_tim.o
                0x0000000008001fd0                HAL_TIM_Base_Init
 .text.HAL_TIM_Base_MspInit
                0x0000000008002028       0x14 build/stm32f4xx_hal_tim.o
                0x0000000008002028                HAL_TIM_Base_MspInit
 .text.HAL_TIM_Base_Start_IT
                0x000000000800203c       0x38 build/stm32f4xx_hal_tim.o
                0x000000000800203c                HAL_TIM_Base_Start_IT
 .text.HAL_TIM_IRQHandler
                0x0000000008002074      0x210 build/stm32f4xx_hal_tim.o
                0x0000000008002074                HAL_TIM_IRQHandler
 .text.HAL_TIM_OC_DelayElapsedCallback
                0x0000000008002284       0x14 build/stm32f4xx_hal_tim.o
                0x0000000008002284                HAL_TIM_OC_DelayElapsedCallback
 .text.HAL_TIM_IC_CaptureCallback
                0x0000000008002298       0x14 build/stm32f4xx_hal_tim.o
                0x0000000008002298                HAL_TIM_IC_CaptureCallback
 .text.HAL_TIM_PWM_PulseFinishedCallback
                0x00000000080022ac       0x14 build/stm32f4xx_hal_tim.o
                0x00000000080022ac                HAL_TIM_PWM_PulseFinishedCallback
 .text.HAL_TIM_TriggerCallback
                0x00000000080022c0       0x14 build/stm32f4xx_hal_tim.o
                0x00000000080022c0                HAL_TIM_TriggerCallback
 .text.TIM_Base_SetConfig
                0x00000000080022d4      0x150 build/stm32f4xx_hal_tim.o
                0x00000000080022d4                TIM_Base_SetConfig
 .text.HAL_TIMEx_CommutationCallback
                0x0000000008002424       0x14 build/stm32f4xx_hal_tim_ex.o
                0x0000000008002424                HAL_TIMEx_CommutationCallback
 .text.HAL_TIMEx_BreakCallback
                0x0000000008002438       0x14 build/stm32f4xx_hal_tim_ex.o
                0x0000000008002438                HAL_TIMEx_BreakCallback
 .text.HAL_RCC_OscConfig
                0x000000000800244c      0x47c build/stm32f4xx_hal_rcc.o
                0x000000000800244c                HAL_RCC_OscConfig
 .text.HAL_RCC_ClockConfig
                0x00000000080028c8      0x1c4 build/stm32f4xx_hal_rcc.o
                0x00000000080028c8                HAL_RCC_ClockConfig
 .text.HAL_RCC_GetSysClockFreq
                0x0000000008002a8c      0x14c build/stm32f4xx_hal_rcc.o
                0x0000000008002a8c                HAL_RCC_GetSysClockFreq
 .text.HAL_RCC_GetHCLKFreq
                0x0000000008002bd8       0x18 build/stm32f4xx_hal_rcc.o
                0x0000000008002bd8                HAL_RCC_GetHCLKFreq
 .text.HAL_RCC_GetPCLK1Freq
                0x0000000008002bf0       0x28 build/stm32f4xx_hal_rcc.o
                0x0000000008002bf0                HAL_RCC_GetPCLK1Freq
 .text.HAL_RCC_GetPCLK2Freq
                0x0000000008002c18       0x28 build/stm32f4xx_hal_rcc.o
                0x0000000008002c18                HAL_RCC_GetPCLK2Freq
 .text.HAL_RCC_GetClockConfig
                0x0000000008002c40       0x60 build/stm32f4xx_hal_rcc.o
                0x0000000008002c40                HAL_RCC_GetClockConfig
 .text.HAL_GPIO_Init
                0x0000000008002ca0      0x32c build/stm32f4xx_hal_gpio.o
                0x0000000008002ca0                HAL_GPIO_Init
 .text.HAL_GPIO_WritePin
                0x0000000008002fcc       0x30 build/stm32f4xx_hal_gpio.o
                0x0000000008002fcc                HAL_GPIO_WritePin
 .text.HAL_GPIO_TogglePin
                0x0000000008002ffc       0x24 build/stm32f4xx_hal_gpio.o
                0x0000000008002ffc                HAL_GPIO_TogglePin
 .text.HAL_DMA_Init
                0x0000000008003020      0x160 build/stm32f4xx_hal_dma.o
                0x0000000008003020                HAL_DMA_Init
 .text.HAL_DMA_Start_IT
                0x0000000008003180       0xc4 build/stm32f4xx_hal_dma.o
                0x0000000008003180                HAL_DMA_Start_IT
 .text.HAL_DMA_IRQHandler
                0x0000000008003244      0x33c build/stm32f4xx_hal_dma.o
                0x0000000008003244                HAL_DMA_IRQHandler
 .text.DMA_SetConfig
                0x0000000008003580       0x5c build/stm32f4xx_hal_dma.o
 .text.DMA_CalcBaseAndBitshift
                0x00000000080035dc       0x6c build/stm32f4xx_hal_dma.o
 .text.DMA_CheckFifoParam
                0x0000000008003648       0xec build/stm32f4xx_hal_dma.o
 .text.NVIC_SetPriorityGrouping
                0x0000000008003734       0x48 build/stm32f4xx_hal_cortex.o
 .text.NVIC_GetPriorityGrouping
                0x000000000800377c       0x1c build/stm32f4xx_hal_cortex.o
 .text.NVIC_EnableIRQ
                0x0000000008003798       0x30 build/stm32f4xx_hal_cortex.o
 .text.NVIC_SetPriority
                0x00000000080037c8       0x54 build/stm32f4xx_hal_cortex.o
 .text.NVIC_EncodePriority
                0x000000000800381c       0x64 build/stm32f4xx_hal_cortex.o
 .text.SysTick_Config
                0x0000000008003880       0x44 build/stm32f4xx_hal_cortex.o
 .text.HAL_NVIC_SetPriorityGrouping
                0x00000000080038c4       0x14 build/stm32f4xx_hal_cortex.o
                0x00000000080038c4                HAL_NVIC_SetPriorityGrouping
 .text.HAL_NVIC_SetPriority
                0x00000000080038d8       0x38 build/stm32f4xx_hal_cortex.o
                0x00000000080038d8                HAL_NVIC_SetPriority
 .text.HAL_NVIC_EnableIRQ
                0x0000000008003910       0x1c build/stm32f4xx_hal_cortex.o
                0x0000000008003910                HAL_NVIC_EnableIRQ
 .text.HAL_SYSTICK_Config
                0x000000000800392c       0x18 build/stm32f4xx_hal_cortex.o
                0x000000000800392c                HAL_SYSTICK_Config
 .text.HAL_SYSTICK_CLKSourceConfig
                0x0000000008003944       0x38 build/stm32f4xx_hal_cortex.o
                0x0000000008003944                HAL_SYSTICK_CLKSourceConfig
 .text.HAL_Init
                0x000000000800397c       0x44 build/stm32f4xx_hal.o
                0x000000000800397c                HAL_Init
 .text.HAL_IncTick
                0x00000000080039c0       0x24 build/stm32f4xx_hal.o
                0x00000000080039c0                HAL_IncTick
 .text.HAL_GetTick
                0x00000000080039e4       0x18 build/stm32f4xx_hal.o
                0x00000000080039e4                HAL_GetTick
 .text.HAL_Delay
                0x00000000080039fc       0x44 build/stm32f4xx_hal.o
                0x00000000080039fc                HAL_Delay
 .text.SystemInit
                0x0000000008003a40       0x6c build/system_stm32f4xx.o
                0x0000000008003a40                SystemInit
 .text.pvPortMalloc
                0x0000000008003aac      0x184 build/heap_4.o
                0x0000000008003aac                pvPortMalloc
 .text.vPortFree
                0x0000000008003c30       0xb0 build/heap_4.o
                0x0000000008003c30                vPortFree
 .text.prvHeapInit
                0x0000000008003ce0       0xc4 build/heap_4.o
 .text.prvInsertBlockIntoFreeList
                0x0000000008003da4       0xb0 build/heap_4.o
 .text.pxPortInitialiseStack
                0x0000000008003e54       0x68 build/port.o
                0x0000000008003e54                pxPortInitialiseStack
 .text.prvTaskExitError
                0x0000000008003ebc       0x3c build/port.o
 *fill*         0x0000000008003ef8        0x8 
 .text.SVC_Handler
                0x0000000008003f00       0x24 build/port.o
                0x0000000008003f00                SVC_Handler
 .text.prvPortStartFirstTask
                0x0000000008003f24       0x20 build/port.o
 .text.xPortStartScheduler
                0x0000000008003f44      0x118 build/port.o
                0x0000000008003f44                xPortStartScheduler
 .text.vPortEnterCritical
                0x000000000800405c       0x5c build/port.o
                0x000000000800405c                vPortEnterCritical
 .text.vPortExitCritical
                0x00000000080040b8       0x4c build/port.o
                0x00000000080040b8                vPortExitCritical
 *fill*         0x0000000008004104        0xc 
 .text.PendSV_Handler
                0x0000000008004110       0x64 build/port.o
                0x0000000008004110                PendSV_Handler
 .text.xPortSysTickHandler
                0x0000000008004174       0x40 build/port.o
                0x0000000008004174                xPortSysTickHandler
 .text.vPortSetupTimerInterrupt
                0x00000000080041b4       0x34 build/port.o
                0x00000000080041b4                vPortSetupTimerInterrupt
 .text.vPortEnableVFP
                0x00000000080041e8       0x14 build/port.o
 .text.vPortValidateInterruptPriority
                0x00000000080041fc       0x78 build/port.o
                0x00000000080041fc                vPortValidateInterruptPriority
 .text.xTaskCreate
                0x0000000008004274       0x84 build/tasks.o
                0x0000000008004274                xTaskCreate
 .text.prvInitialiseNewTask
                0x00000000080042f8       0xf8 build/tasks.o
 .text.prvAddNewTaskToReadyList
                0x00000000080043f0       0xd8 build/tasks.o
 .text.vTaskDelayUntil
                0x00000000080044c8       0xf4 build/tasks.o
                0x00000000080044c8                vTaskDelayUntil
 .text.vTaskStartScheduler
                0x00000000080045bc       0x88 build/tasks.o
                0x00000000080045bc                vTaskStartScheduler
 .text.vTaskSuspendAll
                0x0000000008004644       0x1c build/tasks.o
                0x0000000008004644                vTaskSuspendAll
 .text.xTaskResumeAll
                0x0000000008004660      0x13c build/tasks.o
                0x0000000008004660                xTaskResumeAll
 .text.xTaskGetTickCount
                0x000000000800479c       0x20 build/tasks.o
                0x000000000800479c                xTaskGetTickCount
 .text.xTaskGetTickCountFromISR
                0x00000000080047bc       0x24 build/tasks.o
                0x00000000080047bc                xTaskGetTickCountFromISR
 .text.xTaskIncrementTick
                0x00000000080047e0      0x17c build/tasks.o
                0x00000000080047e0                xTaskIncrementTick
 .text.vTaskSwitchContext
                0x000000000800495c       0xb4 build/tasks.o
                0x000000000800495c                vTaskSwitchContext
 .text.prvIdleTask
                0x0000000008004a10       0x30 build/tasks.o
 .text.prvInitialiseTaskLists
                0x0000000008004a40       0x7c build/tasks.o
 .text.prvCheckTasksWaitingTermination
                0x0000000008004abc       0x74 build/tasks.o
 .text.prvDeleteTCB
                0x0000000008004b30       0x20 build/tasks.o
 .text.prvResetNextTaskUnblockTime
                0x0000000008004b50       0x48 build/tasks.o
 .text.xTaskGetSchedulerState
                0x0000000008004b98       0x3c build/tasks.o
                0x0000000008004b98                xTaskGetSchedulerState
 .text.prvAddCurrentTaskToDelayedList
                0x0000000008004bd4       0xc8 build/tasks.o
 .text.vListInitialise
                0x0000000008004c9c       0x40 build/list.o
                0x0000000008004c9c                vListInitialise
 .text.vListInitialiseItem
                0x0000000008004cdc       0x18 build/list.o
                0x0000000008004cdc                vListInitialiseItem
 .text.vListInsertEnd
                0x0000000008004cf4       0x48 build/list.o
                0x0000000008004cf4                vListInsertEnd
 .text.vListInsert
                0x0000000008004d3c       0x70 build/list.o
                0x0000000008004d3c                vListInsert
 .text.uxListRemove
                0x0000000008004dac       0x54 build/list.o
                0x0000000008004dac                uxListRemove
 .text.makeFreeRtosPriority
                0x0000000008004e00       0x30 build/cmsis_os.o
 .text.inHandlerMode
                0x0000000008004e30       0x24 build/cmsis_os.o
 .text.osKernelStart
                0x0000000008004e54       0x10 build/cmsis_os.o
                0x0000000008004e54                osKernelStart
 .text.osKernelSysTick
                0x0000000008004e64       0x20 build/cmsis_os.o
                0x0000000008004e64                osKernelSysTick
 .text.osThreadCreate
                0x0000000008004e84       0x50 build/cmsis_os.o
                0x0000000008004e84                osThreadCreate
 .text.osSystickHandler
                0x0000000008004ed4       0x14 build/cmsis_os.o
                0x0000000008004ed4                osSystickHandler
 .text.osDelayUntil
                0x0000000008004ee8       0x2c build/cmsis_os.o
                0x0000000008004ee8                osDelayUntil
 .text.HAL_SPI_Init
                0x0000000008004f14       0xc8 build/stm32f4xx_hal_spi.o
                0x0000000008004f14                HAL_SPI_Init
 .text.HAL_SPI_TransmitReceive
                0x0000000008004fdc      0x340 build/stm32f4xx_hal_spi.o
                0x0000000008004fdc                HAL_SPI_TransmitReceive
 .text.SPI_WaitFlagStateUntilTimeout
                0x000000000800531c       0xd4 build/stm32f4xx_hal_spi.o
 .text.SPI_CheckFlag_BSY
                0x00000000080053f0       0x3c build/stm32f4xx_hal_spi.o
 .text.HAL_I2C_Init
                0x000000000800542c      0x1c0 build/stm32f4xx_hal_i2c.o
                0x000000000800542c                HAL_I2C_Init
 .text.HAL_ADC_Init
                0x00000000080055ec       0x88 build/stm32f4xx_hal_adc.o
                0x00000000080055ec                HAL_ADC_Init
 .text.HAL_ADC_IRQHandler
                0x0000000008005674      0x280 build/stm32f4xx_hal_adc.o
                0x0000000008005674                HAL_ADC_IRQHandler
 .text.HAL_ADC_Start_DMA
                0x00000000080058f4      0x1a8 build/stm32f4xx_hal_adc.o
                0x00000000080058f4                HAL_ADC_Start_DMA
 .text.HAL_ADC_ConvHalfCpltCallback
                0x0000000008005a9c       0x14 build/stm32f4xx_hal_adc.o
                0x0000000008005a9c                HAL_ADC_ConvHalfCpltCallback
 .text.HAL_ADC_LevelOutOfWindowCallback
                0x0000000008005ab0       0x14 build/stm32f4xx_hal_adc.o
                0x0000000008005ab0                HAL_ADC_LevelOutOfWindowCallback
 .text.HAL_ADC_ErrorCallback
                0x0000000008005ac4       0x14 build/stm32f4xx_hal_adc.o
                0x0000000008005ac4                HAL_ADC_ErrorCallback
 .text.HAL_ADC_ConfigChannel
                0x0000000008005ad8      0x248 build/stm32f4xx_hal_adc.o
                0x0000000008005ad8                HAL_ADC_ConfigChannel
 .text.ADC_Init
                0x0000000008005d20      0x1f4 build/stm32f4xx_hal_adc.o
 .text.ADC_DMAConvCplt
                0x0000000008005f14       0xa4 build/stm32f4xx_hal_adc.o
 .text.ADC_DMAHalfConvCplt
                0x0000000008005fb8       0x1c build/stm32f4xx_hal_adc.o
 .text.ADC_DMAError
                0x0000000008005fd4       0x2c build/stm32f4xx_hal_adc.o
 .text.Reset_Handler
                0x0000000008006000       0x50 build/startup_stm32f405xx.o
                0x0000000008006000                Reset_Handler
 .text.Default_Handler
                0x0000000008006050        0x2 build/startup_stm32f405xx.o
                0x0000000008006050                RTC_Alarm_IRQHandler
                0x0000000008006050                HASH_RNG_IRQHandler
                0x0000000008006050                EXTI2_IRQHandler
                0x0000000008006050                TIM8_CC_IRQHandler
                0x0000000008006050                TIM1_CC_IRQHandler
                0x0000000008006050                DMA2_Stream5_IRQHandler
                0x0000000008006050                DMA1_Stream5_IRQHandler
                0x0000000008006050                PVD_IRQHandler
                0x0000000008006050                SDIO_IRQHandler
                0x0000000008006050                TAMP_STAMP_IRQHandler
                0x0000000008006050                CAN2_RX1_IRQHandler
                0x0000000008006050                EXTI3_IRQHandler
                0x0000000008006050                TIM8_TRG_COM_TIM14_IRQHandler
                0x0000000008006050                TIM8_UP_TIM13_IRQHandler
                0x0000000008006050                I2C3_ER_IRQHandler
                0x0000000008006050                EXTI0_IRQHandler
                0x0000000008006050                I2C2_EV_IRQHandler
                0x0000000008006050                DMA1_Stream2_IRQHandler
                0x0000000008006050                CAN1_RX0_IRQHandler
                0x0000000008006050                FPU_IRQHandler
                0x0000000008006050                OTG_HS_WKUP_IRQHandler
                0x0000000008006050                CAN2_SCE_IRQHandler
                0x0000000008006050                DMA2_Stream2_IRQHandler
                0x0000000008006050                SPI1_IRQHandler
                0x0000000008006050                TIM6_DAC_IRQHandler
                0x0000000008006050                TIM1_BRK_TIM9_IRQHandler
                0x0000000008006050                CAN2_RX0_IRQHandler
                0x0000000008006050                DMA2_Stream3_IRQHandler
                0x0000000008006050                USART6_IRQHandler
                0x0000000008006050                USART3_IRQHandler
                0x0000000008006050                CAN1_RX1_IRQHandler
                0x0000000008006050                UART5_IRQHandler
                0x0000000008006050                DMA2_Stream0_IRQHandler
                0x0000000008006050                TIM4_IRQHandler
                0x0000000008006050                I2C1_EV_IRQHandler
                0x0000000008006050                DMA1_Stream6_IRQHandler
                0x0000000008006050                DMA1_Stream1_IRQHandler
                0x0000000008006050                UART4_IRQHandler
                0x0000000008006050                TIM3_IRQHandler
                0x0000000008006050                RCC_IRQHandler
                0x0000000008006050                TIM8_BRK_TIM12_IRQHandler
                0x0000000008006050                Default_Handler
                0x0000000008006050                EXTI15_10_IRQHandler
                0x0000000008006050                DMA1_Stream7_IRQHandler
                0x0000000008006050                TIM7_IRQHandler
                0x0000000008006050                CAN2_TX_IRQHandler
                0x0000000008006050                TIM5_IRQHandler
                0x0000000008006050                DMA2_Stream7_IRQHandler
                0x0000000008006050                I2C3_EV_IRQHandler
                0x0000000008006050                EXTI9_5_IRQHandler
                0x0000000008006050                RTC_WKUP_IRQHandler
                0x0000000008006050                SPI2_IRQHandler
                0x0000000008006050                OTG_HS_EP1_IN_IRQHandler
                0x0000000008006050                DMA1_Stream0_IRQHandler
                0x0000000008006050                CAN1_TX_IRQHandler
                0x0000000008006050                EXTI4_IRQHandler
                0x0000000008006050                FSMC_IRQHandler
                0x0000000008006050                OTG_HS_EP1_OUT_IRQHandler
                0x0000000008006050                WWDG_IRQHandler
                0x0000000008006050                TIM2_IRQHandler
                0x0000000008006050                OTG_FS_WKUP_IRQHandler
                0x0000000008006050                TIM1_TRG_COM_TIM11_IRQHandler
                0x0000000008006050                OTG_HS_IRQHandler
                0x0000000008006050                EXTI1_IRQHandler
                0x0000000008006050                USART2_IRQHandler
                0x0000000008006050                I2C2_ER_IRQHandler
                0x0000000008006050                DMA2_Stream1_IRQHandler
                0x0000000008006050                CAN1_SCE_IRQHandler
                0x0000000008006050                FLASH_IRQHandler
                0x0000000008006050                USART1_IRQHandler
                0x0000000008006050                OTG_FS_IRQHandler
                0x0000000008006050                SPI3_IRQHandler
                0x0000000008006050                DMA1_Stream4_IRQHandler
                0x0000000008006050                I2C1_ER_IRQHandler
                0x0000000008006050                DMA2_Stream6_IRQHandler
                0x0000000008006050                DMA1_Stream3_IRQHandler
 *fill*         0x0000000008006052        0x2 
 .text.__libc_init_array
                0x0000000008006054       0x4c /usr/lib/gcc/arm-none-eabi/4.9.3/../../../arm-none-eabi/lib/armv7e-m/fpu/libc_nano.a(lib_a-init.o)
                0x0000000008006054                __libc_init_array
 *(.glue_7)
 .glue_7        0x00000000080060a0        0x0 linker stubs
 *(.glue_7t)
 .glue_7t       0x00000000080060a0        0x0 linker stubs
 *(.eh_frame)
 .eh_frame      0x00000000080060a0        0x0 /usr/lib/gcc/arm-none-eabi/4.9.3/armv7e-m/fpu/crtbegin.o
 *(.init)
 .init          0x00000000080060a0        0x4 /usr/lib/gcc/arm-none-eabi/4.9.3/armv7e-m/fpu/crti.o
                0x00000000080060a0                _init
 .init          0x00000000080060a4        0x8 /usr/lib/gcc/arm-none-eabi/4.9.3/armv7e-m/fpu/crtn.o
 *(.fini)
 .fini          0x00000000080060ac        0x4 /usr/lib/gcc/arm-none-eabi/4.9.3/armv7e-m/fpu/crti.o
                0x00000000080060ac                _fini
 .fini          0x00000000080060b0        0x8 /usr/lib/gcc/arm-none-eabi/4.9.3/armv7e-m/fpu/crtn.o
                0x00000000080060b8                . = ALIGN (0x4)
                0x00000000080060b8                _etext = .

.vfp11_veneer   0x00000000080060b8        0x0
 .vfp11_veneer  0x00000000080060b8        0x0 linker stubs

.v4_bx          0x00000000080060b8        0x0
 .v4_bx         0x00000000080060b8        0x0 linker stubs

.iplt           0x00000000080060b8        0x0
 .iplt          0x00000000080060b8        0x0 /usr/lib/gcc/arm-none-eabi/4.9.3/armv7e-m/fpu/crtbegin.o

.rodata         0x00000000080060b8       0xbc
                0x00000000080060b8                . = ALIGN (0x4)
 *(.rodata)
 .rodata        0x00000000080060b8       0x93 build/main.o
 *fill*         0x000000000800614b        0x1 
 .rodata        0x000000000800614c        0x5 build/tasks.o
 *(.rodata*)
 *fill*         0x0000000008006151        0x3 
 .rodata.flagBitshiftOffset.8161
                0x0000000008006154        0x8 build/stm32f4xx_hal_dma.o
 .rodata.AHBPrescTable
                0x000000000800615c       0x10 build/system_stm32f4xx.o
                0x000000000800615c                AHBPrescTable
 .rodata.APBPrescTable
                0x000000000800616c        0x8 build/system_stm32f4xx.o
                0x000000000800616c                APBPrescTable
                0x0000000008006174                . = ALIGN (0x4)

.ARM.extab
 *(.ARM.extab* .gnu.linkonce.armextab.*)

.ARM            0x0000000008006174        0x8
                0x0000000008006174                __exidx_start = .
 *(.ARM.exidx*)
 .ARM.exidx     0x0000000008006174        0x8 /usr/lib/gcc/arm-none-eabi/4.9.3/armv7e-m/fpu/libgcc.a(_divdi3.o)
 .ARM.exidx     0x000000000800617c        0x0 /usr/lib/gcc/arm-none-eabi/4.9.3/armv7e-m/fpu/libgcc.a(_udivdi3.o)
                                          0x8 (size before relaxing)
                0x000000000800617c                __exidx_end = .

.rel.dyn        0x000000000800617c        0x0
 .rel.iplt      0x000000000800617c        0x0 /usr/lib/gcc/arm-none-eabi/4.9.3/armv7e-m/fpu/crtbegin.o

.preinit_array  0x000000000800617c        0x0
                0x000000000800617c                PROVIDE (__preinit_array_start, .)
 *(.preinit_array*)
                0x000000000800617c                PROVIDE (__preinit_array_end, .)

.init_array     0x000000000800617c        0x4
                0x000000000800617c                PROVIDE (__init_array_start, .)
 *(SORT(.init_array.*))
 *(.init_array*)
 .init_array    0x000000000800617c        0x4 /usr/lib/gcc/arm-none-eabi/4.9.3/armv7e-m/fpu/crtbegin.o
                0x0000000008006180                PROVIDE (__init_array_end, .)

.fini_array     0x0000000008006180        0x4
                0x0000000008006180                PROVIDE (__fini_array_start, .)
 *(SORT(.fini_array.*))
 *(.fini_array*)
 .fini_array    0x0000000008006180        0x4 /usr/lib/gcc/arm-none-eabi/4.9.3/armv7e-m/fpu/crtbegin.o
                0x0000000008006184                PROVIDE (__fini_array_end, .)
                0x0000000008006184                _sidata = LOADADDR (.data)

.data           0x0000000020000000       0x6c load address 0x0000000008006184
                0x0000000020000000                . = ALIGN (0x4)
                0x0000000020000000                _sdata = .
 *(.data)
 *(.data*)
 .data.cs1a     0x0000000020000000        0x8 build/main.o
                0x0000000020000000                cs1a
 .data.cs1b     0x0000000020000008        0x8 build/main.o
                0x0000000020000008                cs1b
 .data.cs2a     0x0000000020000010        0x8 build/main.o
                0x0000000020000010                cs2a
 .data.cs2b     0x0000000020000018        0x8 build/main.o
                0x0000000020000018                cs2b
 .data.cs3a     0x0000000020000020        0x8 build/main.o
                0x0000000020000020                cs3a
 .data.cs3b     0x0000000020000028        0x8 build/main.o
                0x0000000020000028                cs3b
 .data.cs4a     0x0000000020000030        0x8 build/main.o
                0x0000000020000030                cs4a
 .data.cs4b     0x0000000020000038        0x8 build/main.o
                0x0000000020000038                cs4b
 .data.cs       0x0000000020000040       0x20 build/main.o
                0x0000000020000040                cs
 .data.uwTickFreq
                0x0000000020000060        0x1 build/stm32f4xx_hal.o
                0x0000000020000060                uwTickFreq
 *fill*         0x0000000020000061        0x3 
 .data.SystemCoreClock
                0x0000000020000064        0x4 build/system_stm32f4xx.o
                0x0000000020000064                SystemCoreClock
 .data.uxCriticalNesting
                0x0000000020000068        0x4 build/port.o
                0x000000002000006c                . = ALIGN (0x4)
                0x000000002000006c                _edata = .
                0x00000000080061f0                _siccmram = LOADADDR (.ccmram)

.jcr            0x000000002000006c        0x0 load address 0x00000000080061f0
 .jcr           0x000000002000006c        0x0 /usr/lib/gcc/arm-none-eabi/4.9.3/armv7e-m/fpu/crtbegin.o

.tm_clone_table
                0x000000002000006c        0x0 load address 0x00000000080061f0
 .tm_clone_table
                0x000000002000006c        0x0 /usr/lib/gcc/arm-none-eabi/4.9.3/armv7e-m/fpu/crtbegin.o
 .tm_clone_table
                0x000000002000006c        0x0 /usr/lib/gcc/arm-none-eabi/4.9.3/armv7e-m/fpu/crtend.o

.igot.plt       0x000000002000006c        0x0 load address 0x00000000080061f0
 .igot.plt      0x000000002000006c        0x0 /usr/lib/gcc/arm-none-eabi/4.9.3/armv7e-m/fpu/crtbegin.o

.ccmram         0x0000000010000000        0x0 load address 0x00000000080061f0
                0x0000000010000000                . = ALIGN (0x4)
                0x0000000010000000                _sccmram = .
 *(.ccmram)
 *(.ccmram*)
                0x0000000010000000                . = ALIGN (0x4)
                0x0000000010000000                _eccmram = .
                0x0000000010000000                . = ALIGN (0x4)

.bss            0x000000002000006c     0x406c
                0x000000002000006c                _sbss = .
                0x000000002000006c                __bss_start__ = _sbss
 *(.bss)
 .bss           0x000000002000006c       0x1c /usr/lib/gcc/arm-none-eabi/4.9.3/armv7e-m/fpu/crtbegin.o
 *(.bss*)
 .bss.GPIO_CLOCK_ENABLED
                0x0000000020000088        0x4 build/main.o
                0x0000000020000088                GPIO_CLOCK_ENABLED
 .bss.MAILBOX_INDEX_0
                0x000000002000008c        0x1 build/main.o
                0x000000002000008c                MAILBOX_INDEX_0
 .bss.MAILBOX_INDEX_1
                0x000000002000008d        0x1 build/main.o
                0x000000002000008d                MAILBOX_INDEX_1
 .bss.MAILBOX_INDEX_2
                0x000000002000008e        0x1 build/main.o
                0x000000002000008e                MAILBOX_INDEX_2
 *fill*         0x000000002000008f        0x1 
 .bss.ucHeap    0x0000000020000090     0x3c00 build/heap_4.o
 .bss.xStart    0x0000000020003c90        0x8 build/heap_4.o
 .bss.pxEnd     0x0000000020003c98        0x4 build/heap_4.o
 .bss.xFreeBytesRemaining
                0x0000000020003c9c        0x4 build/heap_4.o
 .bss.xMinimumEverFreeBytesRemaining
                0x0000000020003ca0        0x4 build/heap_4.o
 .bss.xBlockAllocatedBit
                0x0000000020003ca4        0x4 build/heap_4.o
 .bss.ucMaxSysCallPriority
                0x0000000020003ca8        0x1 build/port.o
 *fill*         0x0000000020003ca9        0x3 
 .bss.ulMaxPRIGROUPValue
                0x0000000020003cac        0x4 build/port.o
 .bss.pxCurrentTCB
                0x0000000020003cb0        0x4 build/tasks.o
                0x0000000020003cb0                pxCurrentTCB
 .bss.pxReadyTasksLists
                0x0000000020003cb4       0x8c build/tasks.o
 .bss.xDelayedTaskList1
                0x0000000020003d40       0x14 build/tasks.o
 .bss.xDelayedTaskList2
                0x0000000020003d54       0x14 build/tasks.o
 .bss.pxDelayedTaskList
                0x0000000020003d68        0x4 build/tasks.o
 .bss.pxOverflowDelayedTaskList
                0x0000000020003d6c        0x4 build/tasks.o
 .bss.xPendingReadyList
                0x0000000020003d70       0x14 build/tasks.o
 .bss.xTasksWaitingTermination
                0x0000000020003d84       0x14 build/tasks.o
 .bss.uxDeletedTasksWaitingCleanUp
                0x0000000020003d98        0x4 build/tasks.o
 .bss.xSuspendedTaskList
                0x0000000020003d9c       0x14 build/tasks.o
 .bss.uxCurrentNumberOfTasks
                0x0000000020003db0        0x4 build/tasks.o
 .bss.xTickCount
                0x0000000020003db4        0x4 build/tasks.o
 .bss.uxTopReadyPriority
                0x0000000020003db8        0x4 build/tasks.o
 .bss.xSchedulerRunning
                0x0000000020003dbc        0x4 build/tasks.o
 .bss.uxPendedTicks
                0x0000000020003dc0        0x4 build/tasks.o
 .bss.xYieldPending
                0x0000000020003dc4        0x4 build/tasks.o
 .bss.xNumOfOverflows
                0x0000000020003dc8        0x4 build/tasks.o
 .bss.uxTaskNumber
                0x0000000020003dcc        0x4 build/tasks.o
 .bss.xNextTaskUnblockTime
                0x0000000020003dd0        0x4 build/tasks.o
 .bss.xIdleTaskHandle
                0x0000000020003dd4        0x4 build/tasks.o
 .bss.uxSchedulerSuspended
                0x0000000020003dd8        0x4 build/tasks.o
 *(COMMON)
 COMMON         0x0000000020003ddc      0x2bc build/main.o
                0x0000000020003ddc                defaultTaskHandle
                0x0000000020003de0                hspi2
                0x0000000020003e38                spiB
                0x0000000020003e54                putMessageQueueADCHandle
                0x0000000020003e58                putMessageQueueHandle
                0x0000000020003e5c                putMessageQueueSPIHandle
                0x0000000020003e60                huart
                0x0000000020003ea0                hcan
                0x0000000020003ec8                hdma
                0x0000000020003f28                hspi3
                0x0000000020003f80                spiBTaskHandle
                0x0000000020003f84                uartTaskHandle
                0x0000000020003f88                hadc1
                0x0000000020003fd0                getMessageQueueHandle
                0x0000000020003fd4                spiA
                0x0000000020003ff0                adc
                0x0000000020003ff8                i2c
                0x0000000020004010                can
                0x000000002000402c                adcbuffer
                0x000000002000403c                spiATaskHandle
                0x0000000020004040                hi2c
                0x0000000020004094                putMessageQueueI2CHandle
 COMMON         0x0000000020004098       0x3c build/stm32f4xx_hal_timebase_TIM.o
                0x0000000020004098                htim1
 COMMON         0x00000000200040d4        0x4 build/stm32f4xx_hal.o
                0x00000000200040d4                uwTick
                0x00000000200040d8                . = ALIGN (0x4)
                0x00000000200040d8                _ebss = .
                0x00000000200040d8                __bss_end__ = _ebss

._user_heap_stack
                0x00000000200040d8      0x600
                0x00000000200040d8                . = ALIGN (0x8)
                [!provide]                        PROVIDE (end, .)
                [!provide]                        PROVIDE (_end, .)
                0x00000000200042d8                . = (. + _Min_Heap_Size)
 *fill*         0x00000000200040d8      0x200 
                0x00000000200046d8                . = (. + _Min_Stack_Size)
 *fill*         0x00000000200042d8      0x400 
                0x00000000200046d8                . = ALIGN (0x8)

/DISCARD/
 libc.a(*)
 libm.a(*)
 libgcc.a(*)

.ARM.attributes
                0x0000000000000000       0x30
 *(.ARM.attributes)
 .ARM.attributes
                0x0000000000000000       0x22 /usr/lib/gcc/arm-none-eabi/4.9.3/armv7e-m/fpu/crti.o
 .ARM.attributes
                0x0000000000000022       0x34 /usr/lib/gcc/arm-none-eabi/4.9.3/armv7e-m/fpu/crtbegin.o
 .ARM.attributes
                0x0000000000000056       0x39 build/main.o
 .ARM.attributes
                0x000000000000008f       0x39 build/stm32f4xx_it.o
 .ARM.attributes
                0x00000000000000c8       0x39 build/stm32f4xx_hal_msp.o
 .ARM.attributes
                0x0000000000000101       0x39 build/stm32f4xx_hal_timebase_TIM.o
 .ARM.attributes
                0x000000000000013a       0x39 build/stm32f4xx_hal_can.o
 .ARM.attributes
                0x0000000000000173       0x39 build/stm32f4xx_hal_tim.o
 .ARM.attributes
                0x00000000000001ac       0x39 build/stm32f4xx_hal_tim_ex.o
 .ARM.attributes
                0x00000000000001e5       0x39 build/stm32f4xx_hal_rcc.o
 .ARM.attributes
                0x000000000000021e       0x39 build/stm32f4xx_hal_gpio.o
 .ARM.attributes
                0x0000000000000257       0x39 build/stm32f4xx_hal_dma.o
 .ARM.attributes
                0x0000000000000290       0x39 build/stm32f4xx_hal_cortex.o
 .ARM.attributes
                0x00000000000002c9       0x39 build/stm32f4xx_hal.o
 .ARM.attributes
                0x0000000000000302       0x39 build/system_stm32f4xx.o
 .ARM.attributes
                0x000000000000033b       0x39 build/heap_4.o
 .ARM.attributes
                0x0000000000000374       0x39 build/port.o
 .ARM.attributes
                0x00000000000003ad       0x39 build/tasks.o
 .ARM.attributes
                0x00000000000003e6       0x39 build/list.o
 .ARM.attributes
                0x000000000000041f       0x39 build/cmsis_os.o
 .ARM.attributes
                0x0000000000000458       0x39 build/stm32f4xx_hal_spi.o
 .ARM.attributes
                0x0000000000000491       0x39 build/stm32f4xx_hal_i2c.o
 .ARM.attributes
                0x00000000000004ca       0x39 build/stm32f4xx_hal_adc.o
 .ARM.attributes
                0x0000000000000503       0x21 build/startup_stm32f405xx.o
 .ARM.attributes
                0x0000000000000524       0x34 /usr/lib/gcc/arm-none-eabi/4.9.3/../../../arm-none-eabi/lib/armv7e-m/fpu/libc_nano.a(lib_a-init.o)
 .ARM.attributes
                0x0000000000000558       0x22 /usr/lib/gcc/arm-none-eabi/4.9.3/armv7e-m/fpu/libgcc.a(_aeabi_uldivmod.o)
 .ARM.attributes
                0x000000000000057a       0x34 /usr/lib/gcc/arm-none-eabi/4.9.3/armv7e-m/fpu/libgcc.a(bpabi.o)
 .ARM.attributes
                0x00000000000005ae       0x22 /usr/lib/gcc/arm-none-eabi/4.9.3/armv7e-m/fpu/libgcc.a(_dvmd_tls.o)
 .ARM.attributes
                0x00000000000005d0       0x34 /usr/lib/gcc/arm-none-eabi/4.9.3/armv7e-m/fpu/libgcc.a(_divdi3.o)
 .ARM.attributes
                0x0000000000000604       0x34 /usr/lib/gcc/arm-none-eabi/4.9.3/armv7e-m/fpu/libgcc.a(_udivdi3.o)
 .ARM.attributes
                0x0000000000000638       0x34 /usr/lib/gcc/arm-none-eabi/4.9.3/armv7e-m/fpu/crtend.o
 .ARM.attributes
                0x000000000000066c       0x22 /usr/lib/gcc/arm-none-eabi/4.9.3/armv7e-m/fpu/crtn.o
OUTPUT(build/eecs473_solarcar_front.elf elf32-littlearm)

.comment        0x0000000000000000       0x70
 .comment       0x0000000000000000       0x38 /usr/lib/gcc/arm-none-eabi/4.9.3/armv7e-m/fpu/crtbegin.o
                                         0x39 (size before relaxing)
 .comment       0x0000000000000038       0x39 build/main.o
 .comment       0x0000000000000038       0x39 build/stm32f4xx_it.o
 .comment       0x0000000000000038       0x39 build/stm32f4xx_hal_msp.o
 .comment       0x0000000000000038       0x39 build/stm32f4xx_hal_timebase_TIM.o
 .comment       0x0000000000000038       0x39 build/stm32f4xx_hal_can.o
 .comment       0x0000000000000038       0x39 build/stm32f4xx_hal_tim.o
 .comment       0x0000000000000038       0x39 build/stm32f4xx_hal_tim_ex.o
 .comment       0x0000000000000038       0x39 build/stm32f4xx_hal_rcc.o
 .comment       0x0000000000000038       0x39 build/stm32f4xx_hal_gpio.o
 .comment       0x0000000000000038       0x39 build/stm32f4xx_hal_dma.o
 .comment       0x0000000000000038       0x39 build/stm32f4xx_hal_cortex.o
 .comment       0x0000000000000038       0x39 build/stm32f4xx_hal.o
 .comment       0x0000000000000038       0x39 build/system_stm32f4xx.o
 .comment       0x0000000000000038       0x39 build/heap_4.o
 .comment       0x0000000000000038       0x39 build/port.o
 .comment       0x0000000000000038       0x39 build/tasks.o
 .comment       0x0000000000000038       0x39 build/list.o
 .comment       0x0000000000000038       0x39 build/cmsis_os.o
 .comment       0x0000000000000038       0x39 build/stm32f4xx_hal_spi.o
 .comment       0x0000000000000038       0x39 build/stm32f4xx_hal_i2c.o
 .comment       0x0000000000000038       0x39 build/stm32f4xx_hal_adc.o
 .comment       0x0000000000000038       0x38 /usr/lib/gcc/arm-none-eabi/4.9.3/../../../arm-none-eabi/lib/armv7e-m/fpu/libc_nano.a(lib_a-init.o)
                                         0x39 (size before relaxing)
 .comment       0x0000000000000070       0x39 /usr/lib/gcc/arm-none-eabi/4.9.3/armv7e-m/fpu/libgcc.a(bpabi.o)
 .comment       0x0000000000000070       0x39 /usr/lib/gcc/arm-none-eabi/4.9.3/armv7e-m/fpu/libgcc.a(_divdi3.o)
 .comment       0x0000000000000070       0x39 /usr/lib/gcc/arm-none-eabi/4.9.3/armv7e-m/fpu/libgcc.a(_udivdi3.o)
 .comment       0x0000000000000070       0x39 /usr/lib/gcc/arm-none-eabi/4.9.3/armv7e-m/fpu/crtend.o

.debug_info     0x0000000000000000    0x16196
 .debug_info    0x0000000000000000     0x2a59 build/main.o
 .debug_info    0x0000000000002a59      0x6a5 build/stm32f4xx_it.o
 .debug_info    0x00000000000030fe     0x1913 build/stm32f4xx_hal_msp.o
 .debug_info    0x0000000000004a11      0xb41 build/stm32f4xx_hal_timebase_TIM.o
 .debug_info    0x0000000000005552      0xf7f build/stm32f4xx_hal_can.o
 .debug_info    0x00000000000064d1     0x2450 build/stm32f4xx_hal_tim.o
 .debug_info    0x0000000000008921     0x10ab build/stm32f4xx_hal_tim_ex.o
 .debug_info    0x00000000000099cc      0x965 build/stm32f4xx_hal_rcc.o
 .debug_info    0x000000000000a331      0x796 build/stm32f4xx_hal_gpio.o
 .debug_info    0x000000000000aac7      0x967 build/stm32f4xx_hal_dma.o
 .debug_info    0x000000000000b42e      0xe8c build/stm32f4xx_hal_cortex.o
 .debug_info    0x000000000000c2ba      0x984 build/stm32f4xx_hal.o
 .debug_info    0x000000000000cc3e      0x542 build/system_stm32f4xx.o
 .debug_info    0x000000000000d180      0x3f5 build/heap_4.o
 .debug_info    0x000000000000d575      0x546 build/port.o
 .debug_info    0x000000000000dabb     0x1ab5 build/tasks.o
 .debug_info    0x000000000000f570      0x2d0 build/list.o
 .debug_info    0x000000000000f840     0x143b build/cmsis_os.o
 .debug_info    0x0000000000010c7b     0x1619 build/stm32f4xx_hal_spi.o
 .debug_info    0x0000000000012294     0x2201 build/stm32f4xx_hal_i2c.o
 .debug_info    0x0000000000014495      0xd69 build/stm32f4xx_hal_adc.o
 .debug_info    0x00000000000151fe       0x79 build/startup_stm32f405xx.o
 .debug_info    0x0000000000015277      0x105 /usr/lib/gcc/arm-none-eabi/4.9.3/../../../arm-none-eabi/lib/armv7e-m/fpu/libc_nano.a(lib_a-init.o)
 .debug_info    0x000000000001537c       0xbd /usr/lib/gcc/arm-none-eabi/4.9.3/armv7e-m/fpu/libgcc.a(_aeabi_uldivmod.o)
 .debug_info    0x0000000000015439      0x164 /usr/lib/gcc/arm-none-eabi/4.9.3/armv7e-m/fpu/libgcc.a(bpabi.o)
 .debug_info    0x000000000001559d       0xc1 /usr/lib/gcc/arm-none-eabi/4.9.3/armv7e-m/fpu/libgcc.a(_dvmd_tls.o)
 .debug_info    0x000000000001565e      0x5bc /usr/lib/gcc/arm-none-eabi/4.9.3/armv7e-m/fpu/libgcc.a(_divdi3.o)
 .debug_info    0x0000000000015c1a      0x57c /usr/lib/gcc/arm-none-eabi/4.9.3/armv7e-m/fpu/libgcc.a(_udivdi3.o)

.debug_abbrev   0x0000000000000000     0x2cf8
 .debug_abbrev  0x0000000000000000      0x311 build/main.o
 .debug_abbrev  0x0000000000000311      0x14a build/stm32f4xx_it.o
 .debug_abbrev  0x000000000000045b      0x19c build/stm32f4xx_hal_msp.o
 .debug_abbrev  0x00000000000005f7      0x175 build/stm32f4xx_hal_timebase_TIM.o
 .debug_abbrev  0x000000000000076c      0x218 build/stm32f4xx_hal_can.o
 .debug_abbrev  0x0000000000000984      0x206 build/stm32f4xx_hal_tim.o
 .debug_abbrev  0x0000000000000b8a      0x1fd build/stm32f4xx_hal_tim_ex.o
 .debug_abbrev  0x0000000000000d87      0x240 build/stm32f4xx_hal_rcc.o
 .debug_abbrev  0x0000000000000fc7      0x1ac build/stm32f4xx_hal_gpio.o
 .debug_abbrev  0x0000000000001173      0x226 build/stm32f4xx_hal_dma.o
 .debug_abbrev  0x0000000000001399      0x2a2 build/stm32f4xx_hal_cortex.o
 .debug_abbrev  0x000000000000163b      0x1c4 build/stm32f4xx_hal.o
 .debug_abbrev  0x00000000000017ff      0x103 build/system_stm32f4xx.o
 .debug_abbrev  0x0000000000001902      0x1bb build/heap_4.o
 .debug_abbrev  0x0000000000001abd      0x1e6 build/port.o
 .debug_abbrev  0x0000000000001ca3      0x295 build/tasks.o
 .debug_abbrev  0x0000000000001f38       0xc0 build/list.o
 .debug_abbrev  0x0000000000001ff8      0x2b7 build/cmsis_os.o
 .debug_abbrev  0x00000000000022af      0x217 build/stm32f4xx_hal_spi.o
 .debug_abbrev  0x00000000000024c6      0x1fd build/stm32f4xx_hal_i2c.o
 .debug_abbrev  0x00000000000026c3      0x1cd build/stm32f4xx_hal_adc.o
 .debug_abbrev  0x0000000000002890       0x12 build/startup_stm32f405xx.o
 .debug_abbrev  0x00000000000028a2       0xba /usr/lib/gcc/arm-none-eabi/4.9.3/../../../arm-none-eabi/lib/armv7e-m/fpu/libc_nano.a(lib_a-init.o)
 .debug_abbrev  0x000000000000295c       0x14 /usr/lib/gcc/arm-none-eabi/4.9.3/armv7e-m/fpu/libgcc.a(_aeabi_uldivmod.o)
 .debug_abbrev  0x0000000000002970       0xb7 /usr/lib/gcc/arm-none-eabi/4.9.3/armv7e-m/fpu/libgcc.a(bpabi.o)
 .debug_abbrev  0x0000000000002a27       0x14 /usr/lib/gcc/arm-none-eabi/4.9.3/armv7e-m/fpu/libgcc.a(_dvmd_tls.o)
 .debug_abbrev  0x0000000000002a3b      0x169 /usr/lib/gcc/arm-none-eabi/4.9.3/armv7e-m/fpu/libgcc.a(_divdi3.o)
 .debug_abbrev  0x0000000000002ba4      0x154 /usr/lib/gcc/arm-none-eabi/4.9.3/armv7e-m/fpu/libgcc.a(_udivdi3.o)

.debug_loc      0x0000000000000000     0xded8
 .debug_loc     0x0000000000000000      0x9b0 build/main.o
 .debug_loc     0x00000000000009b0      0x190 build/stm32f4xx_it.o
 .debug_loc     0x0000000000000b40      0x320 build/stm32f4xx_hal_msp.o
 .debug_loc     0x0000000000000e60       0xd8 build/stm32f4xx_hal_timebase_TIM.o
 .debug_loc     0x0000000000000f38      0xcb4 build/stm32f4xx_hal_can.o
 .debug_loc     0x0000000000001bec     0x2348 build/stm32f4xx_hal_tim.o
 .debug_loc     0x0000000000003f34      0xc20 build/stm32f4xx_hal_tim_ex.o
 .debug_loc     0x0000000000004b54      0x3d0 build/stm32f4xx_hal_rcc.o
 .debug_loc     0x0000000000004f24      0x2d4 build/stm32f4xx_hal_gpio.o
 .debug_loc     0x00000000000051f8      0x510 build/stm32f4xx_hal_dma.o
 .debug_loc     0x0000000000005708      0x9f4 build/stm32f4xx_hal_cortex.o
 .debug_loc     0x00000000000060fc      0x6b0 build/stm32f4xx_hal.o
 .debug_loc     0x00000000000067ac       0xa0 build/system_stm32f4xx.o
 .debug_loc     0x000000000000684c      0x224 build/heap_4.o
 .debug_loc     0x0000000000006a70      0x2e8 build/port.o
 .debug_loc     0x0000000000006d58      0xf26 build/tasks.o
 .debug_loc     0x0000000000007c7e      0x1cc build/list.o
 .debug_loc     0x0000000000007e4a     0x1114 build/cmsis_os.o
 .debug_loc     0x0000000000008f5e     0x11b8 build/stm32f4xx_hal_spi.o
 .debug_loc     0x000000000000a116     0x18af build/stm32f4xx_hal_i2c.o
 .debug_loc     0x000000000000b9c5      0x8e0 build/stm32f4xx_hal_adc.o
 .debug_loc     0x000000000000c2a5       0x54 /usr/lib/gcc/arm-none-eabi/4.9.3/../../../arm-none-eabi/lib/armv7e-m/fpu/libc_nano.a(lib_a-init.o)
 .debug_loc     0x000000000000c2f9       0xa0 /usr/lib/gcc/arm-none-eabi/4.9.3/armv7e-m/fpu/libgcc.a(bpabi.o)
 .debug_loc     0x000000000000c399      0xdef /usr/lib/gcc/arm-none-eabi/4.9.3/armv7e-m/fpu/libgcc.a(_divdi3.o)
 .debug_loc     0x000000000000d188      0xd50 /usr/lib/gcc/arm-none-eabi/4.9.3/armv7e-m/fpu/libgcc.a(_udivdi3.o)

.debug_aranges  0x0000000000000000     0x1610
 .debug_aranges
                0x0000000000000000      0x130 build/main.o
 .debug_aranges
                0x0000000000000130       0x58 build/stm32f4xx_it.o
 .debug_aranges
                0x0000000000000188       0x68 build/stm32f4xx_hal_msp.o
 .debug_aranges
                0x00000000000001f0       0x30 build/stm32f4xx_hal_timebase_TIM.o
 .debug_aranges
                0x0000000000000220      0x138 build/stm32f4xx_hal_can.o
 .debug_aranges
                0x0000000000000358      0x368 build/stm32f4xx_hal_tim.o
 .debug_aranges
                0x00000000000006c0      0x140 build/stm32f4xx_hal_tim_ex.o
 .debug_aranges
                0x0000000000000800       0x88 build/stm32f4xx_hal_rcc.o
 .debug_aranges
                0x0000000000000888       0x58 build/stm32f4xx_hal_gpio.o
 .debug_aranges
                0x00000000000008e0       0x90 build/stm32f4xx_hal_dma.o
 .debug_aranges
                0x0000000000000970      0x118 build/stm32f4xx_hal_cortex.o
 .debug_aranges
                0x0000000000000a88       0xe0 build/stm32f4xx_hal.o
 .debug_aranges
                0x0000000000000b68       0x28 build/system_stm32f4xx.o
 .debug_aranges
                0x0000000000000b90       0x50 build/heap_4.o
 .debug_aranges
                0x0000000000000be0       0x80 build/port.o
 .debug_aranges
                0x0000000000000c60      0x198 build/tasks.o
 .debug_aranges
                0x0000000000000df8       0x40 build/list.o
 .debug_aranges
                0x0000000000000e38      0x1d8 build/cmsis_os.o
 .debug_aranges
                0x0000000000001010      0x1c8 build/stm32f4xx_hal_spi.o
 .debug_aranges
                0x00000000000011d8      0x268 build/stm32f4xx_hal_i2c.o
 .debug_aranges
                0x0000000000001440       0xe8 build/stm32f4xx_hal_adc.o
 .debug_aranges
                0x0000000000001528       0x28 build/startup_stm32f405xx.o
 .debug_aranges
                0x0000000000001550       0x20 /usr/lib/gcc/arm-none-eabi/4.9.3/../../../arm-none-eabi/lib/armv7e-m/fpu/libc_nano.a(lib_a-init.o)
 .debug_aranges
                0x0000000000001570       0x20 /usr/lib/gcc/arm-none-eabi/4.9.3/armv7e-m/fpu/libgcc.a(_aeabi_uldivmod.o)
 .debug_aranges
                0x0000000000001590       0x20 /usr/lib/gcc/arm-none-eabi/4.9.3/armv7e-m/fpu/libgcc.a(bpabi.o)
 .debug_aranges
                0x00000000000015b0       0x20 /usr/lib/gcc/arm-none-eabi/4.9.3/armv7e-m/fpu/libgcc.a(_dvmd_tls.o)
 .debug_aranges
                0x00000000000015d0       0x20 /usr/lib/gcc/arm-none-eabi/4.9.3/armv7e-m/fpu/libgcc.a(_divdi3.o)
 .debug_aranges
                0x00000000000015f0       0x20 /usr/lib/gcc/arm-none-eabi/4.9.3/armv7e-m/fpu/libgcc.a(_udivdi3.o)

.debug_ranges   0x0000000000000000     0x15b0
 .debug_ranges  0x0000000000000000      0x120 build/main.o
 .debug_ranges  0x0000000000000120       0x48 build/stm32f4xx_it.o
 .debug_ranges  0x0000000000000168       0x58 build/stm32f4xx_hal_msp.o
 .debug_ranges  0x00000000000001c0       0x20 build/stm32f4xx_hal_timebase_TIM.o
 .debug_ranges  0x00000000000001e0      0x128 build/stm32f4xx_hal_can.o
 .debug_ranges  0x0000000000000308      0x358 build/stm32f4xx_hal_tim.o
 .debug_ranges  0x0000000000000660      0x130 build/stm32f4xx_hal_tim_ex.o
 .debug_ranges  0x0000000000000790       0x78 build/stm32f4xx_hal_rcc.o
 .debug_ranges  0x0000000000000808       0x48 build/stm32f4xx_hal_gpio.o
 .debug_ranges  0x0000000000000850       0x80 build/stm32f4xx_hal_dma.o
 .debug_ranges  0x00000000000008d0      0x108 build/stm32f4xx_hal_cortex.o
 .debug_ranges  0x00000000000009d8       0xd0 build/stm32f4xx_hal.o
 .debug_ranges  0x0000000000000aa8       0x18 build/system_stm32f4xx.o
 .debug_ranges  0x0000000000000ac0       0x40 build/heap_4.o
 .debug_ranges  0x0000000000000b00       0x70 build/port.o
 .debug_ranges  0x0000000000000b70      0x188 build/tasks.o
 .debug_ranges  0x0000000000000cf8       0x30 build/list.o
 .debug_ranges  0x0000000000000d28      0x1c8 build/cmsis_os.o
 .debug_ranges  0x0000000000000ef0      0x1b8 build/stm32f4xx_hal_spi.o
 .debug_ranges  0x00000000000010a8      0x258 build/stm32f4xx_hal_i2c.o
 .debug_ranges  0x0000000000001300       0xd8 build/stm32f4xx_hal_adc.o
 .debug_ranges  0x00000000000013d8       0x20 build/startup_stm32f405xx.o
 .debug_ranges  0x00000000000013f8       0x10 /usr/lib/gcc/arm-none-eabi/4.9.3/../../../arm-none-eabi/lib/armv7e-m/fpu/libc_nano.a(lib_a-init.o)
 .debug_ranges  0x0000000000001408       0xd0 /usr/lib/gcc/arm-none-eabi/4.9.3/armv7e-m/fpu/libgcc.a(_divdi3.o)
 .debug_ranges  0x00000000000014d8       0xd8 /usr/lib/gcc/arm-none-eabi/4.9.3/armv7e-m/fpu/libgcc.a(_udivdi3.o)

.debug_line     0x0000000000000000     0x8474
 .debug_line    0x0000000000000000      0x7ab build/main.o
 .debug_line    0x00000000000007ab      0x1e6 build/stm32f4xx_it.o
 .debug_line    0x0000000000000991      0x2e8 build/stm32f4xx_hal_msp.o
 .debug_line    0x0000000000000c79      0x1bb build/stm32f4xx_hal_timebase_TIM.o
 .debug_line    0x0000000000000e34      0x63d build/stm32f4xx_hal_can.o
 .debug_line    0x0000000000001471     0x131b build/stm32f4xx_hal_tim.o
 .debug_line    0x000000000000278c      0x73c build/stm32f4xx_hal_tim_ex.o
 .debug_line    0x0000000000002ec8      0x3fb build/stm32f4xx_hal_rcc.o
 .debug_line    0x00000000000032c3      0x34d build/stm32f4xx_hal_gpio.o
 .debug_line    0x0000000000003610      0x43b build/stm32f4xx_hal_dma.o
 .debug_line    0x0000000000003a4b      0x47d build/stm32f4xx_hal_cortex.o
 .debug_line    0x0000000000003ec8      0x35e build/stm32f4xx_hal.o
 .debug_line    0x0000000000004226      0x12a build/system_stm32f4xx.o
 .debug_line    0x0000000000004350      0x286 build/heap_4.o
 .debug_line    0x00000000000045d6      0x314 build/port.o
 .debug_line    0x00000000000048ea      0xbf3 build/tasks.o
 .debug_line    0x00000000000054dd      0x1b1 build/list.o
 .debug_line    0x000000000000568e      0x7e7 build/cmsis_os.o
 .debug_line    0x0000000000005e75      0xaeb build/stm32f4xx_hal_spi.o
 .debug_line    0x0000000000006960     0x1158 build/stm32f4xx_hal_i2c.o
 .debug_line    0x0000000000007ab8      0x5ae build/stm32f4xx_hal_adc.o
 .debug_line    0x0000000000008066       0x74 build/startup_stm32f405xx.o
 .debug_line    0x00000000000080da       0xb9 /usr/lib/gcc/arm-none-eabi/4.9.3/../../../arm-none-eabi/lib/armv7e-m/fpu/libc_nano.a(lib_a-init.o)
 .debug_line    0x0000000000008193       0x65 /usr/lib/gcc/arm-none-eabi/4.9.3/armv7e-m/fpu/libgcc.a(_aeabi_uldivmod.o)
 .debug_line    0x00000000000081f8       0x65 /usr/lib/gcc/arm-none-eabi/4.9.3/armv7e-m/fpu/libgcc.a(bpabi.o)
 .debug_line    0x000000000000825d       0x61 /usr/lib/gcc/arm-none-eabi/4.9.3/armv7e-m/fpu/libgcc.a(_dvmd_tls.o)
 .debug_line    0x00000000000082be       0xe2 /usr/lib/gcc/arm-none-eabi/4.9.3/armv7e-m/fpu/libgcc.a(_divdi3.o)
 .debug_line    0x00000000000083a0       0xd4 /usr/lib/gcc/arm-none-eabi/4.9.3/armv7e-m/fpu/libgcc.a(_udivdi3.o)

.debug_str      0x0000000000000000     0x6d90
 .debug_str     0x0000000000000000     0x1c21 build/main.o
                                       0x1dad (size before relaxing)
 .debug_str     0x0000000000001c21       0xa7 build/stm32f4xx_it.o
                                        0x64c (size before relaxing)
 .debug_str     0x0000000000001cc8       0xc3 build/stm32f4xx_hal_msp.o
                                       0x145a (size before relaxing)
 .debug_str     0x0000000000001d8b       0x9b build/stm32f4xx_hal_timebase_TIM.o
                                        0xca4 (size before relaxing)
 .debug_str     0x0000000000001e26      0x546 build/stm32f4xx_hal_can.o
                                        0xa4e (size before relaxing)
 .debug_str     0x000000000000236c      0xcda build/stm32f4xx_hal_tim.o
                                       0x1347 (size before relaxing)
 .debug_str     0x0000000000003046      0x540 build/stm32f4xx_hal_tim_ex.o
                                        0xc02 (size before relaxing)
 .debug_str     0x0000000000003586      0x201 build/stm32f4xx_hal_rcc.o
                                        0x6c1 (size before relaxing)
 .debug_str     0x0000000000003787      0x13c build/stm32f4xx_hal_gpio.o
                                        0x4e9 (size before relaxing)
 .debug_str     0x00000000000038c3      0x2f9 build/stm32f4xx_hal_dma.o
                                        0x773 (size before relaxing)
 .debug_str     0x0000000000003bbc      0x419 build/stm32f4xx_hal_cortex.o
                                        0xbf2 (size before relaxing)
 .debug_str     0x0000000000003fd5      0x276 build/stm32f4xx_hal.o
                                        0xad4 (size before relaxing)
 .debug_str     0x000000000000424b       0x42 build/system_stm32f4xx.o
                                        0x379 (size before relaxing)
 .debug_str     0x000000000000428d      0x226 build/heap_4.o
                                        0x3b1 (size before relaxing)
 .debug_str     0x00000000000044b3      0x269 build/port.o
                                        0x439 (size before relaxing)
 .debug_str     0x000000000000471c      0xabc build/tasks.o
                                        0xd3e (size before relaxing)
 .debug_str     0x00000000000051d8       0xb8 build/list.o
                                        0x2e7 (size before relaxing)
 .debug_str     0x0000000000005290      0x6e1 build/cmsis_os.o
                                        0xb17 (size before relaxing)
 .debug_str     0x0000000000005971      0x4c7 build/stm32f4xx_hal_spi.o
                                        0xb47 (size before relaxing)
 .debug_str     0x0000000000005e38      0x791 build/stm32f4xx_hal_i2c.o
                                        0xeeb (size before relaxing)
 .debug_str     0x00000000000065c9      0x283 build/stm32f4xx_hal_adc.o
                                        0x8fe (size before relaxing)
 .debug_str     0x000000000000684c      0x1e2 /usr/lib/gcc/arm-none-eabi/4.9.3/../../../arm-none-eabi/lib/armv7e-m/fpu/libc_nano.a(lib_a-init.o)
                                        0x281 (size before relaxing)
 .debug_str     0x0000000000006a2e      0x1d3 /usr/lib/gcc/arm-none-eabi/4.9.3/armv7e-m/fpu/libgcc.a(bpabi.o)
                                        0x1f8 (size before relaxing)
 .debug_str     0x0000000000006c01      0x18f /usr/lib/gcc/arm-none-eabi/4.9.3/armv7e-m/fpu/libgcc.a(_divdi3.o)
                                        0x2a6 (size before relaxing)
 .debug_str     0x0000000000006d90      0x2a7 /usr/lib/gcc/arm-none-eabi/4.9.3/armv7e-m/fpu/libgcc.a(_udivdi3.o)

.debug_frame    0x0000000000000000     0x604c
 .debug_frame   0x0000000000000000      0x510 build/main.o
 .debug_frame   0x0000000000000510      0x100 build/stm32f4xx_it.o
 .debug_frame   0x0000000000000610      0x1a0 build/stm32f4xx_hal_msp.o
 .debug_frame   0x00000000000007b0       0x80 build/stm32f4xx_hal_timebase_TIM.o
 .debug_frame   0x0000000000000830      0x5b4 build/stm32f4xx_hal_can.o
 .debug_frame   0x0000000000000de4     0x10bc build/stm32f4xx_hal_tim.o
 .debug_frame   0x0000000000001ea0      0x5e4 build/stm32f4xx_hal_tim_ex.o
 .debug_frame   0x0000000000002484      0x218 build/stm32f4xx_hal_rcc.o
 .debug_frame   0x000000000000269c      0x154 build/stm32f4xx_hal_gpio.o
 .debug_frame   0x00000000000027f0      0x268 build/stm32f4xx_hal_dma.o
 .debug_frame   0x0000000000002a58      0x4d4 build/stm32f4xx_hal_cortex.o
 .debug_frame   0x0000000000002f2c      0x394 build/stm32f4xx_hal.o
 .debug_frame   0x00000000000032c0       0x5c build/system_stm32f4xx.o
 .debug_frame   0x000000000000331c      0x11c build/heap_4.o
 .debug_frame   0x0000000000003438      0x1a8 build/port.o
 .debug_frame   0x00000000000035e0      0x778 build/tasks.o
 .debug_frame   0x0000000000003d58       0xd8 build/list.o
 .debug_frame   0x0000000000003e30      0x898 build/cmsis_os.o
 .debug_frame   0x00000000000046c8      0x890 build/stm32f4xx_hal_spi.o
 .debug_frame   0x0000000000004f58      0xbc4 build/stm32f4xx_hal_i2c.o
 .debug_frame   0x0000000000005b1c      0x428 build/stm32f4xx_hal_adc.o
 .debug_frame   0x0000000000005f44       0x2c /usr/lib/gcc/arm-none-eabi/4.9.3/../../../arm-none-eabi/lib/armv7e-m/fpu/libc_nano.a(lib_a-init.o)
 .debug_frame   0x0000000000005f70       0x28 /usr/lib/gcc/arm-none-eabi/4.9.3/armv7e-m/fpu/libgcc.a(_aeabi_uldivmod.o)
 .debug_frame   0x0000000000005f98       0x50 /usr/lib/gcc/arm-none-eabi/4.9.3/armv7e-m/fpu/libgcc.a(bpabi.o)
 .debug_frame   0x0000000000005fe8       0x34 /usr/lib/gcc/arm-none-eabi/4.9.3/armv7e-m/fpu/libgcc.a(_divdi3.o)
 .debug_frame   0x000000000000601c       0x30 /usr/lib/gcc/arm-none-eabi/4.9.3/armv7e-m/fpu/libgcc.a(_udivdi3.o)

Cross Reference Table

Symbol                                            File
ADC_IRQHandler                                    build/main.o
AHBPrescTable                                     build/system_stm32f4xx.o
                                                  build/stm32f4xx_hal_rcc.o
APBPrescTable                                     build/system_stm32f4xx.o
                                                  build/stm32f4xx_hal_rcc.o
BusFault_Handler                                  build/stm32f4xx_it.o
CAN1_RX0_IRQHandler                               build/startup_stm32f405xx.o
CAN1_RX1_IRQHandler                               build/startup_stm32f405xx.o
CAN1_SCE_IRQHandler                               build/startup_stm32f405xx.o
CAN1_TX_IRQHandler                                build/startup_stm32f405xx.o
CAN2_RX0_IRQHandler                               build/startup_stm32f405xx.o
CAN2_RX1_IRQHandler                               build/startup_stm32f405xx.o
CAN2_SCE_IRQHandler                               build/startup_stm32f405xx.o
CAN2_TX_IRQHandler                                build/startup_stm32f405xx.o
DMA1_Stream0_IRQHandler                           build/startup_stm32f405xx.o
DMA1_Stream1_IRQHandler                           build/startup_stm32f405xx.o
DMA1_Stream2_IRQHandler                           build/startup_stm32f405xx.o
DMA1_Stream3_IRQHandler                           build/startup_stm32f405xx.o
DMA1_Stream4_IRQHandler                           build/startup_stm32f405xx.o
DMA1_Stream5_IRQHandler                           build/startup_stm32f405xx.o
DMA1_Stream6_IRQHandler                           build/startup_stm32f405xx.o
DMA1_Stream7_IRQHandler                           build/startup_stm32f405xx.o
DMA2_Stream0_IRQHandler                           build/startup_stm32f405xx.o
DMA2_Stream1_IRQHandler                           build/startup_stm32f405xx.o
DMA2_Stream2_IRQHandler                           build/startup_stm32f405xx.o
DMA2_Stream3_IRQHandler                           build/startup_stm32f405xx.o
DMA2_Stream4_IRQHandler                           build/main.o
DMA2_Stream5_IRQHandler                           build/startup_stm32f405xx.o
DMA2_Stream6_IRQHandler                           build/startup_stm32f405xx.o
DMA2_Stream7_IRQHandler                           build/startup_stm32f405xx.o
DebugMon_Handler                                  build/stm32f4xx_it.o
Default_Handler                                   build/startup_stm32f405xx.o
EXTI0_IRQHandler                                  build/startup_stm32f405xx.o
EXTI15_10_IRQHandler                              build/startup_stm32f405xx.o
EXTI1_IRQHandler                                  build/startup_stm32f405xx.o
EXTI2_IRQHandler                                  build/startup_stm32f405xx.o
EXTI3_IRQHandler                                  build/startup_stm32f405xx.o
EXTI4_IRQHandler                                  build/startup_stm32f405xx.o
EXTI9_5_IRQHandler                                build/startup_stm32f405xx.o
FLASH_Erase_Sector                                build/stm32f4xx_hal_flash_ex.o
                                                  build/stm32f4xx_hal_flash.o
FLASH_FlushCaches                                 build/stm32f4xx_hal_flash_ex.o
                                                  build/stm32f4xx_hal_flash.o
FLASH_IRQHandler                                  build/startup_stm32f405xx.o
FLASH_WaitForLastOperation                        build/stm32f4xx_hal_flash.o
                                                  build/stm32f4xx_hal_flash_ex.o
FPU_IRQHandler                                    build/startup_stm32f405xx.o
FSMC_IRQHandler                                   build/startup_stm32f405xx.o
GPIO_CLOCK_ENABLED                                build/main.o
HAL_ADCEx_InjectedConvCpltCallback                build/main.o
                                                  build/stm32f4xx_hal_adc.o
HAL_ADC_AnalogWDGConfig                           build/stm32f4xx_hal_adc.o
HAL_ADC_ConfigChannel                             build/stm32f4xx_hal_adc.o
                                                  build/main.o
HAL_ADC_ConvCpltCallback                          build/main.o
HAL_ADC_ConvHalfCpltCallback                      build/stm32f4xx_hal_adc.o
HAL_ADC_DeInit                                    build/stm32f4xx_hal_adc.o
HAL_ADC_ErrorCallback                             build/stm32f4xx_hal_adc.o
HAL_ADC_GetError                                  build/stm32f4xx_hal_adc.o
HAL_ADC_GetState                                  build/stm32f4xx_hal_adc.o
HAL_ADC_GetValue                                  build/stm32f4xx_hal_adc.o
HAL_ADC_IRQHandler                                build/stm32f4xx_hal_adc.o
                                                  build/main.o
HAL_ADC_Init                                      build/stm32f4xx_hal_adc.o
                                                  build/main.o
HAL_ADC_LevelOutOfWindowCallback                  build/stm32f4xx_hal_adc.o
HAL_ADC_MspDeInit                                 build/stm32f4xx_hal_adc.o
HAL_ADC_MspInit                                   build/stm32f4xx_hal_msp.o
HAL_ADC_PollForConversion                         build/stm32f4xx_hal_adc.o
HAL_ADC_PollForEvent                              build/stm32f4xx_hal_adc.o
HAL_ADC_Start                                     build/stm32f4xx_hal_adc.o
HAL_ADC_Start_DMA                                 build/stm32f4xx_hal_adc.o
                                                  build/main.o
HAL_ADC_Start_IT                                  build/stm32f4xx_hal_adc.o
HAL_ADC_Stop                                      build/stm32f4xx_hal_adc.o
HAL_ADC_Stop_DMA                                  build/stm32f4xx_hal_adc.o
HAL_ADC_Stop_IT                                   build/stm32f4xx_hal_adc.o
HAL_CAN_AbortTxRequest                            build/stm32f4xx_hal_can.o
HAL_CAN_ActivateNotification                      build/stm32f4xx_hal_can.o
HAL_CAN_AddTxMessage                              build/stm32f4xx_hal_can.o
                                                  build/main.o
HAL_CAN_ConfigFilter                              build/stm32f4xx_hal_can.o
HAL_CAN_DeInit                                    build/stm32f4xx_hal_can.o
HAL_CAN_DeactivateNotification                    build/stm32f4xx_hal_can.o
HAL_CAN_ErrorCallback                             build/stm32f4xx_hal_can.o
HAL_CAN_GetError                                  build/stm32f4xx_hal_can.o
HAL_CAN_GetRxFifoFillLevel                        build/stm32f4xx_hal_can.o
HAL_CAN_GetRxMessage                              build/stm32f4xx_hal_can.o
HAL_CAN_GetState                                  build/stm32f4xx_hal_can.o
HAL_CAN_GetTxMailboxesFreeLevel                   build/stm32f4xx_hal_can.o
HAL_CAN_GetTxTimestamp                            build/stm32f4xx_hal_can.o
HAL_CAN_IRQHandler                                build/stm32f4xx_hal_can.o
HAL_CAN_Init                                      build/stm32f4xx_hal_can.o
                                                  build/main.o
HAL_CAN_IsSleepActive                             build/stm32f4xx_hal_can.o
HAL_CAN_IsTxMessagePending                        build/stm32f4xx_hal_can.o
                                                  build/main.o
HAL_CAN_MspDeInit                                 build/stm32f4xx_hal_msp.o
HAL_CAN_MspInit                                   build/stm32f4xx_hal_msp.o
HAL_CAN_RequestSleep                              build/stm32f4xx_hal_can.o
HAL_CAN_ResetError                                build/stm32f4xx_hal_can.o
HAL_CAN_RxFifo0FullCallback                       build/stm32f4xx_hal_can.o
HAL_CAN_RxFifo0MsgPendingCallback                 build/stm32f4xx_hal_can.o
HAL_CAN_RxFifo1FullCallback                       build/stm32f4xx_hal_can.o
HAL_CAN_RxFifo1MsgPendingCallback                 build/stm32f4xx_hal_can.o
HAL_CAN_SleepCallback                             build/stm32f4xx_hal_can.o
HAL_CAN_Start                                     build/stm32f4xx_hal_can.o
                                                  build/main.o
HAL_CAN_Stop                                      build/stm32f4xx_hal_can.o
HAL_CAN_TxMailbox0AbortCallback                   build/stm32f4xx_hal_can.o
HAL_CAN_TxMailbox0CompleteCallback                build/stm32f4xx_hal_can.o
HAL_CAN_TxMailbox1AbortCallback                   build/stm32f4xx_hal_can.o
HAL_CAN_TxMailbox1CompleteCallback                build/stm32f4xx_hal_can.o
HAL_CAN_TxMailbox2AbortCallback                   build/stm32f4xx_hal_can.o
HAL_CAN_TxMailbox2CompleteCallback                build/stm32f4xx_hal_can.o
HAL_CAN_WakeUp                                    build/stm32f4xx_hal_can.o
                                                  build/main.o
HAL_CAN_WakeUpFromRxMsgCallback                   build/stm32f4xx_hal_can.o
HAL_DBGMCU_DisableDBGSleepMode                    build/stm32f4xx_hal.o
HAL_DBGMCU_DisableDBGStandbyMode                  build/stm32f4xx_hal.o
HAL_DBGMCU_DisableDBGStopMode                     build/stm32f4xx_hal.o
HAL_DBGMCU_EnableDBGSleepMode                     build/stm32f4xx_hal.o
HAL_DBGMCU_EnableDBGStandbyMode                   build/stm32f4xx_hal.o
HAL_DBGMCU_EnableDBGStopMode                      build/stm32f4xx_hal.o
HAL_DMAEx_ChangeMemory                            build/stm32f4xx_hal_dma_ex.o
HAL_DMAEx_MultiBufferStart                        build/stm32f4xx_hal_dma_ex.o
HAL_DMAEx_MultiBufferStart_IT                     build/stm32f4xx_hal_dma_ex.o
HAL_DMA_Abort                                     build/stm32f4xx_hal_dma.o
                                                  build/stm32f4xx_hal_adc.o
                                                  build/stm32f4xx_hal_spi.o
                                                  build/stm32f4xx_hal_uart.o
                                                  build/stm32f4xx_hal_tim.o
HAL_DMA_Abort_IT                                  build/stm32f4xx_hal_dma.o
                                                  build/stm32f4xx_hal_i2c.o
                                                  build/stm32f4xx_hal_spi.o
                                                  build/stm32f4xx_hal_uart.o
HAL_DMA_DeInit                                    build/stm32f4xx_hal_dma.o
HAL_DMA_GetError                                  build/stm32f4xx_hal_dma.o
                                                  build/stm32f4xx_hal_i2c.o
HAL_DMA_GetState                                  build/stm32f4xx_hal_dma.o
HAL_DMA_IRQHandler                                build/stm32f4xx_hal_dma.o
                                                  build/main.o
HAL_DMA_Init                                      build/stm32f4xx_hal_dma.o
                                                  build/main.o
HAL_DMA_PollForTransfer                           build/stm32f4xx_hal_dma.o
HAL_DMA_RegisterCallback                          build/stm32f4xx_hal_dma.o
HAL_DMA_Start                                     build/stm32f4xx_hal_dma.o
HAL_DMA_Start_IT                                  build/stm32f4xx_hal_dma.o
                                                  build/stm32f4xx_hal_adc.o
                                                  build/stm32f4xx_hal_i2c.o
                                                  build/stm32f4xx_hal_spi.o
                                                  build/stm32f4xx_hal_uart.o
                                                  build/stm32f4xx_hal_tim_ex.o
                                                  build/stm32f4xx_hal_tim.o
HAL_DMA_UnRegisterCallback                        build/stm32f4xx_hal_dma.o
HAL_DeInit                                        build/stm32f4xx_hal.o
HAL_Delay                                         build/stm32f4xx_hal.o
                                                  build/main.o
HAL_DisableCompensationCell                       build/stm32f4xx_hal.o
HAL_EnableCompensationCell                        build/stm32f4xx_hal.o
HAL_FLASHEx_Erase                                 build/stm32f4xx_hal_flash_ex.o
HAL_FLASHEx_Erase_IT                              build/stm32f4xx_hal_flash_ex.o
HAL_FLASHEx_OBGetConfig                           build/stm32f4xx_hal_flash_ex.o
HAL_FLASHEx_OBProgram                             build/stm32f4xx_hal_flash_ex.o
HAL_FLASH_EndOfOperationCallback                  build/stm32f4xx_hal_flash.o
HAL_FLASH_GetError                                build/stm32f4xx_hal_flash.o
HAL_FLASH_IRQHandler                              build/stm32f4xx_hal_flash.o
HAL_FLASH_Lock                                    build/stm32f4xx_hal_flash.o
HAL_FLASH_OB_Launch                               build/stm32f4xx_hal_flash.o
HAL_FLASH_OB_Lock                                 build/stm32f4xx_hal_flash.o
HAL_FLASH_OB_Unlock                               build/stm32f4xx_hal_flash.o
HAL_FLASH_OperationErrorCallback                  build/stm32f4xx_hal_flash.o
HAL_FLASH_Program                                 build/stm32f4xx_hal_flash.o
HAL_FLASH_Program_IT                              build/stm32f4xx_hal_flash.o
HAL_FLASH_Unlock                                  build/stm32f4xx_hal_flash.o
HAL_GPIO_DeInit                                   build/stm32f4xx_hal_gpio.o
                                                  build/stm32f4xx_hal_msp.o
HAL_GPIO_EXTI_Callback                            build/stm32f4xx_hal_gpio.o
HAL_GPIO_EXTI_IRQHandler                          build/stm32f4xx_hal_gpio.o
HAL_GPIO_Init                                     build/stm32f4xx_hal_gpio.o
                                                  build/stm32f4xx_hal_rcc.o
                                                  build/stm32f4xx_hal_msp.o
                                                  build/main.o
HAL_GPIO_LockPin                                  build/stm32f4xx_hal_gpio.o
HAL_GPIO_ReadPin                                  build/stm32f4xx_hal_gpio.o
HAL_GPIO_TogglePin                                build/stm32f4xx_hal_gpio.o
                                                  build/main.o
HAL_GPIO_WritePin                                 build/stm32f4xx_hal_gpio.o
                                                  build/stm32f4xx_hal_msp.o
                                                  build/main.o
HAL_GetDEVID                                      build/stm32f4xx_hal.o
HAL_GetHalVersion                                 build/stm32f4xx_hal.o
HAL_GetREVID                                      build/stm32f4xx_hal.o
HAL_GetTick                                       build/stm32f4xx_hal.o
                                                  build/stm32f4xx_hal_adc.o
                                                  build/stm32f4xx_hal_i2c.o
                                                  build/stm32f4xx_hal_spi.o
                                                  build/stm32f4xx_hal_uart.o
                                                  build/stm32f4xx_hal_pwr_ex.o
                                                  build/stm32f4xx_hal_dma.o
                                                  build/stm32f4xx_hal_flash.o
                                                  build/stm32f4xx_hal_rcc_ex.o
                                                  build/stm32f4xx_hal_rcc.o
                                                  build/stm32f4xx_hal_can.o
HAL_GetTickFreq                                   build/stm32f4xx_hal.o
HAL_GetTickPrio                                   build/stm32f4xx_hal.o
HAL_GetUID                                        build/stm32f4xx_hal.o
HAL_HalfDuplex_EnableReceiver                     build/stm32f4xx_hal_uart.o
HAL_HalfDuplex_EnableTransmitter                  build/stm32f4xx_hal_uart.o
HAL_HalfDuplex_Init                               build/stm32f4xx_hal_uart.o
HAL_I2C_AbortCpltCallback                         build/stm32f4xx_hal_i2c.o
HAL_I2C_AddrCallback                              build/stm32f4xx_hal_i2c.o
HAL_I2C_DeInit                                    build/stm32f4xx_hal_i2c.o
HAL_I2C_DisableListen_IT                          build/stm32f4xx_hal_i2c.o
HAL_I2C_ER_IRQHandler                             build/stm32f4xx_hal_i2c.o
HAL_I2C_EV_IRQHandler                             build/stm32f4xx_hal_i2c.o
HAL_I2C_EnableListen_IT                           build/stm32f4xx_hal_i2c.o
HAL_I2C_ErrorCallback                             build/stm32f4xx_hal_i2c.o
HAL_I2C_GetError                                  build/stm32f4xx_hal_i2c.o
HAL_I2C_GetMode                                   build/stm32f4xx_hal_i2c.o
HAL_I2C_GetState                                  build/stm32f4xx_hal_i2c.o
HAL_I2C_Init                                      build/stm32f4xx_hal_i2c.o
                                                  build/main.o
HAL_I2C_IsDeviceReady                             build/stm32f4xx_hal_i2c.o
HAL_I2C_ListenCpltCallback                        build/stm32f4xx_hal_i2c.o
HAL_I2C_MasterRxCpltCallback                      build/stm32f4xx_hal_i2c.o
HAL_I2C_MasterTxCpltCallback                      build/stm32f4xx_hal_i2c.o
HAL_I2C_Master_Abort_IT                           build/stm32f4xx_hal_i2c.o
HAL_I2C_Master_Receive                            build/stm32f4xx_hal_i2c.o
                                                  build/main.o
HAL_I2C_Master_Receive_DMA                        build/stm32f4xx_hal_i2c.o
HAL_I2C_Master_Receive_IT                         build/stm32f4xx_hal_i2c.o
HAL_I2C_Master_Sequential_Receive_IT              build/stm32f4xx_hal_i2c.o
HAL_I2C_Master_Sequential_Transmit_IT             build/stm32f4xx_hal_i2c.o
HAL_I2C_Master_Transmit                           build/stm32f4xx_hal_i2c.o
                                                  build/main.o
HAL_I2C_Master_Transmit_DMA                       build/stm32f4xx_hal_i2c.o
HAL_I2C_Master_Transmit_IT                        build/stm32f4xx_hal_i2c.o
HAL_I2C_MemRxCpltCallback                         build/stm32f4xx_hal_i2c.o
HAL_I2C_MemTxCpltCallback                         build/stm32f4xx_hal_i2c.o
HAL_I2C_Mem_Read                                  build/stm32f4xx_hal_i2c.o
HAL_I2C_Mem_Read_DMA                              build/stm32f4xx_hal_i2c.o
HAL_I2C_Mem_Read_IT                               build/stm32f4xx_hal_i2c.o
HAL_I2C_Mem_Write                                 build/stm32f4xx_hal_i2c.o
HAL_I2C_Mem_Write_DMA                             build/stm32f4xx_hal_i2c.o
HAL_I2C_Mem_Write_IT                              build/stm32f4xx_hal_i2c.o
HAL_I2C_MspDeInit                                 build/stm32f4xx_hal_msp.o
HAL_I2C_MspInit                                   build/stm32f4xx_hal_msp.o
HAL_I2C_SlaveRxCpltCallback                       build/stm32f4xx_hal_i2c.o
HAL_I2C_SlaveTxCpltCallback                       build/stm32f4xx_hal_i2c.o
HAL_I2C_Slave_Receive                             build/stm32f4xx_hal_i2c.o
HAL_I2C_Slave_Receive_DMA                         build/stm32f4xx_hal_i2c.o
HAL_I2C_Slave_Receive_IT                          build/stm32f4xx_hal_i2c.o
HAL_I2C_Slave_Sequential_Receive_IT               build/stm32f4xx_hal_i2c.o
HAL_I2C_Slave_Sequential_Transmit_IT              build/stm32f4xx_hal_i2c.o
HAL_I2C_Slave_Transmit                            build/stm32f4xx_hal_i2c.o
HAL_I2C_Slave_Transmit_DMA                        build/stm32f4xx_hal_i2c.o
HAL_I2C_Slave_Transmit_IT                         build/stm32f4xx_hal_i2c.o
HAL_IncTick                                       build/stm32f4xx_hal.o
                                                  build/main.o
HAL_Init                                          build/stm32f4xx_hal.o
                                                  build/main.o
HAL_InitTick                                      build/stm32f4xx_hal_timebase_TIM.o
                                                  build/stm32f4xx_hal_rcc_ex.o
                                                  build/stm32f4xx_hal_rcc.o
HAL_LIN_Init                                      build/stm32f4xx_hal_uart.o
HAL_LIN_SendBreak                                 build/stm32f4xx_hal_uart.o
HAL_MPU_ConfigRegion                              build/stm32f4xx_hal_cortex.o
HAL_MPU_Disable                                   build/stm32f4xx_hal_cortex.o
HAL_MPU_Enable                                    build/stm32f4xx_hal_cortex.o
HAL_MspDeInit                                     build/stm32f4xx_hal.o
HAL_MspInit                                       build/stm32f4xx_hal_msp.o
HAL_MultiProcessor_EnterMuteMode                  build/stm32f4xx_hal_uart.o
HAL_MultiProcessor_ExitMuteMode                   build/stm32f4xx_hal_uart.o
HAL_MultiProcessor_Init                           build/stm32f4xx_hal_uart.o
HAL_NVIC_ClearPendingIRQ                          build/stm32f4xx_hal_cortex.o
HAL_NVIC_DisableIRQ                               build/stm32f4xx_hal_cortex.o
HAL_NVIC_EnableIRQ                                build/stm32f4xx_hal_cortex.o
                                                  build/stm32f4xx_hal_timebase_TIM.o
                                                  build/main.o
HAL_NVIC_GetActive                                build/stm32f4xx_hal_cortex.o
HAL_NVIC_GetPendingIRQ                            build/stm32f4xx_hal_cortex.o
HAL_NVIC_GetPriority                              build/stm32f4xx_hal_cortex.o
HAL_NVIC_GetPriorityGrouping                      build/stm32f4xx_hal_cortex.o
HAL_NVIC_SetPendingIRQ                            build/stm32f4xx_hal_cortex.o
HAL_NVIC_SetPriority                              build/stm32f4xx_hal_cortex.o
                                                  build/stm32f4xx_hal.o
                                                  build/stm32f4xx_hal_timebase_TIM.o
                                                  build/stm32f4xx_hal_msp.o
                                                  build/main.o
HAL_NVIC_SetPriorityGrouping                      build/stm32f4xx_hal_cortex.o
                                                  build/stm32f4xx_hal.o
                                                  build/stm32f4xx_hal_msp.o
HAL_NVIC_SystemReset                              build/stm32f4xx_hal_cortex.o
HAL_PWREx_ControlVoltageScaling                   build/stm32f4xx_hal_pwr_ex.o
HAL_PWREx_DisableBkUpReg                          build/stm32f4xx_hal_pwr_ex.o
HAL_PWREx_DisableFlashPowerDown                   build/stm32f4xx_hal_pwr_ex.o
HAL_PWREx_EnableBkUpReg                           build/stm32f4xx_hal_pwr_ex.o
HAL_PWREx_EnableFlashPowerDown                    build/stm32f4xx_hal_pwr_ex.o
HAL_PWREx_GetVoltageRange                         build/stm32f4xx_hal_pwr_ex.o
HAL_PWR_ConfigPVD                                 build/stm32f4xx_hal_pwr.o
HAL_PWR_DeInit                                    build/stm32f4xx_hal_pwr.o
HAL_PWR_DisableBkUpAccess                         build/stm32f4xx_hal_pwr.o
HAL_PWR_DisablePVD                                build/stm32f4xx_hal_pwr.o
HAL_PWR_DisableSEVOnPend                          build/stm32f4xx_hal_pwr.o
HAL_PWR_DisableSleepOnExit                        build/stm32f4xx_hal_pwr.o
HAL_PWR_DisableWakeUpPin                          build/stm32f4xx_hal_pwr.o
HAL_PWR_EnableBkUpAccess                          build/stm32f4xx_hal_pwr.o
HAL_PWR_EnablePVD                                 build/stm32f4xx_hal_pwr.o
HAL_PWR_EnableSEVOnPend                           build/stm32f4xx_hal_pwr.o
HAL_PWR_EnableSleepOnExit                         build/stm32f4xx_hal_pwr.o
HAL_PWR_EnableWakeUpPin                           build/stm32f4xx_hal_pwr.o
HAL_PWR_EnterSLEEPMode                            build/stm32f4xx_hal_pwr.o
HAL_PWR_EnterSTANDBYMode                          build/stm32f4xx_hal_pwr.o
HAL_PWR_EnterSTOPMode                             build/stm32f4xx_hal_pwr.o
HAL_PWR_PVDCallback                               build/stm32f4xx_hal_pwr.o
HAL_PWR_PVD_IRQHandler                            build/stm32f4xx_hal_pwr.o
HAL_RCCEx_DisablePLLI2S                           build/stm32f4xx_hal_rcc_ex.o
HAL_RCCEx_EnablePLLI2S                            build/stm32f4xx_hal_rcc_ex.o
HAL_RCCEx_GetPeriphCLKConfig                      build/stm32f4xx_hal_rcc_ex.o
HAL_RCCEx_GetPeriphCLKFreq                        build/stm32f4xx_hal_rcc_ex.o
HAL_RCCEx_PeriphCLKConfig                         build/stm32f4xx_hal_rcc_ex.o
HAL_RCC_CSSCallback                               build/stm32f4xx_hal_rcc.o
HAL_RCC_ClockConfig                               build/stm32f4xx_hal_rcc.o
                                                  build/main.o
HAL_RCC_DeInit                                    build/stm32f4xx_hal_rcc_ex.o
                                                  build/stm32f4xx_hal_rcc.o
HAL_RCC_DisableCSS                                build/stm32f4xx_hal_rcc.o
HAL_RCC_EnableCSS                                 build/stm32f4xx_hal_rcc.o
HAL_RCC_GetClockConfig                            build/stm32f4xx_hal_rcc.o
                                                  build/stm32f4xx_hal_timebase_TIM.o
HAL_RCC_GetHCLKFreq                               build/stm32f4xx_hal_rcc.o