Archive member included to satisfy reference by file (symbol)

/usr/lib/gcc/arm-none-eabi/4.9.3/../../../arm-none-eabi/lib/armv7e-m/fpu/libc_nano.a(lib_a-atexit.o)
                              /usr/lib/gcc/arm-none-eabi/4.9.3/../../../arm-none-eabi/lib/armv7e-m/fpu/crt0.o (atexit)
/usr/lib/gcc/arm-none-eabi/4.9.3/../../../arm-none-eabi/lib/armv7e-m/fpu/libc_nano.a(lib_a-exit.o)
                              /usr/lib/gcc/arm-none-eabi/4.9.3/../../../arm-none-eabi/lib/armv7e-m/fpu/crt0.o (exit)
/usr/lib/gcc/arm-none-eabi/4.9.3/../../../arm-none-eabi/lib/armv7e-m/fpu/libc_nano.a(lib_a-fini.o)
                              /usr/lib/gcc/arm-none-eabi/4.9.3/../../../arm-none-eabi/lib/armv7e-m/fpu/crt0.o (__libc_fini_array)
/usr/lib/gcc/arm-none-eabi/4.9.3/../../../arm-none-eabi/lib/armv7e-m/fpu/libc_nano.a(lib_a-impure.o)
                              /usr/lib/gcc/arm-none-eabi/4.9.3/../../../arm-none-eabi/lib/armv7e-m/fpu/libc_nano.a(lib_a-exit.o) (_global_impure_ptr)
/usr/lib/gcc/arm-none-eabi/4.9.3/../../../arm-none-eabi/lib/armv7e-m/fpu/libc_nano.a(lib_a-init.o)
                              /usr/lib/gcc/arm-none-eabi/4.9.3/../../../arm-none-eabi/lib/armv7e-m/fpu/crt0.o (__libc_init_array)
/usr/lib/gcc/arm-none-eabi/4.9.3/../../../arm-none-eabi/lib/armv7e-m/fpu/libc_nano.a(lib_a-memcpy.o)
                              build/queue.o (memcpy)
/usr/lib/gcc/arm-none-eabi/4.9.3/../../../arm-none-eabi/lib/armv7e-m/fpu/libc_nano.a(lib_a-memset.o)
                              /usr/lib/gcc/arm-none-eabi/4.9.3/../../../arm-none-eabi/lib/armv7e-m/fpu/crt0.o (memset)
/usr/lib/gcc/arm-none-eabi/4.9.3/../../../arm-none-eabi/lib/armv7e-m/fpu/libc_nano.a(lib_a-__atexit.o)
                              /usr/lib/gcc/arm-none-eabi/4.9.3/../../../arm-none-eabi/lib/armv7e-m/fpu/libc_nano.a(lib_a-atexit.o) (__register_exitproc)
/usr/lib/gcc/arm-none-eabi/4.9.3/../../../arm-none-eabi/lib/armv7e-m/fpu/libc_nano.a(lib_a-__call_atexit.o)
                              /usr/lib/gcc/arm-none-eabi/4.9.3/../../../arm-none-eabi/lib/armv7e-m/fpu/libc_nano.a(lib_a-__atexit.o) (__call_exitprocs)
/usr/lib/gcc/arm-none-eabi/4.9.3/../../../arm-none-eabi/lib/armv7e-m/fpu/libnosys.a(_exit.o)
                              /usr/lib/gcc/arm-none-eabi/4.9.3/../../../arm-none-eabi/lib/armv7e-m/fpu/libc_nano.a(lib_a-exit.o) (_exit)
/usr/lib/gcc/arm-none-eabi/4.9.3/armv7e-m/fpu/libgcc.a(_aeabi_uldivmod.o)
                              build/stm32f4xx_hal_rcc.o (__aeabi_uldivmod)
/usr/lib/gcc/arm-none-eabi/4.9.3/armv7e-m/fpu/libgcc.a(bpabi.o)
                              /usr/lib/gcc/arm-none-eabi/4.9.3/armv7e-m/fpu/libgcc.a(_aeabi_uldivmod.o) (__gnu_uldivmod_helper)
/usr/lib/gcc/arm-none-eabi/4.9.3/armv7e-m/fpu/libgcc.a(_dvmd_tls.o)
                              /usr/lib/gcc/arm-none-eabi/4.9.3/armv7e-m/fpu/libgcc.a(_aeabi_uldivmod.o) (__aeabi_ldiv0)
/usr/lib/gcc/arm-none-eabi/4.9.3/armv7e-m/fpu/libgcc.a(_divdi3.o)
                              /usr/lib/gcc/arm-none-eabi/4.9.3/armv7e-m/fpu/libgcc.a(bpabi.o) (__divdi3)
/usr/lib/gcc/arm-none-eabi/4.9.3/armv7e-m/fpu/libgcc.a(_udivdi3.o)
                              /usr/lib/gcc/arm-none-eabi/4.9.3/armv7e-m/fpu/libgcc.a(bpabi.o) (__udivdi3)

Allocating common symbols
Common symbol       size              file

defaultTaskHandle   0x4               build/main.o
uwTick              0x4               build/stm32f4xx_hal.o
xQueueRegistry      0x40              build/queue.o
ledTaskHandle       0x4               build/main.o
pFlash              0x20              build/stm32f4xx_hal_flash.o
htim1               0x3c              build/stm32f4xx_hal_timebase_TIM.o

Discarded input sections

 .text          0x0000000000000000        0x0 /usr/lib/gcc/arm-none-eabi/4.9.3/armv7e-m/fpu/crti.o
 .data          0x0000000000000000        0x0 /usr/lib/gcc/arm-none-eabi/4.9.3/armv7e-m/fpu/crti.o
 .bss           0x0000000000000000        0x0 /usr/lib/gcc/arm-none-eabi/4.9.3/armv7e-m/fpu/crti.o
 .data          0x0000000000000000        0x4 /usr/lib/gcc/arm-none-eabi/4.9.3/armv7e-m/fpu/crtbegin.o
 .text          0x0000000000000000       0x68 /usr/lib/gcc/arm-none-eabi/4.9.3/../../../arm-none-eabi/lib/armv7e-m/fpu/crt0.o
 .data          0x0000000000000000        0x0 /usr/lib/gcc/arm-none-eabi/4.9.3/../../../arm-none-eabi/lib/armv7e-m/fpu/crt0.o
 .bss           0x0000000000000000        0x0 /usr/lib/gcc/arm-none-eabi/4.9.3/../../../arm-none-eabi/lib/armv7e-m/fpu/crt0.o
 .ARM.extab     0x0000000000000000        0x0 /usr/lib/gcc/arm-none-eabi/4.9.3/../../../arm-none-eabi/lib/armv7e-m/fpu/crt0.o
 .ARM.exidx     0x0000000000000000        0x8 /usr/lib/gcc/arm-none-eabi/4.9.3/../../../arm-none-eabi/lib/armv7e-m/fpu/crt0.o
 .debug_line    0x0000000000000000       0x7e /usr/lib/gcc/arm-none-eabi/4.9.3/../../../arm-none-eabi/lib/armv7e-m/fpu/crt0.o
 .debug_info    0x0000000000000000       0xb0 /usr/lib/gcc/arm-none-eabi/4.9.3/../../../arm-none-eabi/lib/armv7e-m/fpu/crt0.o
[...]
Memory Configuration

Name             Origin             Length             Attributes
RAM              0x0000000020000000 0x0000000000010000 xrw
FLASH            0x0000000008000000 0x0000000000040000 xr
*default*        0x0000000000000000 0xffffffffffffffff

Linker script and memory map

LOAD /usr/lib/gcc/arm-none-eabi/4.9.3/armv7e-m/fpu/crti.o
LOAD /usr/lib/gcc/arm-none-eabi/4.9.3/armv7e-m/fpu/crtbegin.o
LOAD /usr/lib/gcc/arm-none-eabi/4.9.3/../../../arm-none-eabi/lib/armv7e-m/fpu/crt0.o
LOAD build/main.o
LOAD build/freertos.o
LOAD build/stm32f4xx_it.o
LOAD build/stm32f4xx_hal_msp.o
LOAD build/stm32f4xx_hal_timebase_TIM.o
LOAD build/stm32f4xx_hal_tim.o
LOAD build/stm32f4xx_hal_tim_ex.o
LOAD build/stm32f4xx_hal_rcc.o
LOAD build/stm32f4xx_hal_rcc_ex.o
LOAD build/stm32f4xx_hal_flash.o
LOAD build/stm32f4xx_hal_flash_ex.o
LOAD build/stm32f4xx_hal_flash_ramfunc.o
LOAD build/stm32f4xx_hal_gpio.o
LOAD build/stm32f4xx_hal_dma_ex.o
LOAD build/stm32f4xx_hal_dma.o
LOAD build/stm32f4xx_hal_pwr.o
LOAD build/stm32f4xx_hal_pwr_ex.o
LOAD build/stm32f4xx_hal_cortex.o
LOAD build/stm32f4xx_hal.o
LOAD build/system_stm32f4xx.o
LOAD build/heap_4.o
LOAD build/port.o
LOAD build/timers.o
LOAD build/event_groups.o
LOAD build/tasks.o
LOAD build/queue.o
LOAD build/list.o
LOAD build/croutine.o
LOAD build/cmsis_os.o
LOAD build/startup_stm32f401xc.o
LOAD /usr/lib/gcc/arm-none-eabi/4.9.3/../../../arm-none-eabi/lib/armv7e-m/fpu/libc_nano.a
LOAD /usr/lib/gcc/arm-none-eabi/4.9.3/../../../arm-none-eabi/lib/armv7e-m/fpu/libm.a
LOAD /usr/lib/gcc/arm-none-eabi/4.9.3/../../../arm-none-eabi/lib/armv7e-m/fpu/libnosys.a
START GROUP
LOAD /usr/lib/gcc/arm-none-eabi/4.9.3/armv7e-m/fpu/libgcc.a
LOAD /usr/lib/gcc/arm-none-eabi/4.9.3/../../../arm-none-eabi/lib/armv7e-m/fpu/libc_nano.a
END GROUP
START GROUP
LOAD /usr/lib/gcc/arm-none-eabi/4.9.3/armv7e-m/fpu/libgcc.a
LOAD /usr/lib/gcc/arm-none-eabi/4.9.3/../../../arm-none-eabi/lib/armv7e-m/fpu/libc_nano.a
END GROUP
LOAD /usr/lib/gcc/arm-none-eabi/4.9.3/armv7e-m/fpu/crtend.o
LOAD /usr/lib/gcc/arm-none-eabi/4.9.3/armv7e-m/fpu/crtn.o
                0x0000000020010000                _estack = 0x20010000
                0x0000000000000200                _Min_Heap_Size = 0x200
                0x0000000000000400                _Min_Stack_Size = 0x400

.isr_vector     0x0000000008000000      0x194
                0x0000000008000000                . = ALIGN (0x4)
 *(.isr_vector)
 .isr_vector    0x0000000008000000      0x194 build/startup_stm32f401xc.o
                0x0000000008000000                g_pfnVectors
                0x0000000008000194                . = ALIGN (0x4)

.text           0x00000000080001a0     0x23f4
                0x00000000080001a0                . = ALIGN (0x4)
 *(.text)
 .text          0x00000000080001a0       0xa4 /usr/lib/gcc/arm-none-eabi/4.9.3/armv7e-m/fpu/crtbegin.o
 .text          0x0000000008000244       0x30 /usr/lib/gcc/arm-none-eabi/4.9.3/armv7e-m/fpu/libgcc.a(_aeabi_uldivmod.o)
                0x0000000008000244                __aeabi_uldivmod
 .text          0x0000000008000274       0x60 /usr/lib/gcc/arm-none-eabi/4.9.3/armv7e-m/fpu/libgcc.a(bpabi.o)
                0x0000000008000274                __gnu_ldivmod_helper
                0x00000000080002a4                __gnu_uldivmod_helper
 .text          0x00000000080002d4        0x4 /usr/lib/gcc/arm-none-eabi/4.9.3/armv7e-m/fpu/libgcc.a(_dvmd_tls.o)
                0x00000000080002d4                __aeabi_ldiv0
                0x00000000080002d4                __aeabi_idiv0
 .text          0x00000000080002d8      0x29c /usr/lib/gcc/arm-none-eabi/4.9.3/armv7e-m/fpu/libgcc.a(_divdi3.o)
                0x00000000080002d8                __divdi3
 .text          0x0000000008000574      0x26c /usr/lib/gcc/arm-none-eabi/4.9.3/armv7e-m/fpu/libgcc.a(_udivdi3.o)
                0x0000000008000574                __udivdi3
 *(.text*)
 .text.StartDefaultTask
                0x00000000080007e0        0xc build/main.o
                0x00000000080007e0                StartDefaultTask
 .text.Leds     0x00000000080007ec       0xe8 build/main.o
                0x00000000080007ec                Leds
 .text.HAL_TIM_PeriodElapsedCallback
                0x00000000080008d4       0x14 build/main.o
                0x00000000080008d4                HAL_TIM_PeriodElapsedCallback
 .text._Error_Handler
                0x00000000080008e8        0x4 build/main.o
                0x00000000080008e8                _Error_Handler
 .text.SystemClock_Config
                0x00000000080008ec       0xac build/main.o
                0x00000000080008ec                SystemClock_Config
 .text.main     0x0000000008000998       0x50 build/main.o
                0x0000000008000998                main
 .text.NMI_Handler
                0x00000000080009e8        0x4 build/stm32f4xx_it.o
                0x00000000080009e8                NMI_Handler
 .text.HardFault_Handler
                0x00000000080009ec        0x4 build/stm32f4xx_it.o
                0x00000000080009ec                HardFault_Handler
 .text.MemManage_Handler
                0x00000000080009f0        0x4 build/stm32f4xx_it.o
                0x00000000080009f0                MemManage_Handler
 .text.BusFault_Handler
                0x00000000080009f4        0x4 build/stm32f4xx_it.o
                0x00000000080009f4                BusFault_Handler
 .text.UsageFault_Handler
                0x00000000080009f8        0x4 build/stm32f4xx_it.o
                0x00000000080009f8                UsageFault_Handler
 .text.DebugMon_Handler
                0x00000000080009fc        0x4 build/stm32f4xx_it.o
                0x00000000080009fc                DebugMon_Handler
 .text.SysTick_Handler
                0x0000000008000a00        0x8 build/stm32f4xx_it.o
                0x0000000008000a00                SysTick_Handler
 .text.TIM1_UP_TIM10_IRQHandler
                0x0000000008000a08       0x10 build/stm32f4xx_it.o
                0x0000000008000a08                TIM1_UP_TIM10_IRQHandler
 .text.HAL_MspInit
                0x0000000008000a18       0x94 build/stm32f4xx_hal_msp.o
                0x0000000008000a18                HAL_MspInit
 .text.HAL_InitTick
                0x0000000008000aac       0x78 build/stm32f4xx_hal_timebase_TIM.o
                0x0000000008000aac                HAL_InitTick
 .text.HAL_TIM_Base_MspInit
                0x0000000008000b24        0x4 build/stm32f4xx_hal_tim.o
                0x0000000008000b24                HAL_TIM_Base_MspInit
 .text.HAL_TIM_Base_Start_IT
                0x0000000008000b28       0x18 build/stm32f4xx_hal_tim.o
                0x0000000008000b28                HAL_TIM_Base_Start_IT
 .text.HAL_TIM_OC_DelayElapsedCallback
                0x0000000008000b40        0x4 build/stm32f4xx_hal_tim.o
                0x0000000008000b40                HAL_TIM_OC_DelayElapsedCallback
 .text.HAL_TIM_IC_CaptureCallback
                0x0000000008000b44        0x4 build/stm32f4xx_hal_tim.o
                0x0000000008000b44                HAL_TIM_IC_CaptureCallback
 .text.HAL_TIM_PWM_PulseFinishedCallback
                0x0000000008000b48        0x4 build/stm32f4xx_hal_tim.o
                0x0000000008000b48                HAL_TIM_PWM_PulseFinishedCallback
 .text.HAL_TIM_TriggerCallback
                0x0000000008000b4c        0x4 build/stm32f4xx_hal_tim.o
                0x0000000008000b4c                HAL_TIM_TriggerCallback
 .text.HAL_TIM_IRQHandler
                0x0000000008000b50      0x174 build/stm32f4xx_hal_tim.o
                0x0000000008000b50                HAL_TIM_IRQHandler
 .text.TIM_Base_SetConfig
                0x0000000008000cc4       0xcc build/stm32f4xx_hal_tim.o
                0x0000000008000cc4                TIM_Base_SetConfig
 .text.HAL_TIM_Base_Init
                0x0000000008000d90       0x38 build/stm32f4xx_hal_tim.o
                0x0000000008000d90                HAL_TIM_Base_Init
 .text.HAL_TIMEx_CommutationCallback
                0x0000000008000dc8        0x4 build/stm32f4xx_hal_tim_ex.o
                0x0000000008000dc8                HAL_TIMEx_CommutationCallback
 .text.HAL_TIMEx_BreakCallback
                0x0000000008000dcc        0x4 build/stm32f4xx_hal_tim_ex.o
                0x0000000008000dcc                HAL_TIMEx_BreakCallback
 .text.HAL_RCC_OscConfig
                0x0000000008000dd0      0x3c0 build/stm32f4xx_hal_rcc.o
                0x0000000008000dd0                HAL_RCC_OscConfig
 .text.HAL_RCC_GetSysClockFreq
                0x0000000008001190       0xa0 build/stm32f4xx_hal_rcc.o
                0x0000000008001190                HAL_RCC_GetSysClockFreq
 .text.HAL_RCC_ClockConfig
                0x0000000008001230      0x160 build/stm32f4xx_hal_rcc.o
                0x0000000008001230                HAL_RCC_ClockConfig
 .text.HAL_RCC_GetHCLKFreq
                0x0000000008001390        0xc build/stm32f4xx_hal_rcc.o
                0x0000000008001390                HAL_RCC_GetHCLKFreq
 .text.HAL_RCC_GetPCLK2Freq
                0x000000000800139c       0x20 build/stm32f4xx_hal_rcc.o
                0x000000000800139c                HAL_RCC_GetPCLK2Freq
 .text.HAL_RCC_GetClockConfig
                0x00000000080013bc       0x3c build/stm32f4xx_hal_rcc.o
                0x00000000080013bc                HAL_RCC_GetClockConfig
 .text.HAL_GPIO_Init
                0x00000000080013f8      0x1b0 build/stm32f4xx_hal_gpio.o
                0x00000000080013f8                HAL_GPIO_Init
 .text.HAL_GPIO_WritePin
                0x00000000080015a8        0xc build/stm32f4xx_hal_gpio.o
                0x00000000080015a8                HAL_GPIO_WritePin
 .text.HAL_NVIC_SetPriorityGrouping
                0x00000000080015b4       0x24 build/stm32f4xx_hal_cortex.o
                0x00000000080015b4                HAL_NVIC_SetPriorityGrouping
 .text.HAL_NVIC_SetPriority
                0x00000000080015d8       0x64 build/stm32f4xx_hal_cortex.o
                0x00000000080015d8                HAL_NVIC_SetPriority
 .text.HAL_NVIC_EnableIRQ
                0x000000000800163c       0x18 build/stm32f4xx_hal_cortex.o
                0x000000000800163c                HAL_NVIC_EnableIRQ
 .text.HAL_SYSTICK_Config
                0x0000000008001654       0x2c build/stm32f4xx_hal_cortex.o
                0x0000000008001654                HAL_SYSTICK_Config
 .text.HAL_SYSTICK_CLKSourceConfig
                0x0000000008001680       0x20 build/stm32f4xx_hal_cortex.o
                0x0000000008001680                HAL_SYSTICK_CLKSourceConfig
 .text.HAL_Init
                0x00000000080016a0       0x34 build/stm32f4xx_hal.o
                0x00000000080016a0                HAL_Init
 .text.HAL_IncTick
                0x00000000080016d4       0x18 build/stm32f4xx_hal.o
                0x00000000080016d4                HAL_IncTick
 .text.HAL_GetTick
                0x00000000080016ec        0xc build/stm32f4xx_hal.o
                0x00000000080016ec                HAL_GetTick
 .text.SystemInit
                0x00000000080016f8       0x4c build/system_stm32f4xx.o
                0x00000000080016f8                SystemInit
 .text.prvHeapInit
                0x0000000008001744       0x64 build/heap_4.o
 .text.prvInsertBlockIntoFreeList
                0x00000000080017a8       0x58 build/heap_4.o
 .text.pvPortMalloc
                0x0000000008001800       0xec build/heap_4.o
                0x0000000008001800                pvPortMalloc
 .text.vPortFree
                0x00000000080018ec       0x78 build/heap_4.o
                0x00000000080018ec                vPortFree
 .text.prvTaskExitError
                0x0000000008001964       0x34 build/port.o
 .text.prvPortStartFirstTask
                0x0000000008001998       0x20 build/port.o
 .text.vPortEnableVFP
                0x00000000080019b8       0x14 build/port.o
 .text.pxPortInitialiseStack
                0x00000000080019cc       0x2c build/port.o
                0x00000000080019cc                pxPortInitialiseStack
 *fill*         0x00000000080019f8        0x8 
 .text.SVC_Handler
                0x0000000008001a00       0x24 build/port.o
                0x0000000008001a00                SVC_Handler
 .text.vPortEnterCritical
                0x0000000008001a24       0x44 build/port.o
                0x0000000008001a24                vPortEnterCritical
 .text.vPortExitCritical
                0x0000000008001a68       0x2c build/port.o
                0x0000000008001a68                vPortExitCritical
 *fill*         0x0000000008001a94        0xc 
 .text.PendSV_Handler
                0x0000000008001aa0       0x64 build/port.o
                0x0000000008001aa0                PendSV_Handler
 .text.xPortSysTickHandler
                0x0000000008001b04       0x2c build/port.o
                0x0000000008001b04                xPortSysTickHandler
 .text.vPortSetupTimerInterrupt
                0x0000000008001b30       0x2c build/port.o
                0x0000000008001b30                vPortSetupTimerInterrupt
 .text.xPortStartScheduler
                0x0000000008001b5c       0xec build/port.o
                0x0000000008001b5c                xPortStartScheduler
 .text.vPortValidateInterruptPriority
                0x0000000008001c48       0x5c build/port.o
                0x0000000008001c48                vPortValidateInterruptPriority
 .text.prvResetNextTaskUnblockTime
                0x0000000008001ca4       0x34 build/tasks.o
 .text.prvDeleteTCB
                0x0000000008001cd8       0x14 build/tasks.o
 .text.prvInitialiseNewTask
                0x0000000008001cec       0x80 build/tasks.o
 .text.prvInitialiseTaskLists
                0x0000000008001d6c       0x68 build/tasks.o
 .text.prvAddNewTaskToReadyList
                0x0000000008001dd4       0xa8 build/tasks.o
 .text.prvAddCurrentTaskToDelayedList
                0x0000000008001e7c       0x94 build/tasks.o
 .text.xTaskCreate
                0x0000000008001f10       0x64 build/tasks.o
                0x0000000008001f10                xTaskCreate
 .text.vTaskStartScheduler
                0x0000000008001f74       0x7c build/tasks.o
                0x0000000008001f74                vTaskStartScheduler
 .text.vTaskSuspendAll
                0x0000000008001ff0       0x10 build/tasks.o
                0x0000000008001ff0                vTaskSuspendAll
 .text.xTaskGetTickCount
                0x0000000008002000        0xc build/tasks.o
                0x0000000008002000                xTaskGetTickCount
 .text.xTaskGetTickCountFromISR
                0x000000000800200c       0x10 build/tasks.o
                0x000000000800200c                xTaskGetTickCountFromISR
 .text.xTaskIncrementTick
                0x000000000800201c      0x124 build/tasks.o
                0x000000000800201c                xTaskIncrementTick
 .text.xTaskResumeAll
                0x0000000008002140       0xf8 build/tasks.o
                0x0000000008002140                xTaskResumeAll
 .text.vTaskDelay
                0x0000000008002238       0x50 build/tasks.o
                0x0000000008002238                vTaskDelay
 .text.prvCheckTasksWaitingTermination
                0x0000000008002288       0x54 build/tasks.o
 .text.prvIdleTask
                0x00000000080022dc       0x28 build/tasks.o
 .text.vTaskSwitchContext
                0x0000000008002304       0x98 build/tasks.o
                0x0000000008002304                vTaskSwitchContext
 .text.xTaskGetSchedulerState
                0x000000000800239c       0x20 build/tasks.o
                0x000000000800239c                xTaskGetSchedulerState
 .text.vListInitialise
                0x00000000080023bc       0x18 build/list.o
                0x00000000080023bc                vListInitialise
 .text.vListInitialiseItem
                0x00000000080023d4        0x8 build/list.o
                0x00000000080023d4                vListInitialiseItem
 .text.vListInsertEnd
                0x00000000080023dc       0x18 build/list.o
                0x00000000080023dc                vListInsertEnd
 .text.vListInsert
                0x00000000080023f4       0x34 build/list.o
                0x00000000080023f4                vListInsert
 .text.uxListRemove
                0x0000000008002428       0x24 build/list.o
                0x0000000008002428                uxListRemove
 .text.makeFreeRtosPriority
                0x000000000800244c        0xc build/cmsis_os.o
 .text.inHandlerMode
                0x0000000008002458        0xc build/cmsis_os.o
 .text.osKernelStart
                0x0000000008002464        0xc build/cmsis_os.o
                0x0000000008002464                osKernelStart
 .text.osKernelSysTick
                0x0000000008002470       0x14 build/cmsis_os.o
                0x0000000008002470                osKernelSysTick
 .text.osThreadCreate
                0x0000000008002484       0x34 build/cmsis_os.o
                0x0000000008002484                osThreadCreate
 .text.osDelay  0x00000000080024b8       0x10 build/cmsis_os.o
                0x00000000080024b8                osDelay
 .text.osSystickHandler
                0x00000000080024c8       0x10 build/cmsis_os.o
                0x00000000080024c8                osSystickHandler
 .text.osDelayUntil
                0x00000000080024d8        0x4 build/cmsis_os.o
                0x00000000080024d8                osDelayUntil
 .text.Reset_Handler
                0x00000000080024dc       0x50 build/startup_stm32f401xc.o
                0x00000000080024dc                Reset_Handler
 .text.Default_Handler
                0x000000000800252c        0x2 build/startup_stm32f401xc.o
                0x000000000800252c                RTC_Alarm_IRQHandler
                0x000000000800252c                EXTI2_IRQHandler
                0x000000000800252c                SPI4_IRQHandler
                0x000000000800252c                TIM1_CC_IRQHandler
                0x000000000800252c                DMA2_Stream5_IRQHandler
                0x000000000800252c                DMA1_Stream5_IRQHandler
                0x000000000800252c                PVD_IRQHandler
                0x000000000800252c                SDIO_IRQHandler
                0x000000000800252c                TAMP_STAMP_IRQHandler
                0x000000000800252c                EXTI3_IRQHandler
                0x000000000800252c                I2C3_ER_IRQHandler
                0x000000000800252c                EXTI0_IRQHandler
                0x000000000800252c                I2C2_EV_IRQHandler
                0x000000000800252c                DMA1_Stream2_IRQHandler
                0x000000000800252c                FPU_IRQHandler
                0x000000000800252c                DMA2_Stream2_IRQHandler
                0x000000000800252c                SPI1_IRQHandler
                0x000000000800252c                TIM1_BRK_TIM9_IRQHandler
                0x000000000800252c                DMA2_Stream3_IRQHandler
                0x000000000800252c                USART6_IRQHandler
                0x000000000800252c                DMA2_Stream0_IRQHandler
                0x000000000800252c                TIM4_IRQHandler
                0x000000000800252c                I2C1_EV_IRQHandler
                0x000000000800252c                DMA1_Stream6_IRQHandler
                0x000000000800252c                DMA1_Stream1_IRQHandler
                0x000000000800252c                TIM3_IRQHandler
                0x000000000800252c                RCC_IRQHandler
                0x000000000800252c                Default_Handler
                0x000000000800252c                EXTI15_10_IRQHandler
                0x000000000800252c                ADC_IRQHandler
                0x000000000800252c                DMA1_Stream7_IRQHandler
                0x000000000800252c                TIM5_IRQHandler
                0x000000000800252c                DMA2_Stream7_IRQHandler
                0x000000000800252c                I2C3_EV_IRQHandler
                0x000000000800252c                EXTI9_5_IRQHandler
                0x000000000800252c                RTC_WKUP_IRQHandler
                0x000000000800252c                SPI2_IRQHandler
                0x000000000800252c                DMA1_Stream0_IRQHandler
                0x000000000800252c                EXTI4_IRQHandler
                0x000000000800252c                WWDG_IRQHandler
                0x000000000800252c                TIM2_IRQHandler
                0x000000000800252c                OTG_FS_WKUP_IRQHandler
                0x000000000800252c                TIM1_TRG_COM_TIM11_IRQHandler
                0x000000000800252c                EXTI1_IRQHandler
                0x000000000800252c                USART2_IRQHandler
                0x000000000800252c                I2C2_ER_IRQHandler
                0x000000000800252c                DMA2_Stream1_IRQHandler
                0x000000000800252c                FLASH_IRQHandler
                0x000000000800252c                DMA2_Stream4_IRQHandler
                0x000000000800252c                USART1_IRQHandler
                0x000000000800252c                OTG_FS_IRQHandler
                0x000000000800252c                SPI3_IRQHandler
                0x000000000800252c                DMA1_Stream4_IRQHandler
                0x000000000800252c                I2C1_ER_IRQHandler
                0x000000000800252c                DMA2_Stream6_IRQHandler
                0x000000000800252c                DMA1_Stream3_IRQHandler
 *fill*         0x000000000800252e        0x2 
 .text.__libc_init_array
                0x0000000008002530       0x4c /usr/lib/gcc/arm-none-eabi/4.9.3/../../../arm-none-eabi/lib/armv7e-m/fpu/libc_nano.a(lib_a-init.o)
                0x0000000008002530                __libc_init_array
 *(.glue_7)
 .glue_7        0x000000000800257c        0x0 linker stubs
 *(.glue_7t)
 .glue_7t       0x000000000800257c        0x0 linker stubs
 *(.eh_frame)
 .eh_frame      0x000000000800257c        0x0 /usr/lib/gcc/arm-none-eabi/4.9.3/armv7e-m/fpu/crtbegin.o
 *(.init)
 .init          0x000000000800257c        0x4 /usr/lib/gcc/arm-none-eabi/4.9.3/armv7e-m/fpu/crti.o
                0x000000000800257c                _init
 .init          0x0000000008002580        0x8 /usr/lib/gcc/arm-none-eabi/4.9.3/armv7e-m/fpu/crtn.o
 *(.fini)
 .fini          0x0000000008002588        0x4 /usr/lib/gcc/arm-none-eabi/4.9.3/armv7e-m/fpu/crti.o
                0x0000000008002588                _fini
 .fini          0x000000000800258c        0x8 /usr/lib/gcc/arm-none-eabi/4.9.3/armv7e-m/fpu/crtn.o
                0x0000000008002594                . = ALIGN (0x4)
                0x0000000008002594                _etext = .

.vfp11_veneer   0x0000000008002594        0x0
 .vfp11_veneer  0x0000000008002594        0x0 linker stubs

.v4_bx          0x0000000008002594        0x0
 .v4_bx         0x0000000008002594        0x0 linker stubs

.iplt           0x0000000008002594        0x0
 .iplt          0x0000000008002594        0x0 /usr/lib/gcc/arm-none-eabi/4.9.3/armv7e-m/fpu/crtbegin.o

.rodata         0x0000000008002594       0x68
                0x0000000008002594                . = ALIGN (0x4)
 *(.rodata)
 .rodata        0x0000000008002594       0x28 build/main.o
 *(.rodata*)
 .rodata.str1.4
                0x00000000080025bc       0x20 build/main.o
 .rodata.AHBPrescTable
                0x00000000080025dc       0x10 build/system_stm32f4xx.o
                0x00000000080025dc                AHBPrescTable
 .rodata.APBPrescTable
                0x00000000080025ec        0x8 build/system_stm32f4xx.o
                0x00000000080025ec                APBPrescTable
 .rodata.str1.4
                0x00000000080025f4        0x8 build/tasks.o
                                          0x5 (size before relaxing)
                0x00000000080025fc                . = ALIGN (0x4)

.ARM.extab
 *(.ARM.extab* .gnu.linkonce.armextab.*)

.ARM            0x00000000080025fc        0x8
                0x00000000080025fc                __exidx_start = .
 *(.ARM.exidx*)
 .ARM.exidx     0x00000000080025fc        0x8 /usr/lib/gcc/arm-none-eabi/4.9.3/armv7e-m/fpu/libgcc.a(_divdi3.o)
 .ARM.exidx     0x0000000008002604        0x0 /usr/lib/gcc/arm-none-eabi/4.9.3/armv7e-m/fpu/libgcc.a(_udivdi3.o)
                                          0x8 (size before relaxing)
                0x0000000008002604                __exidx_end = .

.rel.dyn        0x0000000008002604        0x0
 .rel.iplt      0x0000000008002604        0x0 /usr/lib/gcc/arm-none-eabi/4.9.3/armv7e-m/fpu/crtbegin.o

.preinit_array  0x0000000008002604        0x0
                0x0000000008002604                PROVIDE (__preinit_array_start, .)
 *(.preinit_array*)
                0x0000000008002604                PROVIDE (__preinit_array_end, .)

.init_array     0x0000000008002604        0x4
                0x0000000008002604                PROVIDE (__init_array_start, .)
 *(SORT(.init_array.*))
 *(.init_array*)
 .init_array    0x0000000008002604        0x4 /usr/lib/gcc/arm-none-eabi/4.9.3/armv7e-m/fpu/crtbegin.o
                0x0000000008002608                PROVIDE (__init_array_end, .)

.fini_array     0x0000000008002608        0x4
                0x0000000008002608                PROVIDE (__fini_array_start, .)
 *(SORT(.fini_array.*))
 *(.fini_array*)
 .fini_array    0x0000000008002608        0x4 /usr/lib/gcc/arm-none-eabi/4.9.3/armv7e-m/fpu/crtbegin.o
                0x000000000800260c                PROVIDE (__fini_array_end, .)
                0x000000000800260c                _sidata = LOADADDR (.data)

.data           0x0000000020000000        0xc load address 0x000000000800260c
                0x0000000020000000                . = ALIGN (0x4)
                0x0000000020000000                _sdata = .
 *(.data)
 *(.data*)
 .data.uwTickFreq
                0x0000000020000000        0x1 build/stm32f4xx_hal.o
                0x0000000020000000                uwTickFreq
 *fill*         0x0000000020000001        0x3 
 .data.SystemCoreClock
                0x0000000020000004        0x4 build/system_stm32f4xx.o
                0x0000000020000004                SystemCoreClock
 .data.uxCriticalNesting
                0x0000000020000008        0x4 build/port.o
                0x000000002000000c                . = ALIGN (0x4)
                0x000000002000000c                _edata = .

.jcr            0x000000002000000c        0x0 load address 0x0000000008002618
 .jcr           0x000000002000000c        0x0 /usr/lib/gcc/arm-none-eabi/4.9.3/armv7e-m/fpu/crtbegin.o

.tm_clone_table
                0x000000002000000c        0x0 load address 0x0000000008002618
 .tm_clone_table
                0x000000002000000c        0x0 /usr/lib/gcc/arm-none-eabi/4.9.3/armv7e-m/fpu/crtbegin.o
 .tm_clone_table
                0x000000002000000c        0x0 /usr/lib/gcc/arm-none-eabi/4.9.3/armv7e-m/fpu/crtend.o

.igot.plt       0x000000002000000c        0x0 load address 0x0000000008002618
 .igot.plt      0x000000002000000c        0x0 /usr/lib/gcc/arm-none-eabi/4.9.3/armv7e-m/fpu/crtbegin.o
                0x000000002000000c                . = ALIGN (0x4)

.bss            0x000000002000000c     0x3db0 load address 0x0000000008002618
                0x000000002000000c                _sbss = .
                0x000000002000000c                __bss_start__ = _sbss
 *(.bss)
 .bss           0x000000002000000c       0x1c /usr/lib/gcc/arm-none-eabi/4.9.3/armv7e-m/fpu/crtbegin.o
 *(.bss*)
 .bss.xFreeBytesRemaining
                0x0000000020000028        0x4 build/heap_4.o
 .bss.pxEnd     0x000000002000002c        0x4 build/heap_4.o
 .bss.xStart    0x0000000020000030        0x8 build/heap_4.o
 .bss.ucHeap    0x0000000020000038     0x3c00 build/heap_4.o
 .bss.xBlockAllocatedBit
                0x0000000020003c38        0x4 build/heap_4.o
 .bss.xMinimumEverFreeBytesRemaining
                0x0000000020003c3c        0x4 build/heap_4.o
 .bss.ucMaxSysCallPriority
                0x0000000020003c40        0x1 build/port.o
 *fill*         0x0000000020003c41        0x3 
 .bss.ulMaxPRIGROUPValue
                0x0000000020003c44        0x4 build/port.o
 .bss.xNumOfOverflows
                0x0000000020003c48        0x4 build/tasks.o
 .bss.pxDelayedTaskList
                0x0000000020003c4c        0x4 build/tasks.o
 .bss.xSchedulerRunning
                0x0000000020003c50        0x4 build/tasks.o
 .bss.xTasksWaitingTermination
                0x0000000020003c54       0x14 build/tasks.o
 .bss.pxOverflowDelayedTaskList
                0x0000000020003c68        0x4 build/tasks.o
 .bss.uxPendedTicks
                0x0000000020003c6c        0x4 build/tasks.o
 .bss.pxReadyTasksLists
                0x0000000020003c70       0x8c build/tasks.o
 .bss.uxSchedulerSuspended
                0x0000000020003cfc        0x4 build/tasks.o
 .bss.uxDeletedTasksWaitingCleanUp
                0x0000000020003d00        0x4 build/tasks.o
 .bss.uxCurrentNumberOfTasks
                0x0000000020003d04        0x4 build/tasks.o
 .bss.pxCurrentTCB
                0x0000000020003d08        0x4 build/tasks.o
                0x0000000020003d08                pxCurrentTCB
 .bss.xPendingReadyList
                0x0000000020003d0c       0x14 build/tasks.o
 .bss.xIdleTaskHandle
                0x0000000020003d20        0x4 build/tasks.o
 .bss.xTickCount
                0x0000000020003d24        0x4 build/tasks.o
 .bss.xNextTaskUnblockTime
                0x0000000020003d28        0x4 build/tasks.o
 .bss.uxTaskNumber
                0x0000000020003d2c        0x4 build/tasks.o
 .bss.xDelayedTaskList1
                0x0000000020003d30       0x14 build/tasks.o
 .bss.xDelayedTaskList2
                0x0000000020003d44       0x14 build/tasks.o
 .bss.xSuspendedTaskList
                0x0000000020003d58       0x14 build/tasks.o
 .bss.uxTopReadyPriority
                0x0000000020003d6c        0x4 build/tasks.o
 .bss.xYieldPending
                0x0000000020003d70        0x4 build/tasks.o
 *(COMMON)
 COMMON         0x0000000020003d74        0x8 build/main.o
                0x0000000020003d74                defaultTaskHandle
                0x0000000020003d78                ledTaskHandle
 COMMON         0x0000000020003d7c       0x3c build/stm32f4xx_hal_timebase_TIM.o
                0x0000000020003d7c                htim1
 COMMON         0x0000000020003db8        0x4 build/stm32f4xx_hal.o
                0x0000000020003db8                uwTick
                0x0000000020003dbc                . = ALIGN (0x4)
                0x0000000020003dbc                _ebss = .
                0x0000000020003dbc                __bss_end__ = _ebss

._user_heap_stack
                0x0000000020003dbc      0x604 load address 0x0000000008002618
                0x0000000020003dc0                . = ALIGN (0x8)
 *fill*         0x0000000020003dbc        0x4 
                [!provide]                        PROVIDE (end, .)
                [!provide]                        PROVIDE (_end, .)
                0x0000000020003fc0                . = (. + _Min_Heap_Size)
 *fill*         0x0000000020003dc0      0x200 
                0x00000000200043c0                . = (. + _Min_Stack_Size)
 *fill*         0x0000000020003fc0      0x400 
                0x00000000200043c0                . = ALIGN (0x8)

/DISCARD/
 libc.a(*)
 libm.a(*)
 libgcc.a(*)

.ARM.attributes
                0x0000000000000000       0x30
 *(.ARM.attributes)
 .ARM.attributes
                0x0000000000000000       0x22 /usr/lib/gcc/arm-none-eabi/4.9.3/armv7e-m/fpu/crti.o
 .ARM.attributes
                0x0000000000000022       0x34 /usr/lib/gcc/arm-none-eabi/4.9.3/armv7e-m/fpu/crtbegin.o
 .ARM.attributes
                0x0000000000000056       0x39 build/main.o
 .ARM.attributes
                0x000000000000008f       0x39 build/stm32f4xx_it.o
 .ARM.attributes
                0x00000000000000c8       0x39 build/stm32f4xx_hal_msp.o
 .ARM.attributes
                0x0000000000000101       0x39 build/stm32f4xx_hal_timebase_TIM.o
 .ARM.attributes
                0x000000000000013a       0x39 build/stm32f4xx_hal_tim.o
 .ARM.attributes
                0x0000000000000173       0x39 build/stm32f4xx_hal_tim_ex.o
 .ARM.attributes
                0x00000000000001ac       0x39 build/stm32f4xx_hal_rcc.o
 .ARM.attributes
                0x00000000000001e5       0x39 build/stm32f4xx_hal_gpio.o
 .ARM.attributes
                0x000000000000021e       0x39 build/stm32f4xx_hal_cortex.o
 .ARM.attributes
                0x0000000000000257       0x39 build/stm32f4xx_hal.o
 .ARM.attributes
                0x0000000000000290       0x39 build/system_stm32f4xx.o
 .ARM.attributes
                0x00000000000002c9       0x39 build/heap_4.o
 .ARM.attributes
                0x0000000000000302       0x39 build/port.o
 .ARM.attributes
                0x000000000000033b       0x39 build/tasks.o
 .ARM.attributes
                0x0000000000000374       0x39 build/list.o
 .ARM.attributes
                0x00000000000003ad       0x39 build/cmsis_os.o
 .ARM.attributes
                0x00000000000003e6       0x21 build/startup_stm32f401xc.o
 .ARM.attributes
                0x0000000000000407       0x34 /usr/lib/gcc/arm-none-eabi/4.9.3/../../../arm-none-eabi/lib/armv7e-m/fpu/libc_nano.a(lib_a-init.o)
 .ARM.attributes
                0x000000000000043b       0x22 /usr/lib/gcc/arm-none-eabi/4.9.3/armv7e-m/fpu/libgcc.a(_aeabi_uldivmod.o)
 .ARM.attributes
                0x000000000000045d       0x34 /usr/lib/gcc/arm-none-eabi/4.9.3/armv7e-m/fpu/libgcc.a(bpabi.o)
 .ARM.attributes
                0x0000000000000491       0x22 /usr/lib/gcc/arm-none-eabi/4.9.3/armv7e-m/fpu/libgcc.a(_dvmd_tls.o)
 .ARM.attributes
                0x00000000000004b3       0x34 /usr/lib/gcc/arm-none-eabi/4.9.3/armv7e-m/fpu/libgcc.a(_divdi3.o)
 .ARM.attributes
                0x00000000000004e7       0x34 /usr/lib/gcc/arm-none-eabi/4.9.3/armv7e-m/fpu/libgcc.a(_udivdi3.o)
 .ARM.attributes
                0x000000000000051b       0x34 /usr/lib/gcc/arm-none-eabi/4.9.3/armv7e-m/fpu/crtend.o
 .ARM.attributes
                0x000000000000054f       0x22 /usr/lib/gcc/arm-none-eabi/4.9.3/armv7e-m/fpu/crtn.o
OUTPUT(build/rtos_stm32f401.elf elf32-littlearm)

.comment        0x0000000000000000       0x70
 .comment       0x0000000000000000       0x38 /usr/lib/gcc/arm-none-eabi/4.9.3/armv7e-m/fpu/crtbegin.o
                                         0x39 (size before relaxing)
 .comment       0x0000000000000038       0x39 build/main.o
 .comment       0x0000000000000038       0x39 build/stm32f4xx_it.o
 .comment       0x0000000000000038       0x39 build/stm32f4xx_hal_msp.o
 .comment       0x0000000000000038       0x39 build/stm32f4xx_hal_timebase_TIM.o
 .comment       0x0000000000000038       0x39 build/stm32f4xx_hal_tim.o
 .comment       0x0000000000000038       0x39 build/stm32f4xx_hal_tim_ex.o
 .comment       0x0000000000000038       0x39 build/stm32f4xx_hal_rcc.o
 .comment       0x0000000000000038       0x39 build/stm32f4xx_hal_gpio.o
 .comment       0x0000000000000038       0x39 build/stm32f4xx_hal_cortex.o
 .comment       0x0000000000000038       0x39 build/stm32f4xx_hal.o
 .comment       0x0000000000000038       0x39 build/system_stm32f4xx.o
 .comment       0x0000000000000038       0x39 build/heap_4.o
 .comment       0x0000000000000038       0x39 build/port.o
 .comment       0x0000000000000038       0x39 build/tasks.o
 .comment       0x0000000000000038       0x39 build/list.o
 .comment       0x0000000000000038       0x39 build/cmsis_os.o
 .comment       0x0000000000000038       0x38 /usr/lib/gcc/arm-none-eabi/4.9.3/../../../arm-none-eabi/lib/armv7e-m/fpu/libc_nano.a(lib_a-init.o)
                                         0x39 (size before relaxing)
 .comment       0x0000000000000070       0x39 /usr/lib/gcc/arm-none-eabi/4.9.3/armv7e-m/fpu/libgcc.a(bpabi.o)
 .comment       0x0000000000000070       0x39 /usr/lib/gcc/arm-none-eabi/4.9.3/armv7e-m/fpu/libgcc.a(_divdi3.o)
 .comment       0x0000000000000070       0x39 /usr/lib/gcc/arm-none-eabi/4.9.3/armv7e-m/fpu/libgcc.a(_udivdi3.o)
 .comment       0x0000000000000070       0x39 /usr/lib/gcc/arm-none-eabi/4.9.3/armv7e-m/fpu/crtend.o

.debug_info     0x0000000000000000    0x1013c
 .debug_info    0x0000000000000000     0x1415 build/main.o
 .debug_info    0x0000000000001415      0x6d9 build/stm32f4xx_it.o
 .debug_info    0x0000000000001aee      0x5e8 build/stm32f4xx_hal_msp.o
 .debug_info    0x00000000000020d6      0xc0a build/stm32f4xx_hal_timebase_TIM.o
 .debug_info    0x0000000000002ce0     0x312f build/stm32f4xx_hal_tim.o
 .debug_info    0x0000000000005e0f     0x147f build/stm32f4xx_hal_tim_ex.o
 .debug_info    0x000000000000728e      0xb49 build/stm32f4xx_hal_rcc.o
 .debug_info    0x0000000000007dd7      0x7ca build/stm32f4xx_hal_gpio.o
 .debug_info    0x00000000000085a1      0xf3c build/stm32f4xx_hal_cortex.o
 .debug_info    0x00000000000094dd      0x9e9 build/stm32f4xx_hal.o
 .debug_info    0x0000000000009ec6      0x575 build/system_stm32f4xx.o
 .debug_info    0x000000000000a43b      0x44e build/heap_4.o
 .debug_info    0x000000000000a889      0x565 build/port.o
 .debug_info    0x000000000000adee     0x22a3 build/tasks.o
 .debug_info    0x000000000000d091      0x2c9 build/list.o
 .debug_info    0x000000000000d35a     0x1e5a build/cmsis_os.o
 .debug_info    0x000000000000f1b4       0x69 build/startup_stm32f401xc.o
 .debug_info    0x000000000000f21d      0x105 /usr/lib/gcc/arm-none-eabi/4.9.3/../../../arm-none-eabi/lib/armv7e-m/fpu/libc_nano.a(lib_a-init.o)
 .debug_info    0x000000000000f322       0xbd /usr/lib/gcc/arm-none-eabi/4.9.3/armv7e-m/fpu/libgcc.a(_aeabi_uldivmod.o)
 .debug_info    0x000000000000f3df      0x164 /usr/lib/gcc/arm-none-eabi/4.9.3/armv7e-m/fpu/libgcc.a(bpabi.o)
 .debug_info    0x000000000000f543       0xc1 /usr/lib/gcc/arm-none-eabi/4.9.3/armv7e-m/fpu/libgcc.a(_dvmd_tls.o)
 .debug_info    0x000000000000f604      0x5bc /usr/lib/gcc/arm-none-eabi/4.9.3/armv7e-m/fpu/libgcc.a(_divdi3.o)
 .debug_info    0x000000000000fbc0      0x57c /usr/lib/gcc/arm-none-eabi/4.9.3/armv7e-m/fpu/libgcc.a(_udivdi3.o)

.debug_abbrev   0x0000000000000000     0x2849
 .debug_abbrev  0x0000000000000000      0x296 build/main.o
 .debug_abbrev  0x0000000000000296      0x18a build/stm32f4xx_it.o
 .debug_abbrev  0x0000000000000420      0x134 build/stm32f4xx_hal_msp.o
 .debug_abbrev  0x0000000000000554      0x212 build/stm32f4xx_hal_timebase_TIM.o
 .debug_abbrev  0x0000000000000766      0x29b build/stm32f4xx_hal_tim.o
 .debug_abbrev  0x0000000000000a01      0x270 build/stm32f4xx_hal_tim_ex.o
 .debug_abbrev  0x0000000000000c71      0x2b7 build/stm32f4xx_hal_rcc.o
 .debug_abbrev  0x0000000000000f28      0x200 build/stm32f4xx_hal_gpio.o
 .debug_abbrev  0x0000000000001128      0x2e4 build/stm32f4xx_hal_cortex.o
 .debug_abbrev  0x000000000000140c      0x260 build/stm32f4xx_hal.o
 .debug_abbrev  0x000000000000166c      0x103 build/system_stm32f4xx.o
 .debug_abbrev  0x000000000000176f      0x228 build/heap_4.o
 .debug_abbrev  0x0000000000001997      0x23a build/port.o
 .debug_abbrev  0x0000000000001bd1      0x39d build/tasks.o
 .debug_abbrev  0x0000000000001f6e       0xf8 build/list.o
 .debug_abbrev  0x0000000000002066      0x37b build/cmsis_os.o
 .debug_abbrev  0x00000000000023e1       0x12 build/startup_stm32f401xc.o
 .debug_abbrev  0x00000000000023f3       0xba /usr/lib/gcc/arm-none-eabi/4.9.3/../../../arm-none-eabi/lib/armv7e-m/fpu/libc_nano.a(lib_a-init.o)
 .debug_abbrev  0x00000000000024ad       0x14 /usr/lib/gcc/arm-none-eabi/4.9.3/armv7e-m/fpu/libgcc.a(_aeabi_uldivmod.o)
 .debug_abbrev  0x00000000000024c1       0xb7 /usr/lib/gcc/arm-none-eabi/4.9.3/armv7e-m/fpu/libgcc.a(bpabi.o)
 .debug_abbrev  0x0000000000002578       0x14 /usr/lib/gcc/arm-none-eabi/4.9.3/armv7e-m/fpu/libgcc.a(_dvmd_tls.o)
 .debug_abbrev  0x000000000000258c      0x169 /usr/lib/gcc/arm-none-eabi/4.9.3/armv7e-m/fpu/libgcc.a(_divdi3.o)
 .debug_abbrev  0x00000000000026f5      0x154 /usr/lib/gcc/arm-none-eabi/4.9.3/armv7e-m/fpu/libgcc.a(_udivdi3.o)

.debug_loc      0x0000000000000000     0xb1d4
 .debug_loc     0x0000000000000000      0x134 build/main.o
 .debug_loc     0x0000000000000134       0x40 build/stm32f4xx_it.o
 .debug_loc     0x0000000000000174       0x38 build/stm32f4xx_hal_msp.o
 .debug_loc     0x00000000000001ac       0xa2 build/stm32f4xx_hal_timebase_TIM.o
 .debug_loc     0x000000000000024e     0x3d7e build/stm32f4xx_hal_tim.o
 .debug_loc     0x0000000000003fcc     0x1232 build/stm32f4xx_hal_tim_ex.o
 .debug_loc     0x00000000000051fe      0x603 build/stm32f4xx_hal_rcc.o
 .debug_loc     0x0000000000005801      0x427 build/stm32f4xx_hal_gpio.o
 .debug_loc     0x0000000000005c28      0x566 build/stm32f4xx_hal_cortex.o
 .debug_loc     0x000000000000618e      0x1a8 build/stm32f4xx_hal.o
 .debug_loc     0x0000000000006336      0x137 build/system_stm32f4xx.o
 .debug_loc     0x000000000000646d      0x33d build/heap_4.o
 .debug_loc     0x00000000000067aa      0x114 build/port.o
 .debug_loc     0x00000000000068be     0x1647 build/tasks.o
 .debug_loc     0x0000000000007f05       0x91 build/list.o
 .debug_loc     0x0000000000007f96     0x160b build/cmsis_os.o
 .debug_loc     0x00000000000095a1       0x54 /usr/lib/gcc/arm-none-eabi/4.9.3/../../../arm-none-eabi/lib/armv7e-m/fpu/libc_nano.a(lib_a-init.o)
 .debug_loc     0x00000000000095f5       0xa0 /usr/lib/gcc/arm-none-eabi/4.9.3/armv7e-m/fpu/libgcc.a(bpabi.o)
 .debug_loc     0x0000000000009695      0xdef /usr/lib/gcc/arm-none-eabi/4.9.3/armv7e-m/fpu/libgcc.a(_divdi3.o)
 .debug_loc     0x000000000000a484      0xd50 /usr/lib/gcc/arm-none-eabi/4.9.3/armv7e-m/fpu/libgcc.a(_udivdi3.o)

.debug_aranges  0x0000000000000000      0xd88
 .debug_aranges
                0x0000000000000000       0x48 build/main.o
 .debug_aranges
                0x0000000000000048       0x58 build/stm32f4xx_it.o
 .debug_aranges
                0x00000000000000a0       0x20 build/stm32f4xx_hal_msp.o
 .debug_aranges
                0x00000000000000c0       0x30 build/stm32f4xx_hal_timebase_TIM.o
 .debug_aranges
                0x00000000000000f0      0x368 build/stm32f4xx_hal_tim.o
 .debug_aranges
                0x0000000000000458      0x140 build/stm32f4xx_hal_tim_ex.o
 .debug_aranges
                0x0000000000000598       0x88 build/stm32f4xx_hal_rcc.o
 .debug_aranges
                0x0000000000000620       0x58 build/stm32f4xx_hal_gpio.o
 .debug_aranges
                0x0000000000000678       0xa8 build/stm32f4xx_hal_cortex.o
 .debug_aranges
                0x0000000000000720       0xe0 build/stm32f4xx_hal.o
 .debug_aranges
                0x0000000000000800       0x28 build/system_stm32f4xx.o
 .debug_aranges
                0x0000000000000828       0x50 build/heap_4.o
 .debug_aranges
                0x0000000000000878       0x80 build/port.o
 .debug_aranges
                0x00000000000008f8      0x190 build/tasks.o
 .debug_aranges
                0x0000000000000a88       0x40 build/list.o
 .debug_aranges
                0x0000000000000ac8      0x1d8 build/cmsis_os.o
 .debug_aranges
                0x0000000000000ca0       0x28 build/startup_stm32f401xc.o
 .debug_aranges
                0x0000000000000cc8       0x20 /usr/lib/gcc/arm-none-eabi/4.9.3/../../../arm-none-eabi/lib/armv7e-m/fpu/libc_nano.a(lib_a-init.o)
 .debug_aranges
                0x0000000000000ce8       0x20 /usr/lib/gcc/arm-none-eabi/4.9.3/armv7e-m/fpu/libgcc.a(_aeabi_uldivmod.o)
 .debug_aranges
                0x0000000000000d08       0x20 /usr/lib/gcc/arm-none-eabi/4.9.3/armv7e-m/fpu/libgcc.a(bpabi.o)
 .debug_aranges
                0x0000000000000d28       0x20 /usr/lib/gcc/arm-none-eabi/4.9.3/armv7e-m/fpu/libgcc.a(_dvmd_tls.o)
 .debug_aranges
                0x0000000000000d48       0x20 /usr/lib/gcc/arm-none-eabi/4.9.3/armv7e-m/fpu/libgcc.a(_divdi3.o)
 .debug_aranges
                0x0000000000000d68       0x20 /usr/lib/gcc/arm-none-eabi/4.9.3/armv7e-m/fpu/libgcc.a(_udivdi3.o)

.debug_ranges   0x0000000000000000      0xdc8
 .debug_ranges  0x0000000000000000       0x38 build/main.o
 .debug_ranges  0x0000000000000038       0x48 build/stm32f4xx_it.o
 .debug_ranges  0x0000000000000080       0x10 build/stm32f4xx_hal_msp.o
 .debug_ranges  0x0000000000000090       0x20 build/stm32f4xx_hal_timebase_TIM.o
 .debug_ranges  0x00000000000000b0      0x358 build/stm32f4xx_hal_tim.o
 .debug_ranges  0x0000000000000408      0x130 build/stm32f4xx_hal_tim_ex.o
 .debug_ranges  0x0000000000000538       0x90 build/stm32f4xx_hal_rcc.o
 .debug_ranges  0x00000000000005c8       0x48 build/stm32f4xx_hal_gpio.o
 .debug_ranges  0x0000000000000610       0x98 build/stm32f4xx_hal_cortex.o
 .debug_ranges  0x00000000000006a8       0xd0 build/stm32f4xx_hal.o
 .debug_ranges  0x0000000000000778       0x18 build/system_stm32f4xx.o
 .debug_ranges  0x0000000000000790       0x40 build/heap_4.o
 .debug_ranges  0x00000000000007d0       0x70 build/port.o
 .debug_ranges  0x0000000000000840      0x1b8 build/tasks.o
 .debug_ranges  0x00000000000009f8       0x30 build/list.o
 .debug_ranges  0x0000000000000a28      0x1c8 build/cmsis_os.o
 .debug_ranges  0x0000000000000bf0       0x20 build/startup_stm32f401xc.o
 .debug_ranges  0x0000000000000c10       0x10 /usr/lib/gcc/arm-none-eabi/4.9.3/../../../arm-none-eabi/lib/armv7e-m/fpu/libc_nano.a(lib_a-init.o)
 .debug_ranges  0x0000000000000c20       0xd0 /usr/lib/gcc/arm-none-eabi/4.9.3/armv7e-m/fpu/libgcc.a(_divdi3.o)
 .debug_ranges  0x0000000000000cf0       0xd8 /usr/lib/gcc/arm-none-eabi/4.9.3/armv7e-m/fpu/libgcc.a(_udivdi3.o)

.debug_line     0x0000000000000000     0x4c8b
 .debug_line    0x0000000000000000      0x32d build/main.o
 .debug_line    0x000000000000032d      0x224 build/stm32f4xx_it.o
 .debug_line    0x0000000000000551      0x141 build/stm32f4xx_hal_msp.o
 .debug_line    0x0000000000000692      0x1cd build/stm32f4xx_hal_timebase_TIM.o
 .debug_line    0x000000000000085f     0x1050 build/stm32f4xx_hal_tim.o
 .debug_line    0x00000000000018af      0x733 build/stm32f4xx_hal_tim_ex.o
 .debug_line    0x0000000000001fe2      0x443 build/stm32f4xx_hal_rcc.o
 .debug_line    0x0000000000002425      0x2c3 build/stm32f4xx_hal_gpio.o
 .debug_line    0x00000000000026e8      0x364 build/stm32f4xx_hal_cortex.o
 .debug_line    0x0000000000002a4c      0x368 build/stm32f4xx_hal.o
 .debug_line    0x0000000000002db4      0x126 build/system_stm32f4xx.o
 .debug_line    0x0000000000002eda      0x297 build/heap_4.o
 .debug_line    0x0000000000003171      0x2f0 build/port.o
 .debug_line    0x0000000000003461      0xaa2 build/tasks.o
 .debug_line    0x0000000000003f03      0x1a8 build/list.o
 .debug_line    0x00000000000040ab      0x7d2 build/cmsis_os.o
 .debug_line    0x000000000000487d       0x74 build/startup_stm32f401xc.o
 .debug_line    0x00000000000048f1       0xb9 /usr/lib/gcc/arm-none-eabi/4.9.3/../../../arm-none-eabi/lib/armv7e-m/fpu/libc_nano.a(lib_a-init.o)
 .debug_line    0x00000000000049aa       0x65 /usr/lib/gcc/arm-none-eabi/4.9.3/armv7e-m/fpu/libgcc.a(_aeabi_uldivmod.o)
 .debug_line    0x0000000000004a0f       0x65 /usr/lib/gcc/arm-none-eabi/4.9.3/armv7e-m/fpu/libgcc.a(bpabi.o)
 .debug_line    0x0000000000004a74       0x61 /usr/lib/gcc/arm-none-eabi/4.9.3/armv7e-m/fpu/libgcc.a(_dvmd_tls.o)
 .debug_line    0x0000000000004ad5       0xe2 /usr/lib/gcc/arm-none-eabi/4.9.3/armv7e-m/fpu/libgcc.a(_divdi3.o)
 .debug_line    0x0000000000004bb7       0xd4 /usr/lib/gcc/arm-none-eabi/4.9.3/armv7e-m/fpu/libgcc.a(_udivdi3.o)

.debug_str      0x0000000000000000     0x485c
 .debug_str     0x0000000000000000      0xf52 build/main.o
                                       0x1002 (size before relaxing)
 .debug_str     0x0000000000000f52       0xcb build/stm32f4xx_it.o
                                        0x660 (size before relaxing)
 .debug_str     0x000000000000101d       0x41 build/stm32f4xx_hal_msp.o
                                        0x689 (size before relaxing)
 .debug_str     0x000000000000105e      0x102 build/stm32f4xx_hal_timebase_TIM.o
                                        0xbeb (size before relaxing)
 .debug_str     0x0000000000001160      0xd03 build/stm32f4xx_hal_tim.o
                                       0x138c (size before relaxing)
 .debug_str     0x0000000000001e63      0x50a build/stm32f4xx_hal_tim_ex.o
                                        0xc4c (size before relaxing)
 .debug_str     0x000000000000236d      0x1c0 build/stm32f4xx_hal_rcc.o
                                        0x6ea (size before relaxing)
 .debug_str     0x000000000000252d      0x127 build/stm32f4xx_hal_gpio.o
                                        0x4eb (size before relaxing)
 .debug_str     0x0000000000002654      0x39b build/stm32f4xx_hal_cortex.o
                                        0xaa1 (size before relaxing)
 .debug_str     0x00000000000029ef      0x255 build/stm32f4xx_hal.o
                                        0x9e4 (size before relaxing)
 .debug_str     0x0000000000002c44       0x42 build/system_stm32f4xx.o
                                        0x37b (size before relaxing)
 .debug_str     0x0000000000002c86      0x245 build/heap_4.o
                                        0x3cb (size before relaxing)
 .debug_str     0x0000000000002ecb      0x287 build/port.o
                                        0x43c (size before relaxing)
 .debug_str     0x0000000000003152      0xaa2 build/tasks.o
                                        0xdd2 (size before relaxing)
 .debug_str     0x0000000000003bf4       0x6c build/list.o
                                        0x2d7 (size before relaxing)
 .debug_str     0x0000000000003c60      0x6b8 build/cmsis_os.o
                                        0xdbd (size before relaxing)
 .debug_str     0x0000000000004318      0x1e2 /usr/lib/gcc/arm-none-eabi/4.9.3/../../../arm-none-eabi/lib/armv7e-m/fpu/libc_nano.a(lib_a-init.o)
                                        0x281 (size before relaxing)
 .debug_str     0x00000000000044fa      0x1d3 /usr/lib/gcc/arm-none-eabi/4.9.3/armv7e-m/fpu/libgcc.a(bpabi.o)
                                        0x1f8 (size before relaxing)
 .debug_str     0x00000000000046cd      0x18f /usr/lib/gcc/arm-none-eabi/4.9.3/armv7e-m/fpu/libgcc.a(_divdi3.o)
                                        0x2a6 (size before relaxing)
 .debug_str     0x000000000000485c      0x2a7 /usr/lib/gcc/arm-none-eabi/4.9.3/armv7e-m/fpu/libgcc.a(_udivdi3.o)

.debug_frame    0x0000000000000000     0x2594
 .debug_frame   0x0000000000000000       0xbc build/main.o
 .debug_frame   0x00000000000000bc       0xa8 build/stm32f4xx_it.o
 .debug_frame   0x0000000000000164       0x30 build/stm32f4xx_hal_msp.o
 .debug_frame   0x0000000000000194       0x50 build/stm32f4xx_hal_timebase_TIM.o
 .debug_frame   0x00000000000001e4      0xafc build/stm32f4xx_hal_tim.o
 .debug_frame   0x0000000000000ce0      0x430 build/stm32f4xx_hal_tim_ex.o
 .debug_frame   0x0000000000001110      0x19c build/stm32f4xx_hal_rcc.o
 .debug_frame   0x00000000000012ac       0xd4 build/stm32f4xx_hal_gpio.o
 .debug_frame   0x0000000000001380      0x168 build/stm32f4xx_hal_cortex.o
 .debug_frame   0x00000000000014e8      0x1e0 build/stm32f4xx_hal.o
 .debug_frame   0x00000000000016c8       0x30 build/system_stm32f4xx.o
 .debug_frame   0x00000000000016f8       0xb8 build/heap_4.o
 .debug_frame   0x00000000000017b0       0xf8 build/port.o
 .debug_frame   0x00000000000018a8      0x578 build/tasks.o
 .debug_frame   0x0000000000001e20       0x70 build/list.o
 .debug_frame   0x0000000000001e90      0x5fc build/cmsis_os.o
 .debug_frame   0x000000000000248c       0x2c /usr/lib/gcc/arm-none-eabi/4.9.3/../../../arm-none-eabi/lib/armv7e-m/fpu/libc_nano.a(lib_a-init.o)
 .debug_frame   0x00000000000024b8       0x28 /usr/lib/gcc/arm-none-eabi/4.9.3/armv7e-m/fpu/libgcc.a(_aeabi_uldivmod.o)
 .debug_frame   0x00000000000024e0       0x50 /usr/lib/gcc/arm-none-eabi/4.9.3/armv7e-m/fpu/libgcc.a(bpabi.o)
 .debug_frame   0x0000000000002530       0x34 /usr/lib/gcc/arm-none-eabi/4.9.3/armv7e-m/fpu/libgcc.a(_divdi3.o)
 .debug_frame   0x0000000000002564       0x30 /usr/lib/gcc/arm-none-eabi/4.9.3/armv7e-m/fpu/libgcc.a(_udivdi3.o)

Cross Reference Table

Symbol                                            File
ADC_IRQHandler                                    build/startup_stm32f401xc.o
AHBPrescTable                                     build/system_stm32f4xx.o
                                                  build/stm32f4xx_hal_rcc.o
APBPrescTable                                     build/system_stm32f4xx.o
                                                  build/stm32f4xx_hal_rcc.o
BusFault_Handler                                  build/stm32f4xx_it.o
DMA1_Stream0_IRQHandler                           build/startup_stm32f401xc.o
DMA1_Stream1_IRQHandler                           build/startup_stm32f401xc.o
DMA1_Stream2_IRQHandler                           build/startup_stm32f401xc.o
DMA1_Stream3_IRQHandler                           build/startup_stm32f401xc.o
DMA1_Stream4_IRQHandler                           build/startup_stm32f401xc.o
DMA1_Stream5_IRQHandler                           build/startup_stm32f401xc.o
DMA1_Stream6_IRQHandler                           build/startup_stm32f401xc.o
DMA1_Stream7_IRQHandler                           build/startup_stm32f401xc.o
DMA2_Stream0_IRQHandler                           build/startup_stm32f401xc.o
DMA2_Stream1_IRQHandler                           build/startup_stm32f401xc.o
DMA2_Stream2_IRQHandler                           build/startup_stm32f401xc.o
DMA2_Stream3_IRQHandler                           build/startup_stm32f401xc.o
DMA2_Stream4_IRQHandler                           build/startup_stm32f401xc.o
DMA2_Stream5_IRQHandler                           build/startup_stm32f401xc.o
DMA2_Stream6_IRQHandler                           build/startup_stm32f401xc.o
DMA2_Stream7_IRQHandler                           build/startup_stm32f401xc.o
DebugMon_Handler                                  build/stm32f4xx_it.o
Default_Handler                                   build/startup_stm32f401xc.o
EXTI0_IRQHandler                                  build/startup_stm32f401xc.o
EXTI15_10_IRQHandler                              build/startup_stm32f401xc.o
EXTI1_IRQHandler                                  build/startup_stm32f401xc.o
EXTI2_IRQHandler                                  build/startup_stm32f401xc.o
EXTI3_IRQHandler                                  build/startup_stm32f401xc.o
EXTI4_IRQHandler                                  build/startup_stm32f401xc.o
EXTI9_5_IRQHandler                                build/startup_stm32f401xc.o
FLASH_Erase_Sector                                build/stm32f4xx_hal_flash_ex.o
                                                  build/stm32f4xx_hal_flash.o
FLASH_FlushCaches                                 build/stm32f4xx_hal_flash_ex.o
                                                  build/stm32f4xx_hal_flash.o
FLASH_IRQHandler                                  build/startup_stm32f401xc.o
FLASH_WaitForLastOperation                        build/stm32f4xx_hal_flash.o
                                                  build/stm32f4xx_hal_flash_ex.o
FPU_IRQHandler                                    build/startup_stm32f401xc.o
HAL_DBGMCU_DisableDBGSleepMode                    build/stm32f4xx_hal.o
HAL_DBGMCU_DisableDBGStandbyMode                  build/stm32f4xx_hal.o
HAL_DBGMCU_DisableDBGStopMode                     build/stm32f4xx_hal.o
HAL_DBGMCU_EnableDBGSleepMode                     build/stm32f4xx_hal.o
HAL_DBGMCU_EnableDBGStandbyMode                   build/stm32f4xx_hal.o
HAL_DBGMCU_EnableDBGStopMode                      build/stm32f4xx_hal.o
HAL_DMAEx_ChangeMemory                            build/stm32f4xx_hal_dma_ex.o
HAL_DMAEx_MultiBufferStart                        build/stm32f4xx_hal_dma_ex.o
HAL_DMAEx_MultiBufferStart_IT                     build/stm32f4xx_hal_dma_ex.o
HAL_DMA_Abort                                     build/stm32f4xx_hal_dma.o
                                                  build/stm32f4xx_hal_tim.o
HAL_DMA_Abort_IT                                  build/stm32f4xx_hal_dma.o
HAL_DMA_DeInit                                    build/stm32f4xx_hal_dma.o
HAL_DMA_GetError                                  build/stm32f4xx_hal_dma.o
HAL_DMA_GetState                                  build/stm32f4xx_hal_dma.o
HAL_DMA_IRQHandler                                build/stm32f4xx_hal_dma.o
HAL_DMA_Init                                      build/stm32f4xx_hal_dma.o
HAL_DMA_PollForTransfer                           build/stm32f4xx_hal_dma.o
HAL_DMA_RegisterCallback                          build/stm32f4xx_hal_dma.o
HAL_DMA_Start                                     build/stm32f4xx_hal_dma.o
HAL_DMA_Start_IT                                  build/stm32f4xx_hal_dma.o
                                                  build/stm32f4xx_hal_tim_ex.o
                                                  build/stm32f4xx_hal_tim.o
HAL_DMA_UnRegisterCallback                        build/stm32f4xx_hal_dma.o
HAL_DeInit                                        build/stm32f4xx_hal.o
HAL_Delay                                         build/stm32f4xx_hal.o
HAL_DisableCompensationCell                       build/stm32f4xx_hal.o
HAL_EnableCompensationCell                        build/stm32f4xx_hal.o
HAL_FLASHEx_AdvOBGetConfig                        build/stm32f4xx_hal_flash_ex.o
HAL_FLASHEx_AdvOBProgram                          build/stm32f4xx_hal_flash_ex.o
HAL_FLASHEx_Erase                                 build/stm32f4xx_hal_flash_ex.o
HAL_FLASHEx_Erase_IT                              build/stm32f4xx_hal_flash_ex.o
HAL_FLASHEx_OBGetConfig                           build/stm32f4xx_hal_flash_ex.o
HAL_FLASHEx_OBProgram                             build/stm32f4xx_hal_flash_ex.o
HAL_FLASHEx_OB_DeSelectPCROP                      build/stm32f4xx_hal_flash_ex.o
HAL_FLASHEx_OB_SelectPCROP                        build/stm32f4xx_hal_flash_ex.o
HAL_FLASH_EndOfOperationCallback                  build/stm32f4xx_hal_flash.o
HAL_FLASH_GetError                                build/stm32f4xx_hal_flash.o
HAL_FLASH_IRQHandler                              build/stm32f4xx_hal_flash.o
HAL_FLASH_Lock                                    build/stm32f4xx_hal_flash.o
HAL_FLASH_OB_Launch                               build/stm32f4xx_hal_flash.o
HAL_FLASH_OB_Lock                                 build/stm32f4xx_hal_flash.o
HAL_FLASH_OB_Unlock                               build/stm32f4xx_hal_flash.o
HAL_FLASH_OperationErrorCallback                  build/stm32f4xx_hal_flash.o
HAL_FLASH_Program                                 build/stm32f4xx_hal_flash.o
HAL_FLASH_Program_IT                              build/stm32f4xx_hal_flash.o
HAL_FLASH_Unlock                                  build/stm32f4xx_hal_flash.o
HAL_GPIO_DeInit                                   build/stm32f4xx_hal_gpio.o
HAL_GPIO_EXTI_Callback                            build/stm32f4xx_hal_gpio.o
HAL_GPIO_EXTI_IRQHandler                          build/stm32f4xx_hal_gpio.o
HAL_GPIO_Init                                     build/stm32f4xx_hal_gpio.o
                                                  build/stm32f4xx_hal_rcc.o
                                                  build/main.o
HAL_GPIO_LockPin                                  build/stm32f4xx_hal_gpio.o
HAL_GPIO_ReadPin                                  build/stm32f4xx_hal_gpio.o
HAL_GPIO_TogglePin                                build/stm32f4xx_hal_gpio.o
HAL_GPIO_WritePin                                 build/stm32f4xx_hal_gpio.o
                                                  build/main.o
HAL_GetDEVID                                      build/stm32f4xx_hal.o
HAL_GetHalVersion                                 build/stm32f4xx_hal.o
HAL_GetREVID                                      build/stm32f4xx_hal.o
HAL_GetTick                                       build/stm32f4xx_hal.o
                                                  build/stm32f4xx_hal_pwr_ex.o
                                                  build/stm32f4xx_hal_dma.o
                                                  build/stm32f4xx_hal_flash.o
                                                  build/stm32f4xx_hal_rcc_ex.o
                                                  build/stm32f4xx_hal_rcc.o
HAL_GetTickFreq                                   build/stm32f4xx_hal.o
HAL_GetTickPrio                                   build/stm32f4xx_hal.o
HAL_GetUID                                        build/stm32f4xx_hal.o
HAL_IncTick                                       build/stm32f4xx_hal.o
                                                  build/main.o
HAL_Init                                          build/stm32f4xx_hal.o
                                                  build/main.o
HAL_InitTick                                      build/stm32f4xx_hal_timebase_TIM.o
                                                  build/stm32f4xx_hal_rcc_ex.o
                                                  build/stm32f4xx_hal_rcc.o
HAL_MPU_ConfigRegion                              build/stm32f4xx_hal_cortex.o
HAL_MPU_Disable                                   build/stm32f4xx_hal_cortex.o
HAL_MPU_Enable                                    build/stm32f4xx_hal_cortex.o
HAL_MspDeInit                                     build/stm32f4xx_hal.o
HAL_MspInit                                       build/stm32f4xx_hal_msp.o
HAL_NVIC_ClearPendingIRQ                          build/stm32f4xx_hal_cortex.o
HAL_NVIC_DisableIRQ                               build/stm32f4xx_hal_cortex.o
HAL_NVIC_EnableIRQ                                build/stm32f4xx_hal_cortex.o
                                                  build/stm32f4xx_hal_timebase_TIM.o
HAL_NVIC_GetActive                                build/stm32f4xx_hal_cortex.o
HAL_NVIC_GetPendingIRQ                            build/stm32f4xx_hal_cortex.o
HAL_NVIC_GetPriority                              build/stm32f4xx_hal_cortex.o
HAL_NVIC_GetPriorityGrouping                      build/stm32f4xx_hal_cortex.o
HAL_NVIC_SetPendingIRQ                            build/stm32f4xx_hal_cortex.o
HAL_NVIC_SetPriority                              build/stm32f4xx_hal_cortex.o
                                                  build/stm32f4xx_hal.o
                                                  build/stm32f4xx_hal_timebase_TIM.o
                                                  build/stm32f4xx_hal_msp.o
                                                  build/main.o
HAL_NVIC_SetPriorityGrouping                      build/stm32f4xx_hal_cortex.o
                                                  build/stm32f4xx_hal.o
                                                  build/stm32f4xx_hal_msp.o
HAL_NVIC_SystemReset                              build/stm32f4xx_hal_cortex.o
HAL_PWREx_ControlVoltageScaling                   build/stm32f4xx_hal_pwr_ex.o
HAL_PWREx_DisableBkUpReg                          build/stm32f4xx_hal_pwr_ex.o
HAL_PWREx_DisableFlashPowerDown                   build/stm32f4xx_hal_pwr_ex.o
HAL_PWREx_DisableLowRegulatorLowVoltage           build/stm32f4xx_hal_pwr_ex.o
HAL_PWREx_DisableMainRegulatorLowVoltage          build/stm32f4xx_hal_pwr_ex.o
HAL_PWREx_EnableBkUpReg                           build/stm32f4xx_hal_pwr_ex.o
HAL_PWREx_EnableFlashPowerDown                    build/stm32f4xx_hal_pwr_ex.o
HAL_PWREx_EnableLowRegulatorLowVoltage            build/stm32f4xx_hal_pwr_ex.o
HAL_PWREx_EnableMainRegulatorLowVoltage           build/stm32f4xx_hal_pwr_ex.o
HAL_PWREx_GetVoltageRange                         build/stm32f4xx_hal_pwr_ex.o
HAL_PWR_ConfigPVD                                 build/stm32f4xx_hal_pwr.o
HAL_PWR_DeInit                                    build/stm32f4xx_hal_pwr.o
HAL_PWR_DisableBkUpAccess                         build/stm32f4xx_hal_pwr.o
HAL_PWR_DisablePVD                                build/stm32f4xx_hal_pwr.o
HAL_PWR_DisableSEVOnPend                          build/stm32f4xx_hal_pwr.o
HAL_PWR_DisableSleepOnExit                        build/stm32f4xx_hal_pwr.o
HAL_PWR_DisableWakeUpPin                          build/stm32f4xx_hal_pwr.o
HAL_PWR_EnableBkUpAccess                          build/stm32f4xx_hal_pwr.o
HAL_PWR_EnablePVD                                 build/stm32f4xx_hal_pwr.o
HAL_PWR_EnableSEVOnPend                           build/stm32f4xx_hal_pwr.o
HAL_PWR_EnableSleepOnExit                         build/stm32f4xx_hal_pwr.o
HAL_PWR_EnableWakeUpPin                           build/stm32f4xx_hal_pwr.o
HAL_PWR_EnterSLEEPMode                            build/stm32f4xx_hal_pwr.o
HAL_PWR_EnterSTANDBYMode                          build/stm32f4xx_hal_pwr.o
HAL_PWR_EnterSTOPMode                             build/stm32f4xx_hal_pwr.o
HAL_PWR_PVDCallback                               build/stm32f4xx_hal_pwr.o
HAL_PWR_PVD_IRQHandler                            build/stm32f4xx_hal_pwr.o
HAL_RCCEx_DisablePLLI2S                           build/stm32f4xx_hal_rcc_ex.o
HAL_RCCEx_EnablePLLI2S                            build/stm32f4xx_hal_rcc_ex.o
HAL_RCCEx_GetPeriphCLKConfig                      build/stm32f4xx_hal_rcc_ex.o
HAL_RCCEx_GetPeriphCLKFreq                        build/stm32f4xx_hal_rcc_ex.o
HAL_RCCEx_PeriphCLKConfig                         build/stm32f4xx_hal_rcc_ex.o
HAL_RCC_CSSCallback                               build/stm32f4xx_hal_rcc.o
HAL_RCC_ClockConfig                               build/stm32f4xx_hal_rcc.o
                                                  build/main.o
HAL_RCC_DeInit                                    build/stm32f4xx_hal_rcc_ex.o
                                                  build/stm32f4xx_hal_rcc.o
HAL_RCC_DisableCSS                                build/stm32f4xx_hal_rcc.o
HAL_RCC_EnableCSS                                 build/stm32f4xx_hal_rcc.o
HAL_RCC_GetClockConfig                            build/stm32f4xx_hal_rcc.o
                                                  build/stm32f4xx_hal_timebase_TIM.o
HAL_RCC_GetHCLKFreq                               build/stm32f4xx_hal_rcc.o
                                                  build/main.o
HAL_RCC_GetOscConfig                              build/stm32f4xx_hal_rcc.o
HAL_RCC_GetPCLK1Freq                              build/stm32f4xx_hal_rcc.o
HAL_RCC_GetPCLK2Freq                              build/stm32f4xx_hal_rcc.o
                                                  build/stm32f4xx_hal_timebase_TIM.o
HAL_RCC_GetSysClockFreq                           build/stm32f4xx_hal_rcc.o
HAL_RCC_MCOConfig                                 build/stm32f4xx_hal_rcc.o
HAL_RCC_NMI_IRQHandler                            build/stm32f4xx_hal_rcc.o
HAL_RCC_OscConfig                                 build/stm32f4xx_hal_rcc.o
                                                  build/main.o
HAL_ResumeTick                                    build/stm32f4xx_hal_timebase_TIM.o
HAL_SYSTICK_CLKSourceConfig                       build/stm32f4xx_hal_cortex.o
                                                  build/main.o
HAL_SYSTICK_Callback                              build/stm32f4xx_hal_cortex.o
HAL_SYSTICK_Config                                build/stm32f4xx_hal_cortex.o
                                                  build/stm32f4xx_hal.o
                                                  build/main.o
HAL_SYSTICK_IRQHandler                            build/stm32f4xx_hal_cortex.o
HAL_SetTickFreq                                   build/stm32f4xx_hal.o
HAL_SuspendTick                                   build/stm32f4xx_hal_timebase_TIM.o
HAL_TIMEx_BreakCallback                           build/stm32f4xx_hal_tim_ex.o
                                                  build/stm32f4xx_hal_tim.o
HAL_TIMEx_CommutationCallback                     build/stm32f4xx_hal_tim_ex.o
                                                  build/stm32f4xx_hal_tim.o
HAL_TIMEx_ConfigBreakDeadTime                     build/stm32f4xx_hal_tim_ex.o
HAL_TIMEx_ConfigCommutationEvent                  build/stm32f4xx_hal_tim_ex.o
HAL_TIMEx_ConfigCommutationEvent_DMA              build/stm32f4xx_hal_tim_ex.o
HAL_TIMEx_ConfigCommutationEvent_IT               build/stm32f4xx_hal_tim_ex.o
HAL_TIMEx_HallSensor_DeInit                       build/stm32f4xx_hal_tim_ex.o
HAL_TIMEx_HallSensor_GetState                     build/stm32f4xx_hal_tim_ex.o
HAL_TIMEx_HallSensor_Init                         build/stm32f4xx_hal_tim_ex.o
HAL_TIMEx_HallSensor_MspDeInit                    build/stm32f4xx_hal_tim_ex.o
HAL_TIMEx_HallSensor_MspInit                      build/stm32f4xx_hal_tim_ex.o
HAL_TIMEx_HallSensor_Start                        build/stm32f4xx_hal_tim_ex.o
HAL_TIMEx_HallSensor_Start_DMA                    build/stm32f4xx_hal_tim_ex.o
HAL_TIMEx_HallSensor_Start_IT                     build/stm32f4xx_hal_tim_ex.o
HAL_TIMEx_HallSensor_Stop                         build/stm32f4xx_hal_tim_ex.o
HAL_TIMEx_HallSensor_Stop_DMA                     build/stm32f4xx_hal_tim_ex.o
HAL_TIMEx_HallSensor_Stop_IT                      build/stm32f4xx_hal_tim_ex.o
HAL_TIMEx_MasterConfigSynchronization             build/stm32f4xx_hal_tim_ex.o
HAL_TIMEx_OCN_Start                               build/stm32f4xx_hal_tim_ex.o
HAL_TIMEx_OCN_Start_DMA                           build/stm32f4xx_hal_tim_ex.o
HAL_TIMEx_OCN_Start_IT                            build/stm32f4xx_hal_tim_ex.o
HAL_TIMEx_OCN_Stop                                build/stm32f4xx_hal_tim_ex.o
HAL_TIMEx_OCN_Stop_DMA                            build/stm32f4xx_hal_tim_ex.o
HAL_TIMEx_OCN_Stop_IT                             build/stm32f4xx_hal_tim_ex.o
HAL_TIMEx_OnePulseN_Start                         build/stm32f4xx_hal_tim_ex.o
HAL_TIMEx_OnePulseN_Start_IT                      build/stm32f4xx_hal_tim_ex.o
HAL_TIMEx_OnePulseN_Stop                          build/stm32f4xx_hal_tim_ex.o
HAL_TIMEx_OnePulseN_Stop_IT                       build/stm32f4xx_hal_tim_ex.o
HAL_TIMEx_PWMN_Start                              build/stm32f4xx_hal_tim_ex.o
HAL_TIMEx_PWMN_Start_DMA                          build/stm32f4xx_hal_tim_ex.o
HAL_TIMEx_PWMN_Start_IT                           build/stm32f4xx_hal_tim_ex.o
HAL_TIMEx_PWMN_Stop                               build/stm32f4xx_hal_tim_ex.o
HAL_TIMEx_PWMN_Stop_DMA                           build/stm32f4xx_hal_tim_ex.o
HAL_TIMEx_PWMN_Stop_IT                            build/stm32f4xx_hal_tim_ex.o
HAL_TIMEx_RemapConfig                             build/stm32f4xx_hal_tim_ex.o
HAL_TIM_Base_DeInit                               build/stm32f4xx_hal_tim.o
HAL_TIM_Base_GetState                             build/stm32f4xx_hal_tim.o
HAL_TIM_Base_Init                                 build/stm32f4xx_hal_tim.o
                                                  build/stm32f4xx_hal_timebase_TIM.o
HAL_TIM_Base_MspDeInit                            build/stm32f4xx_hal_tim.o
HAL_TIM_Base_MspInit                              build/stm32f4xx_hal_tim.o
HAL_TIM_Base_Start                                build/stm32f4xx_hal_tim.o
HAL_TIM_Base_Start_DMA                            build/stm32f4xx_hal_tim.o
HAL_TIM_Base_Start_IT                             build/stm32f4xx_hal_tim.o
                                                  build/stm32f4xx_hal_timebase_TIM.o
HAL_TIM_Base_Stop                                 build/stm32f4xx_hal_tim.o
HAL_TIM_Base_Stop_DMA                             build/stm32f4xx_hal_tim.o
HAL_TIM_Base_Stop_IT                              build/stm32f4xx_hal_tim.o
HAL_TIM_ConfigClockSource                         build/stm32f4xx_hal_tim.o
HAL_TIM_ConfigOCrefClear                          build/stm32f4xx_hal_tim.o
HAL_TIM_ConfigTI1Input                            build/stm32f4xx_hal_tim.o
HAL_TIM_DMABurst_ReadStart                        build/stm32f4xx_hal_tim.o
HAL_TIM_DMABurst_ReadStop                         build/stm32f4xx_hal_tim.o
HAL_TIM_DMABurst_WriteStart                       build/stm32f4xx_hal_tim.o
HAL_TIM_DMABurst_WriteStop                        build/stm32f4xx_hal_tim.o
HAL_TIM_Encoder_DeInit                            build/stm32f4xx_hal_tim.o
HAL_TIM_Encoder_GetState                          build/stm32f4xx_hal_tim.o
HAL_TIM_Encoder_Init                              build/stm32f4xx_hal_tim.o
HAL_TIM_Encoder_MspDeInit                         build/stm32f4xx_hal_tim.o
HAL_TIM_Encoder_MspInit                           build/stm32f4xx_hal_tim.o
HAL_TIM_Encoder_Start                             build/stm32f4xx_hal_tim.o
HAL_TIM_Encoder_Start_DMA                         build/stm32f4xx_hal_tim.o
HAL_TIM_Encoder_Start_IT                          build/stm32f4xx_hal_tim.o
HAL_TIM_Encoder_Stop                              build/stm32f4xx_hal_tim.o
HAL_TIM_Encoder_Stop_DMA                          build/stm32f4xx_hal_tim.o
HAL_TIM_Encoder_Stop_IT                           build/stm32f4xx_hal_tim.o
HAL_TIM_ErrorCallback                             build/stm32f4xx_hal_tim.o
HAL_TIM_GenerateEvent                             build/stm32f4xx_hal_tim.o
HAL_TIM_IC_CaptureCallback                        build/stm32f4xx_hal_tim.o
HAL_TIM_IC_ConfigChannel                          build/stm32f4xx_hal_tim.o
HAL_TIM_IC_DeInit                                 build/stm32f4xx_hal_tim.o
HAL_TIM_IC_GetState                               build/stm32f4xx_hal_tim.o
HAL_TIM_IC_Init                                   build/stm32f4xx_hal_tim.o
HAL_TIM_IC_MspDeInit                              build/stm32f4xx_hal_tim.o
HAL_TIM_IC_MspInit                                build/stm32f4xx_hal_tim.o
HAL_TIM_IC_Start                                  build/stm32f4xx_hal_tim.o
HAL_TIM_IC_Start_DMA                              build/stm32f4xx_hal_tim.o
HAL_TIM_IC_Start_IT                               build/stm32f4xx_hal_tim.o
HAL_TIM_IC_Stop                                   build/stm32f4xx_hal_tim.o
HAL_TIM_IC_Stop_DMA                               build/stm32f4xx_hal_tim.o
HAL_TIM_IC_Stop_IT                                build/stm32f4xx_hal_tim.o
HAL_TIM_IRQHandler                                build/stm32f4xx_hal_tim.o
                                                  build/stm32f4xx_it.o
HAL_TIM_OC_ConfigChannel                          build/stm32f4xx_hal_tim.o
HAL_TIM_OC_DeInit                                 build/stm32f4xx_hal_tim.o
HAL_TIM_OC_DelayElapsedCallback                   build/stm32f4xx_hal_tim.o
HAL_TIM_OC_GetState                               build/stm32f4xx_hal_tim.o
HAL_TIM_OC_Init                                   build/stm32f4xx_hal_tim.o
HAL_TIM_OC_MspDeInit                              build/stm32f4xx_hal_tim.o
HAL_TIM_OC_MspInit                                build/stm32f4xx_hal_tim.o
HAL_TIM_OC_Start                                  build/stm32f4xx_hal_tim.o
HAL_TIM_OC_Start_DMA                              build/stm32f4xx_hal_tim.o
HAL_TIM_OC_Start_IT                               build/stm32f4xx_hal_tim.o
HAL_TIM_OC_Stop                                   build/stm32f4xx_hal_tim.o
HAL_TIM_OC_Stop_DMA                               build/stm32f4xx_hal_tim.o
HAL_TIM_OC_Stop_IT                                build/stm32f4xx_hal_tim.o
HAL_TIM_OnePulse_ConfigChannel                    build/stm32f4xx_hal_tim.o
HAL_TIM_OnePulse_DeInit                           build/stm32f4xx_hal_tim.o
HAL_TIM_OnePulse_GetState                         build/stm32f4xx_hal_tim.o
HAL_TIM_OnePulse_Init                             build/stm32f4xx_hal_tim.o
HAL_TIM_OnePulse_MspDeInit                        build/stm32f4xx_hal_tim.o
HAL_TIM_OnePulse_MspInit                          build/stm32f4xx_hal_tim.o
HAL_TIM_OnePulse_Start                            build/stm32f4xx_hal_tim.o
HAL_TIM_OnePulse_Start_IT                         build/stm32f4xx_hal_tim.o
HAL_TIM_OnePulse_Stop                             build/stm32f4xx_hal_tim.o
HAL_TIM_OnePulse_Stop_IT                          build/stm32f4xx_hal_tim.o
HAL_TIM_PWM_ConfigChannel                         build/stm32f4xx_hal_tim.o
HAL_TIM_PWM_DeInit                                build/stm32f4xx_hal_tim.o
HAL_TIM_PWM_GetState                              build/stm32f4xx_hal_tim.o
HAL_TIM_PWM_Init                                  build/stm32f4xx_hal_tim.o
HAL_TIM_PWM_MspDeInit                             build/stm32f4xx_hal_tim.o
HAL_TIM_PWM_MspInit                               build/stm32f4xx_hal_tim.o
HAL_TIM_PWM_PulseFinishedCallback                 build/stm32f4xx_hal_tim.o
HAL_TIM_PWM_Start                                 build/stm32f4xx_hal_tim.o
HAL_TIM_PWM_Start_DMA                             build/stm32f4xx_hal_tim.o
HAL_TIM_PWM_Start_IT                              build/stm32f4xx_hal_tim.o
HAL_TIM_PWM_Stop                                  build/stm32f4xx_hal_tim.o
HAL_TIM_PWM_Stop_DMA                              build/stm32f4xx_hal_tim.o
HAL_TIM_PWM_Stop_IT                               build/stm32f4xx_hal_tim.o
HAL_TIM_PeriodElapsedCallback                     build/main.o
HAL_TIM_ReadCapturedValue                         build/stm32f4xx_hal_tim.o
HAL_TIM_SlaveConfigSynchronization                build/stm32f4xx_hal_tim.o
HAL_TIM_SlaveConfigSynchronization_IT             build/stm32f4xx_hal_tim.o
HAL_TIM_TriggerCallback                           build/stm32f4xx_hal_tim.o
HardFault_Handler                                 build/stm32f4xx_it.o
I2C1_ER_IRQHandler                                build/startup_stm32f401xc.o
I2C1_EV_IRQHandler                                build/startup_stm32f401xc.o
I2C2_ER_IRQHandler                                build/startup_stm32f401xc.o
I2C2_EV_IRQHandler                                build/startup_stm32f401xc.o
I2C3_ER_IRQHandler                                build/startup_stm32f401xc.o
I2C3_EV_IRQHandler                                build/startup_stm32f401xc.o
Leds                                              build/main.o
MemManage_Handler                                 build/stm32f4xx_it.o
NMI_Handler                                       build/stm32f4xx_it.o
OTG_FS_IRQHandler                                 build/startup_stm32f401xc.o
OTG_FS_WKUP_IRQHandler                            build/startup_stm32f401xc.o
PVD_IRQHandler                                    build/startup_stm32f401xc.o
PendSV_Handler                                    build/port.o
RCC_IRQHandler                                    build/startup_stm32f401xc.o
RTC_Alarm_IRQHandler                              build/startup_stm32f401xc.o
RTC_WKUP_IRQHandler                               build/startup_stm32f401xc.o
Reset_Handler                                     build/startup_stm32f401xc.o
SDIO_IRQHandler                                   build/startup_stm32f401xc.o
SPI1_IRQHandler                                   build/startup_stm32f401xc.o
SPI2_IRQHandler                                   build/startup_stm32f401xc.o
SPI3_IRQHandler                                   build/startup_stm32f401xc.o
SPI4_IRQHandler                                   build/startup_stm32f401xc.o
SVC_Handler                                       build/port.o
StartDefaultTask                                  build/main.o
SysTick_Handler                                   build/stm32f4xx_it.o
SystemClock_Config                                build/main.o
SystemCoreClock                                   build/system_stm32f4xx.o
                                                  build/port.o
                                                  build/stm32f4xx_hal.o
                                                  build/stm32f4xx_hal_dma.o
                                                  build/stm32f4xx_hal_rcc_ex.o
                                                  build/stm32f4xx_hal_rcc.o
SystemCoreClockUpdate                             build/system_stm32f4xx.o
SystemInit                                        build/system_stm32f4xx.o
                                                  build/startup_stm32f401xc.o
TAMP_STAMP_IRQHandler                             build/startup_stm32f401xc.o
TIM1_BRK_TIM9_IRQHandler                          build/startup_stm32f401xc.o
TIM1_CC_IRQHandler                                build/startup_stm32f401xc.o
TIM1_TRG_COM_TIM11_IRQHandler                     build/startup_stm32f401xc.o
TIM1_UP_TIM10_IRQHandler                          build/stm32f4xx_it.o
TIM2_IRQHandler                                   build/startup_stm32f401xc.o
TIM3_IRQHandler                                   build/startup_stm32f401xc.o
TIM4_IRQHandler                                   build/startup_stm32f401xc.o
TIM5_IRQHandler                                   build/startup_stm32f401xc.o
TIMEx_DMACommutationCplt                          build/stm32f4xx_hal_tim_ex.o
                                                  build/stm32f4xx_hal_tim.o
TIM_Base_SetConfig                                build/stm32f4xx_hal_tim.o
                                                  build/stm32f4xx_hal_tim_ex.o
TIM_CCxChannelCmd                                 build/stm32f4xx_hal_tim.o
                                                  build/stm32f4xx_hal_tim_ex.o
TIM_DMACaptureCplt                                build/stm32f4xx_hal_tim.o
                                                  build/stm32f4xx_hal_tim_ex.o
TIM_DMADelayPulseCplt                             build/stm32f4xx_hal_tim.o
                                                  build/stm32f4xx_hal_tim_ex.o
TIM_DMAError                                      build/stm32f4xx_hal_tim.o
                                                  build/stm32f4xx_hal_tim_ex.o
TIM_OC2_SetConfig                                 build/stm32f4xx_hal_tim.o
                                                  build/stm32f4xx_hal_tim_ex.o
TIM_TI1_SetConfig                                 build/stm32f4xx_hal_tim.o
                                                  build/stm32f4xx_hal_tim_ex.o
USART1_IRQHandler                                 build/startup_stm32f401xc.o
USART2_IRQHandler                                 build/startup_stm32f401xc.o
USART6_IRQHandler                                 build/startup_stm32f401xc.o
UsageFault_Handler                                build/stm32f4xx_it.o
WWDG_IRQHandler                                   build/startup_stm32f401xc.o
_Error_Handler                                    build/main.o
_ITM_deregisterTMCloneTable                       /usr/lib/gcc/arm-none-eabi/4.9.3/armv7e-m/fpu/crtbegin.o
_ITM_registerTMCloneTable                         /usr/lib/gcc/arm-none-eabi/4.9.3/armv7e-m/fpu/crtbegin.o
_Jv_RegisterClasses                               /usr/lib/gcc/arm-none-eabi/4.9.3/armv7e-m/fpu/crtbegin.o
__TMC_END__                                       /usr/lib/gcc/arm-none-eabi/4.9.3/armv7e-m/fpu/crtend.o
                                                  /usr/lib/gcc/arm-none-eabi/4.9.3/armv7e-m/fpu/crtbegin.o
__aeabi_idiv0                                     /usr/lib/gcc/arm-none-eabi/4.9.3/armv7e-m/fpu/libgcc.a(_dvmd_tls.o)
__aeabi_ldiv0                                     /usr/lib/gcc/arm-none-eabi/4.9.3/armv7e-m/fpu/libgcc.a(_dvmd_tls.o)
                                                  /usr/lib/gcc/arm-none-eabi/4.9.3/armv7e-m/fpu/libgcc.a(_aeabi_uldivmod.o)
__aeabi_uldivmod                                  /usr/lib/gcc/arm-none-eabi/4.9.3/armv7e-m/fpu/libgcc.a(_aeabi_uldivmod.o)
                                                  build/stm32f4xx_hal_rcc.o
__atexit_dummy                                    /usr/lib/gcc/arm-none-eabi/4.9.3/../../../arm-none-eabi/lib/armv7e-m/fpu/libc_nano.a(lib_a-__atexit.o)
__bss_end__                                       /usr/lib/gcc/arm-none-eabi/4.9.3/../../../arm-none-eabi/lib/armv7e-m/fpu/crt0.o
__bss_start__                                     /usr/lib/gcc/arm-none-eabi/4.9.3/../../../arm-none-eabi/lib/armv7e-m/fpu/crt0.o
__call_exitprocs                                  /usr/lib/gcc/arm-none-eabi/4.9.3/../../../arm-none-eabi/lib/armv7e-m/fpu/libc_nano.a(lib_a-__call_atexit.o)
                                                  /usr/lib/gcc/arm-none-eabi/4.9.3/../../../arm-none-eabi/lib/armv7e-m/fpu/libc_nano.a(lib_a-__atexit.o)
                                                  /usr/lib/gcc/arm-none-eabi/4.9.3/../../../arm-none-eabi/lib/armv7e-m/fpu/libc_nano.a(lib_a-exit.o)
__deregister_frame_info                           /usr/lib/gcc/arm-none-eabi/4.9.3/armv7e-m/fpu/crtbegin.o
__divdi3                                          /usr/lib/gcc/arm-none-eabi/4.9.3/armv7e-m/fpu/libgcc.a(_divdi3.o)
                                                  /usr/lib/gcc/arm-none-eabi/4.9.3/armv7e-m/fpu/libgcc.a(bpabi.o)
__dso_handle                                      /usr/lib/gcc/arm-none-eabi/4.9.3/armv7e-m/fpu/crtbegin.o
__fini_array_end                                  /usr/lib/gcc/arm-none-eabi/4.9.3/../../../arm-none-eabi/lib/armv7e-m/fpu/libc_nano.a(lib_a-fini.o)
__fini_array_start                                /usr/lib/gcc/arm-none-eabi/4.9.3/../../../arm-none-eabi/lib/armv7e-m/fpu/libc_nano.a(lib_a-fini.o)
__gnu_ldivmod_helper                              /usr/lib/gcc/arm-none-eabi/4.9.3/armv7e-m/fpu/libgcc.a(bpabi.o)
__gnu_uldivmod_helper                             /usr/lib/gcc/arm-none-eabi/4.9.3/armv7e-m/fpu/libgcc.a(bpabi.o)
                                                  /usr/lib/gcc/arm-none-eabi/4.9.3/armv7e-m/fpu/libgcc.a(_aeabi_uldivmod.o)
__init_array_end                                  /usr/lib/gcc/arm-none-eabi/4.9.3/../../../arm-none-eabi/lib/armv7e-m/fpu/libc_nano.a(lib_a-init.o)
__init_array_start                                /usr/lib/gcc/arm-none-eabi/4.9.3/../../../arm-none-eabi/lib/armv7e-m/fpu/libc_nano.a(lib_a-init.o)
__libc_fini_array                                 /usr/lib/gcc/arm-none-eabi/4.9.3/../../../arm-none-eabi/lib/armv7e-m/fpu/libc_nano.a(lib_a-fini.o)
                                                  /usr/lib/gcc/arm-none-eabi/4.9.3/../../../arm-none-eabi/lib/armv7e-m/fpu/crt0.o
__libc_init_array                                 /usr/lib/gcc/arm-none-eabi/4.9.3/../../../arm-none-eabi/lib/armv7e-m/fpu/libc_nano.a(lib_a-init.o)
                                                  build/startup_stm32f401xc.o
                                                  /usr/lib/gcc/arm-none-eabi/4.9.3/../../../arm-none-eabi/lib/armv7e-m/fpu/crt0.o
__preinit_array_end                               /usr/lib/gcc/arm-none-eabi/4.9.3/../../../arm-none-eabi/lib/armv7e-m/fpu/libc_nano.a(lib_a-init.o)
__preinit_array_start                             /usr/lib/gcc/arm-none-eabi/4.9.3/../../../arm-none-eabi/lib/armv7e-m/fpu/libc_nano.a(lib_a-init.o)
__register_exitproc                               /usr/lib/gcc/arm-none-eabi/4.9.3/../../../arm-none-eabi/lib/armv7e-m/fpu/libc_nano.a(lib_a-__atexit.o)
                                                  /usr/lib/gcc/arm-none-eabi/4.9.3/../../../arm-none-eabi/lib/armv7e-m/fpu/libc_nano.a(lib_a-atexit.o)
__register_frame_info                             /usr/lib/gcc/arm-none-eabi/4.9.3/armv7e-m/fpu/crtbegin.o
__sf_fake_stderr                                  /usr/lib/gcc/arm-none-eabi/4.9.3/../../../arm-none-eabi/lib/armv7e-m/fpu/libc_nano.a(lib_a-impure.o)
__sf_fake_stdin                                   /usr/lib/gcc/arm-none-eabi/4.9.3/../../../arm-none-eabi/lib/armv7e-m/fpu/libc_nano.a(lib_a-impure.o)
__sf_fake_stdout                                  /usr/lib/gcc/arm-none-eabi/4.9.3/../../../arm-none-eabi/lib/armv7e-m/fpu/libc_nano.a(lib_a-impure.o)
__stack                                           /usr/lib/gcc/arm-none-eabi/4.9.3/../../../arm-none-eabi/lib/armv7e-m/fpu/crt0.o
__udivdi3                                         /usr/lib/gcc/arm-none-eabi/4.9.3/armv7e-m/fpu/libgcc.a(_udivdi3.o)
                                                  /usr/lib/gcc/arm-none-eabi/4.9.3/armv7e-m/fpu/libgcc.a(bpabi.o)
_ebss                                             build/startup_stm32f401xc.o
_edata                                            build/startup_stm32f401xc.o
_estack                                           build/startup_stm32f401xc.o
_exit                                             /usr/lib/gcc/arm-none-eabi/4.9.3/../../../arm-none-eabi/lib/armv7e-m/fpu/libnosys.a(_exit.o)
                                                  /usr/lib/gcc/arm-none-eabi/4.9.3/../../../arm-none-eabi/lib/armv7e-m/fpu/libc_nano.a(lib_a-exit.o)
_fini                                             /usr/lib/gcc/arm-none-eabi/4.9.3/armv7e-m/fpu/crti.o
                                                  /usr/lib/gcc/arm-none-eabi/4.9.3/../../../arm-none-eabi/lib/armv7e-m/fpu/libc_nano.a(lib_a-fini.o)
_global_atexit                                    /usr/lib/gcc/arm-none-eabi/4.9.3/../../../arm-none-eabi/lib/armv7e-m/fpu/libc_nano.a(lib_a-__call_atexit.o)
                                                  /usr/lib/gcc/arm-none-eabi/4.9.3/../../../arm-none-eabi/lib/armv7e-m/fpu/libc_nano.a(lib_a-__atexit.o)
_global_impure_ptr                                /usr/lib/gcc/arm-none-eabi/4.9.3/../../../arm-none-eabi/lib/armv7e-m/fpu/libc_nano.a(lib_a-impure.o)
                                                  /usr/lib/gcc/arm-none-eabi/4.9.3/../../../arm-none-eabi/lib/armv7e-m/fpu/libc_nano.a(lib_a-exit.o)
_impure_ptr                                       /usr/lib/gcc/arm-none-eabi/4.9.3/../../../arm-none-eabi/lib/armv7e-m/fpu/libc_nano.a(lib_a-impure.o)
_init                                             /usr/lib/gcc/arm-none-eabi/4.9.3/armv7e-m/fpu/crti.o
                                                  /usr/lib/gcc/arm-none-eabi/4.9.3/../../../arm-none-eabi/lib/armv7e-m/fpu/libc_nano.a(lib_a-init.o)
_mainCRTStartup                                   /usr/lib/gcc/arm-none-eabi/4.9.3/../../../arm-none-eabi/lib/armv7e-m/fpu/crt0.o
_sbss                                             build/startup_stm32f401xc.o
_sdata                                            build/startup_stm32f401xc.o
_sidata                                           build/startup_stm32f401xc.o
_start                                            /usr/lib/gcc/arm-none-eabi/4.9.3/../../../arm-none-eabi/lib/armv7e-m/fpu/crt0.o
atexit                                            /usr/lib/gcc/arm-none-eabi/4.9.3/../../../arm-none-eabi/lib/armv7e-m/fpu/libc_nano.a(lib_a-atexit.o)
                                                  /usr/lib/gcc/arm-none-eabi/4.9.3/../../../arm-none-eabi/lib/armv7e-m/fpu/crt0.o
defaultTaskHandle                                 build/main.o
exit                                              /usr/lib/gcc/arm-none-eabi/4.9.3/../../../arm-none-eabi/lib/armv7e-m/fpu/libc_nano.a(lib_a-exit.o)
                                                  /usr/lib/gcc/arm-none-eabi/4.9.3/../../../arm-none-eabi/lib/armv7e-m/fpu/crt0.o
free                                              /usr/lib/gcc/arm-none-eabi/4.9.3/../../../arm-none-eabi/lib/armv7e-m/fpu/libc_nano.a(lib_a-__call_atexit.o)
g_pfnVectors                                      build/startup_stm32f401xc.o
hardware_init_hook                                /usr/lib/gcc/arm-none-eabi/4.9.3/../../../arm-none-eabi/lib/armv7e-m/fpu/crt0.o
htim1                                             build/stm32f4xx_hal_timebase_TIM.o
                                                  build/stm32f4xx_it.o
ledTaskHandle                                     build/main.o
main                                              build/main.o
                                                  build/startup_stm32f401xc.o
                                                  /usr/lib/gcc/arm-none-eabi/4.9.3/../../../arm-none-eabi/lib/armv7e-m/fpu/crt0.o
malloc                                            /usr/lib/gcc/arm-none-eabi/4.9.3/../../../arm-none-eabi/lib/armv7e-m/fpu/libc_nano.a(lib_a-__atexit.o)
memcpy                                            /usr/lib/gcc/arm-none-eabi/4.9.3/../../../arm-none-eabi/lib/armv7e-m/fpu/libc_nano.a(lib_a-memcpy.o)
                                                  build/queue.o
memset                                            /usr/lib/gcc/arm-none-eabi/4.9.3/../../../arm-none-eabi/lib/armv7e-m/fpu/libc_nano.a(lib_a-memset.o)
                                                  /usr/lib/gcc/arm-none-eabi/4.9.3/../../../arm-none-eabi/lib/armv7e-m/fpu/crt0.o
osAbortDelay                                      build/cmsis_os.o
osDelay                                           build/cmsis_os.o
                                                  build/main.o
osDelayUntil                                      build/cmsis_os.o
                                                  build/main.o
osKernelRunning                                   build/cmsis_os.o
osKernelStart                                     build/cmsis_os.o
                                                  build/main.o
osKernelSysTick                                   build/cmsis_os.o
                                                  build/main.o
osMailAlloc                                       build/cmsis_os.o
osMailCAlloc                                      build/cmsis_os.o
osMailCreate                                      build/cmsis_os.o
osMailFree                                        build/cmsis_os.o
osMailGet                                         build/cmsis_os.o
osMailPut                                         build/cmsis_os.o
osMessageAvailableSpace                           build/cmsis_os.o
osMessageCreate                                   build/cmsis_os.o
osMessageDelete                                   build/cmsis_os.o
osMessageGet                                      build/cmsis_os.o
osMessagePeek                                     build/cmsis_os.o
osMessagePut                                      build/cmsis_os.o
osMessageWaiting                                  build/cmsis_os.o
osMutexCreate                                     build/cmsis_os.o
osMutexDelete                                     build/cmsis_os.o
osMutexRelease                                    build/cmsis_os.o
osMutexWait                                       build/cmsis_os.o
osPoolAlloc                                       build/cmsis_os.o
osPoolCAlloc                                      build/cmsis_os.o
osPoolCreate                                      build/cmsis_os.o
osPoolFree                                        build/cmsis_os.o
osRecursiveMutexCreate                            build/cmsis_os.o
osRecursiveMutexRelease                           build/cmsis_os.o
osRecursiveMutexWait                              build/cmsis_os.o
osSemaphoreCreate                                 build/cmsis_os.o
osSemaphoreDelete                                 build/cmsis_os.o
osSemaphoreGetCount                               build/cmsis_os.o
osSemaphoreRelease                                build/cmsis_os.o
osSemaphoreWait                                   build/cmsis_os.o
osSignalSet                                       build/cmsis_os.o
osSignalWait                                      build/cmsis_os.o